{"phase": "Adam", "step": 0, "total": 53901.24474616073, "pde": 53660.30763093268, "constitutive": 0.0, "interface_temperature": 0.0467054269745342, "interface_flux": 2.284298219104124, "energy": 17.138870606247767}
{"phase": "Adam", "step": 200, "total": 5.044758381768258, "pde": 3.060225529618997, "constitutive": 0.0, "interface_temperature": 6.071754031263018e-05, "interface_flux": 0.11627244052914434, "energy": 0.07610909065451865}
{"phase": "Adam", "step": 400, "total": 3.5345531532109127, "pde": 1.8367611484496256, "constitutive": 0.0, "interface_temperature": 1.7398818739585482e-05, "interface_flux": 0.10497129975628276, "energy": 0.06306801884588736}
{"phase": "Adam", "step": 600, "total": 2.444081310312023, "pde": 0.9851795747703999, "constitutive": 0.0, "interface_temperature": 9.340860259346948e-06, "interface_flux": 0.09109447470215873, "energy": 0.053861612826068876}
{"phase": "Adam", "step": 800, "total": 1.7644314985044107, "pde": 0.5053440611281466, "constitutive": 0.0, "interface_temperature": 5.086829674471317e-06, "interface_flux": 0.07896691897128279, "energy": 0.0464331417988965}
{"phase": "Adam", "step": 1000, "total": 1.395788137563084, "pde": 0.28962474513828024, "constitutive": 0.0, "interface_temperature": 2.5056009816944275e-06, "interface_flux": 0.0695302466579695, "energy": 0.04083553248634145}
{"phase": "Adam", "step": 1200, "total": 1.2131759274805556, "pde": 0.21646850676312918, "constitutive": 0.0, "interface_temperature": 1.144267981385219e-06, "interface_flux": 0.06269262128480478, "energy": 0.03686369398879935}
{"phase": "Adam", "step": 1400, "total": 1.1244395030806844, "pde": 0.20255042948818275, "constitutive": 0.0, "interface_temperature": 5.245687888170115e-07, "interface_flux": 0.0579757571377875, "energy": 0.03416069334258096}
{"phase": "LBFGS", "step": 250, "total": 0.10681709640138193, "pde": 0.08894679169324601, "constitutive": 0.0, "interface_temperature": 1.4902666398273358e-06, "interface_flux": 0.001379667641446212, "energy": 0.00025833616538464593}
{"phase": "LBFGS", "step": 500, "total": 0.04650472319500916, "pde": 0.04402604968719896, "constitutive": 0.0, "interface_temperature": 4.03133301905154e-07, "interface_flux": 9.775402768704901e-05, "energy": 0.0001097999929034556}
{"phase": "LBFGS", "step": 750, "total": 0.0360592058944301, "pde": 0.03419672838655646, "constitutive": 0.0, "interface_temperature": 1.7784611275510375e-07, "interface_flux": 0.0001262352746270687, "energy": 4.222786488478453e-05}
{"phase": "LBFGS", "step": 1000, "total": 0.03301130634075406, "pde": 0.03097393310352296, "constitutive": 0.0, "interface_temperature": 2.6451452077408214e-07, "interface_flux": 0.00010077374163125778, "energy": 7.651213001444412e-05}
{"phase": "LBFGS", "step": 1250, "total": 0.03020235192131257, "pde": 0.02909798929098346, "constitutive": 0.0, "interface_temperature": 1.755635245686895e-07, "interface_flux": 6.269896337086884e-05, "energy": 3.018094720517316e-05}
{"phase": "LBFGS", "step": 1500, "total": 0.02855074390080047, "pde": 0.027373521564863765, "constitutive": 0.0, "interface_temperature": 3.5778595644621163e-07, "interface_flux": 5.236033518044466e-05, "energy": 2.9583302768604338e-05}
{"phase": "LBFGS", "step": 1750, "total": 0.026731526074167646, "pde": 0.02545584122290222, "constitutive": 0.0, "interface_temperature": 3.74269966211136e-07, "interface_flux": 6.99810077646267e-05, "energy": 2.016048074080245e-05}
{"phase": "LBFGS", "step": 2000, "total": 0.025699881016346807, "pde": 0.024636336623438365, "constitutive": 0.0, "interface_temperature": 2.3964323281597285e-07, "interface_flux": 7.078068656654016e-05, "energy": 1.1609429442706676e-05}
{"phase": "LBFGS", "step": 2250, "total": 0.024459761092267805, "pde": 0.023508940356325277, "constitutive": 0.0, "interface_temperature": 2.5258278072130544e-07, "interface_flux": 4.616893375718345e-05, "energy": 2.3654861764938866e-05}
{"phase": "LBFGS", "step": 2500, "total": 0.02337158013579032, "pde": 0.022304651282607536, "constitutive": 0.0, "interface_temperature": 2.3974293534097227e-07, "interface_flux": 5.745556242586943e-05, "energy": 2.5263029358311794e-05}
{"phase": "LBFGS", "step": 2750, "total": 0.022246457956535928, "pde": 0.021289901535549625, "constitutive": 0.0, "interface_temperature": 2.3182729350709248e-07, "interface_flux": 6.169065689682143e-05, "energy": 1.0782255851099543e-05}
{"phase": "LBFGS", "step": 3000, "total": 0.021018329838733238, "pde": 0.020058160380907183, "constitutive": 0.0, "interface_temperature": 2.1138146864254636e-07, "interface_flux": 5.542641573403061e-05, "energy": 1.9452383184320245e-05}
{"phase": "LBFGS", "step": 3250, "total": 0.01983195205454146, "pde": 0.018761919306128177, "constitutive": 0.0, "interface_temperature": 2.1699777280616352e-07, "interface_flux": 7.560785560846621e-05, "energy": 9.69564195224595e-06}
{"case": "xlpe_single", "variant": "subdomain", "Tmax_C": 36.54132599278434, "accepted": true, "seconds": 495.6901577000026}
