{"phase": "Adam", "step": 0, "total": 93161.9432257233, "pde": 52395.20695944783, "constitutive": 0.0, "interface_temperature": 0.09611094589830957, "interface_flux": 75.7629142195875, "energy": 3904.79976650965}
{"phase": "Adam", "step": 200, "total": 7.538709373540186, "pde": 4.703953437369279, "constitutive": 0.0, "interface_temperature": 2.5278758975365792e-05, "interface_flux": 0.14117572457153535, "energy": 0.11702111007018957}
{"phase": "Adam", "step": 400, "total": 4.25459074663535, "pde": 3.2439396784306633, "constitutive": 0.0, "interface_temperature": 4.156474696826652e-06, "interface_flux": 0.05660580547725628, "energy": 0.04030282664638577}
{"phase": "Adam", "step": 600, "total": 2.884199421435424, "pde": 2.228847173725426, "constitutive": 0.0, "interface_temperature": 9.661400147380349e-07, "interface_flux": 0.04144602009774345, "energy": 0.023123064658518294}
{"phase": "Adam", "step": 800, "total": 2.2197401968762116, "pde": 1.6769969712168005, "constitutive": 0.0, "interface_temperature": 3.5853504972413145e-07, "interface_flux": 0.034273158883445794, "energy": 0.01964262863277119}
{"phase": "Adam", "step": 1000, "total": 1.883796546033956, "pde": 1.3840827261634312, "constitutive": 0.0, "interface_temperature": 2.3463998105816697e-07, "interface_flux": 0.031323109773343495, "energy": 0.01841363223265083}
{"phase": "Adam", "step": 1200, "total": 1.6866121295044776, "pde": 1.2134269857902895, "constitutive": 0.0, "interface_temperature": 2.0140126636954166e-07, "interface_flux": 0.029729752739057754, "energy": 0.01738736036599152}
{"phase": "Adam", "step": 1400, "total": 1.5484855837847304, "pde": 1.0934576954955297, "constitutive": 0.0, "interface_temperature": 1.77592320655971e-07, "interface_flux": 0.028634761665084496, "energy": 0.016690434843179596}
{"phase": "LBFGS", "step": 250, "total": 0.0845923821650885, "pde": 0.06022307560332526, "constitutive": 0.0, "interface_temperature": 2.627627912745788e-07, "interface_flux": 0.001663361223459545, "energy": 0.0005108066414422014}
{"phase": "LBFGS", "step": 500, "total": 0.04262895877770139, "pde": 0.037770240311450196, "constitutive": 0.0, "interface_temperature": 1.0817792071209239e-07, "interface_flux": 0.0002632343551486328, "energy": 0.00011445957076439476}
{"phase": "LBFGS", "step": 750, "total": 0.032657729145899816, "pde": 0.030653451078690528, "constitutive": 0.0, "interface_temperature": 4.9330614015983945e-08, "interface_flux": 9.760012607523149e-05, "energy": 5.3497066629713045e-05}
{"phase": "LBFGS", "step": 1000, "total": 0.029857695265391518, "pde": 0.028208036640908277, "constitutive": 0.0, "interface_temperature": 4.6198604900477346e-08, "interface_flux": 9.613146425169197e-05, "energy": 2.2635793296154877e-05}
{"phase": "LBFGS", "step": 1250, "total": 0.028445868073600142, "pde": 0.027075389596943625, "constitutive": 0.0, "interface_temperature": 4.6099091894431714e-08, "interface_flux": 6.599600834833751e-05, "energy": 2.4952747422882653e-05}
{"phase": "LBFGS", "step": 1500, "total": 0.02752292817526923, "pde": 0.026389079087326517, "constitutive": 0.0, "interface_temperature": 3.676437589389509e-08, "interface_flux": 4.9986920592947595e-05, "energy": 2.6633612307428458e-05}
{"phase": "LBFGS", "step": 1750, "total": 0.026573365663740346, "pde": 0.02539923377347839, "constitutive": 0.0, "interface_temperature": 2.635248216472791e-08, "interface_flux": 5.8049119470684443e-05, "energy": 3.301158739078328e-05}
{"phase": "LBFGS", "step": 2000, "total": 0.0258809539041534, "pde": 0.024841931108486082, "constitutive": 0.0, "interface_temperature": 2.1258184313583872e-08, "interface_flux": 6.296077036742222e-05, "energy": 1.9683324885725562e-05}
{"phase": "LBFGS", "step": 2250, "total": 0.025039726219415432, "pde": 0.023905411918414787, "constitutive": 0.0, "interface_temperature": 2.7556221437523324e-08, "interface_flux": 5.987072737532532e-05, "energy": 2.600448128721581e-05}
{"phase": "LBFGS", "step": 2500, "total": 0.023882078022489525, "pde": 0.02242376026193909, "constitutive": 0.0, "interface_temperature": 3.3726082493312776e-08, "interface_flux": 7.047879916323531e-05, "energy": 4.162689439849523e-05}
{"phase": "LBFGS", "step": 2750, "total": 0.022445579009397598, "pde": 0.021128307934871554, "constitutive": 0.0, "interface_temperature": 3.8058739933038366e-08, "interface_flux": 8.035681533608547e-05, "energy": 1.3311552183480513e-05}
{"phase": "LBFGS", "step": 3000, "total": 0.021116571485989256, "pde": 0.01973801056603589, "constitutive": 0.0, "interface_temperature": 6.268187874805459e-08, "interface_flux": 6.52863395981008e-05, "energy": 9.887873649181352e-06}
{"phase": "LBFGS", "step": 3250, "total": 0.020150430698733318, "pde": 0.018804669963882182, "constitutive": 0.0, "interface_temperature": 5.938623785413378e-08, "interface_flux": 6.183448469442752e-05, "energy": 1.3355350936552191e-05}
{"case": "xlpe_single", "variant": "subdomain", "Tmax_C": 36.57452449075936, "accepted": true, "seconds": 394.6091929999966}
