{"phase": "Adam", "step": 0, "total": 74771.0389129162, "pde": 68360.13786674704, "constitutive": 0.0, "interface_temperature": 0.9039167151187386, "interface_flux": 11.954248787913961, "energy": 620.0966886778157}
{"phase": "Adam", "step": 200, "total": 5.08997620737931, "pde": 4.137345801875574, "constitutive": 0.0, "interface_temperature": 0.0014861487506960494, "interface_flux": 0.05751118990243976, "energy": 0.02289036314097339}
{"phase": "Adam", "step": 400, "total": 3.012956186680087, "pde": 2.023889804236675, "constitutive": 0.0, "interface_temperature": 0.00020349989669760833, "interface_flux": 0.06476160919602605, "energy": 0.03211003008133906}
{"phase": "Adam", "step": 600, "total": 1.9309331214079797, "pde": 0.9198608758548601, "constitutive": 0.0, "interface_temperature": 4.5783605859926876e-05, "interface_flux": 0.06667594465499202, "energy": 0.033973443841720644}
{"phase": "Adam", "step": 800, "total": 1.4180990108265275, "pde": 0.42681437717222087, "constitutive": 0.0, "interface_temperature": 2.3387558133245883e-05, "interface_flux": 0.06554013867649362, "energy": 0.0333544491076046}
{"phase": "Adam", "step": 1000, "total": 1.2094568685003806, "pde": 0.2543697289552165, "constitutive": 0.0, "interface_temperature": 1.4792810741385317e-05, "interface_flux": 0.0630342022957316, "energy": 0.032326583551370955}
{"phase": "Adam", "step": 1200, "total": 1.1286795149476467, "pde": 0.20624334874947692, "constitutive": 0.0, "interface_temperature": 1.0618754188600683e-05, "interface_flux": 0.060346300196300454, "energy": 0.03179112888163052}
{"phase": "Adam", "step": 1400, "total": 1.0686355932621137, "pde": 0.1879413565096336, "constitutive": 0.0, "interface_temperature": 1.1853035239315267e-05, "interface_flux": 0.057357545408045926, "energy": 0.030593347914808916}
{"phase": "LBFGS", "step": 250, "total": 0.09286301548761586, "pde": 0.05939639803016828, "constitutive": 0.0, "interface_temperature": 4.931115066317401e-05, "interface_flux": 0.002391877287095014, "energy": 0.0004616729520180027}
{"phase": "LBFGS", "step": 500, "total": 0.05067040878059789, "pde": 0.03935870449109924, "constitutive": 0.0, "interface_temperature": 2.227231168821976e-05, "interface_flux": 0.0008347317540660559, "energy": 7.37155580016121e-05}
{"phase": "LBFGS", "step": 750, "total": 0.03973015943824021, "pde": 0.03271508054962408, "constitutive": 0.0, "interface_temperature": 2.9799043609637857e-05, "interface_flux": 0.0003794365793839715, "energy": 2.4080873381262216e-05}
{"phase": "LBFGS", "step": 1000, "total": 0.03512581174766313, "pde": 0.029515437560579835, "constitutive": 0.0, "interface_temperature": 2.9365153253454754e-05, "interface_flux": 0.00022984575316151675, "energy": 3.7540133012265234e-05}
{"phase": "LBFGS", "step": 1250, "total": 0.03247501581235083, "pde": 0.027786135199714315, "constitutive": 0.0, "interface_temperature": 1.997196147104799e-05, "interface_flux": 0.00021700055936469905, "energy": 5.2167887188472214e-05}
{"phase": "LBFGS", "step": 1500, "total": 0.029942342039354634, "pde": 0.026392891939841664, "constitutive": 0.0, "interface_temperature": 1.2798849982751763e-05, "interface_flux": 0.00020313333981461306, "energy": 2.3823170309166298e-05}
{"phase": "LBFGS", "step": 1750, "total": 0.026619680007301947, "pde": 0.02366829004903913, "constitutive": 0.0, "interface_temperature": 1.0039159091613505e-05, "interface_flux": 0.00018259092402259555, "energy": 1.2156480887551154e-05}
{"phase": "LBFGS", "step": 2000, "total": 0.02252859648291533, "pde": 0.019374164389160554, "constitutive": 0.0, "interface_temperature": 7.438595504790041e-06, "interface_flux": 0.00021607012983658336, "energy": 2.4987124490993848e-05}
{"phase": "LBFGS", "step": 2250, "total": 0.018240923718636375, "pde": 0.015372603174467703, "constitutive": 0.0, "interface_temperature": 8.326781157686092e-06, "interface_flux": 0.00018568530178696987, "energy": 1.787894105303663e-05}
{"phase": "LBFGS", "step": 2500, "total": 0.014317689849617753, "pde": 0.010998200709828078, "constitutive": 0.0, "interface_temperature": 1.2166587100481043e-05, "interface_flux": 0.00020859841243567936, "energy": 1.684630538477696e-06}
{"phase": "LBFGS", "step": 2750, "total": 0.011335573392006281, "pde": 0.008315210977966442, "constitutive": 0.0, "interface_temperature": 7.511244165414295e-06, "interface_flux": 0.0002260882113797494, "energy": 8.35588370091515e-07}
{"phase": "LBFGS", "step": 3000, "total": 0.008704094838792722, "pde": 0.006082971533622681, "constitutive": 0.0, "interface_temperature": 4.362200958833845e-06, "interface_flux": 0.00021043893414015872, "energy": 8.05138678850684e-06}
{"phase": "LBFGS", "step": 3250, "total": 0.009064928207664039, "pde": 0.006608694147146689, "constitutive": 0.0, "interface_temperature": 7.895133586195474e-06, "interface_flux": 0.0001613091866730278, "energy": 5.362883516752328e-06}
{"case": "xlpe_discrete_layers", "variant": "subdomain", "Tmax_C": 37.245336307987856, "accepted": false, "seconds": 454.1701331000004}
