
COMMAND C:\usr\ths_mia_fiis\tesis_MIA_lk\.venv-benchmarks-repro\Scripts\python.exe -m pip install torch==2.9.0 --index-url https://download.pytorch.org/whl/cpu
Looking in indexes: https://download.pytorch.org/whl/cpu
Collecting torch==2.9.0
  Downloading https://download-r2.pytorch.org/whl/cpu/torch-2.9.0%2Bcpu-cp312-cp312-win_amd64.whl.metadata (29 kB)
Collecting filelock (from torch==2.9.0)
  Downloading filelock-3.32.3-py3-none-any.whl.metadata (2.0 kB)
Collecting typing-extensions>=4.10.0 (from torch==2.9.0)
  Downloading typing_extensions-4.16.0-py3-none-any.whl.metadata (3.3 kB)
Collecting sympy>=1.13.3 (from torch==2.9.0)
  Using cached sympy-1.14.0-py3-none-any.whl.metadata (12 kB)
Collecting networkx>=2.5.1 (from torch==2.9.0)
  Using cached networkx-3.6.1-py3-none-any.whl.metadata (6.8 kB)
Collecting jinja2 (from torch==2.9.0)
  Downloading https://download.pytorch.org/whl/jinja2-3.1.6-py3-none-any.whl.metadata (2.9 kB)
Collecting fsspec>=0.8.5 (from torch==2.9.0)
  Downloading fsspec-2026.7.0-py3-none-any.whl.metadata (10 kB)
Collecting setuptools (from torch==2.9.0)
  Downloading https://download.pytorch.org/whl/setuptools-78.1.0-py3-none-any.whl.metadata (6.6 kB)
Collecting mpmath<1.4,>=1.1.0 (from sympy>=1.13.3->torch==2.9.0)
  Using cached mpmath-1.3.0-py3-none-any.whl.metadata (8.6 kB)
Collecting MarkupSafe>=2.0 (from jinja2->torch==2.9.0)
  Downloading https://download.pytorch.org/whl/markupsafe-3.0.3-cp312-cp312-win_amd64.whl.metadata (2.8 kB)
Downloading https://download-r2.pytorch.org/whl/cpu/torch-2.9.0%2Bcpu-cp312-cp312-win_amd64.whl (109.2 MB)
   -------------------------------------- 109.2/109.2 MB 566.2 kB/s eta 0:00:00
Downloading fsspec-2026.7.0-py3-none-any.whl (206 kB)
Using cached networkx-3.6.1-py3-none-any.whl (2.1 MB)
Using cached sympy-1.14.0-py3-none-any.whl (6.3 MB)
Downloading typing_extensions-4.16.0-py3-none-any.whl (45 kB)
Downloading filelock-3.32.3-py3-none-any.whl (98 kB)
Downloading https://download.pytorch.org/whl/jinja2-3.1.6-py3-none-any.whl (134 kB)
Downloading https://download.pytorch.org/whl/setuptools-78.1.0-py3-none-any.whl (1.3 MB)
   ---------------------------------------- 1.3/1.3 MB 935.1 kB/s eta 0:00:00
Downloading https://download.pytorch.org/whl/markupsafe-3.0.3-cp312-cp312-win_amd64.whl (15 kB)
Using cached mpmath-1.3.0-py3-none-any.whl (536 kB)
Installing collected packages: mpmath, typing-extensions, sympy, setuptools, networkx, MarkupSafe, fsspec, filelock, jinja2, torch
Successfully installed MarkupSafe-3.0.3 filelock-3.32.3 fsspec-2026.7.0 jinja2-3.1.6 mpmath-1.3.0 networkx-3.6.1 setuptools-78.1.0 sympy-1.14.0 torch-2.9.0+cpu typing-extensions-4.16.0

COMMAND C:\usr\ths_mia_fiis\tesis_MIA_lk\.venv-benchmarks-repro\Scripts\python.exe -m pip install numpy==2.3.4 pytest==8.4.2
Collecting numpy==2.3.4
  Downloading numpy-2.3.4-cp312-cp312-win_amd64.whl.metadata (60 kB)
Collecting pytest==8.4.2
  Using cached pytest-8.4.2-py3-none-any.whl.metadata (7.7 kB)
Collecting colorama>=0.4 (from pytest==8.4.2)
  Using cached colorama-0.4.6-py2.py3-none-any.whl.metadata (17 kB)
Collecting iniconfig>=1 (from pytest==8.4.2)
  Using cached iniconfig-2.3.0-py3-none-any.whl.metadata (2.5 kB)
Collecting packaging>=20 (from pytest==8.4.2)
  Using cached packaging-26.3-py3-none-any.whl.metadata (3.5 kB)
Collecting pluggy<2,>=1.5 (from pytest==8.4.2)
  Using cached pluggy-1.6.0-py3-none-any.whl.metadata (4.8 kB)
Collecting pygments>=2.7.2 (from pytest==8.4.2)
  Downloading pygments-2.21.0-py3-none-any.whl.metadata (2.5 kB)
Downloading numpy-2.3.4-cp312-cp312-win_amd64.whl (12.8 MB)
   ---------------------------------------- 12.8/12.8 MB 458.4 kB/s eta 0:00:00
Using cached pytest-8.4.2-py3-none-any.whl (365 kB)
Using cached colorama-0.4.6-py2.py3-none-any.whl (25 kB)
Using cached iniconfig-2.3.0-py3-none-any.whl (7.5 kB)
Using cached packaging-26.3-py3-none-any.whl (129 kB)
Using cached pluggy-1.6.0-py3-none-any.whl (20 kB)
Downloading pygments-2.21.0-py3-none-any.whl (1.3 MB)
   ---------------------------------------- 1.3/1.3 MB 843.0 kB/s eta 0:00:00
Installing collected packages: pygments, pluggy, packaging, numpy, iniconfig, colorama, pytest
Successfully installed colorama-0.4.6 iniconfig-2.3.0 numpy-2.3.4 packaging-26.3 pluggy-1.6.0 pygments-2.21.0 pytest-8.4.2

[notice] A new release of pip is available: 24.3.1 -> 26.2.1
[notice] To update, run: C:\usr\ths_mia_fiis\tesis_MIA_lk\.venv-benchmarks-repro\Scripts\python.exe -m pip install --upgrade pip

COMMAND C:\usr\ths_mia_fiis\tesis_MIA_lk\.venv-benchmarks-repro\Scripts\python.exe -m pytest Benchmarks/tests -q
..........................                                               [100%]
26 passed in 13.88s

COMMAND C:\usr\ths_mia_fiis\tesis_MIA_lk\.venv-benchmarks-repro\Scripts\python.exe Benchmarks/pinn.py --cases mms_constant --seeds 11 --threads 1 --output Benchmarks/reproducibility_runs
PINN mms_constant seed 11
{"case": "mms_constant", "seed": 11, "Tmax_C": 49.999845773580425, "balance_pct": 0.002254790514015779, "rmse": 0.0019865082491165795, "seconds": 83.88334190000023}

COMMAND C:\usr\ths_mia_fiis\tesis_MIA_lk\.venv-benchmarks-repro\Scripts\python.exe Benchmarks/pinn.py --cases xlpe_single --seeds 11 --threads 1 --coupled --variant multipole --lbfgs 1600 --output Benchmarks/reproducibility_runs
PINN xlpe_single seed 11
{"case": "xlpe_single", "seed": 11, "Tmax_C": 38.061060260240396, "balance_pct": 0.0015952824552418526, "rmse": 0.006316092463241647, "seconds": 323.9716543999966}
