{"phase": "Adam", "step": 0, "total": 6586.433056567309, "pde": 5995.975484910249, "constitutive": 0.0, "interface_temperature": 0.03728589831785106, "interface_flux": 3.4250010545782015, "energy": 55.24789712794925}
{"phase": "Adam", "step": 200, "total": 1.3188852492924186, "pde": 0.3294978635923956, "constitutive": 0.0, "interface_temperature": 0.000125082420425861, "interface_flux": 0.06212011530281051, "energy": 0.035567799062933184}
{"phase": "Adam", "step": 400, "total": 1.1691250724438025, "pde": 0.1920900764178411, "constitutive": 0.0, "interface_temperature": 5.765477121096412e-05, "interface_flux": 0.0613928534615292, "energy": 0.03573409842895729}
{"phase": "Adam", "step": 600, "total": 1.1220073133204713, "pde": 0.18245348547995208, "constitutive": 0.0, "interface_temperature": 2.6816079661912147e-05, "interface_flux": 0.059068693836390664, "energy": 0.03461852815104215}
{"phase": "Adam", "step": 800, "total": 1.0817660246652867, "pde": 0.17283212963860373, "constitutive": 0.0, "interface_temperature": 1.246983991232129e-05, "interface_flux": 0.057148241143246674, "energy": 0.03362044996029842}
{"phase": "Adam", "step": 1000, "total": 1.039550343349134, "pde": 0.16238891505277364, "constitutive": 0.0, "interface_temperature": 5.56580527028044e-06, "interface_flux": 0.055132360848608696, "energy": 0.03252812392832454}
{"phase": "Adam", "step": 1200, "total": 0.995048140671146, "pde": 0.1530705679307363, "constitutive": 0.0, "interface_temperature": 2.561192856094138e-06, "interface_flux": 0.05289035061760425, "energy": 0.031281794727875775}
{"phase": "Adam", "step": 1400, "total": 0.9479734387315579, "pde": 0.14529947270306665, "constitutive": 0.0, "interface_temperature": 1.4406779889185117e-06, "interface_flux": 0.050387970217593586, "energy": 0.029865019605366364}
{"phase": "LBFGS", "step": 250, "total": 0.081583323171944, "pde": 0.05746932437475212, "constitutive": 0.0, "interface_temperature": 2.0902812110076948e-05, "interface_flux": 0.001734112762843793, "energy": 0.00046825899577462616}
{"phase": "LBFGS", "step": 500, "total": 0.04873092119544675, "pde": 0.03756308727202502, "constitutive": 0.0, "interface_temperature": 1.4262955354915012e-05, "interface_flux": 0.0009041170309410221, "energy": 7.003680785200103e-05}
{"phase": "LBFGS", "step": 750, "total": 0.04369372575663933, "pde": 0.035167254589086344, "constitutive": 0.0, "interface_temperature": 2.743000719282311e-05, "interface_flux": 0.0005264177427480199, "energy": 5.1929302079047496e-05}
{"phase": "LBFGS", "step": 1000, "total": 0.03822396393911807, "pde": 0.03202339089707959, "constitutive": 0.0, "interface_temperature": 2.526375214849605e-05, "interface_flux": 0.00029813210497944197, "energy": 6.928767773944515e-05}
{"phase": "LBFGS", "step": 1250, "total": 0.0362939937524551, "pde": 0.030577999853030037, "constitutive": 0.0, "interface_temperature": 2.02394543008982e-05, "interface_flux": 0.00032347542838205426, "energy": 4.572941855147014e-05}
{"phase": "LBFGS", "step": 1500, "total": 0.032638582508974646, "pde": 0.027867174186409657, "constitutive": 0.0, "interface_temperature": 1.899264991453357e-05, "interface_flux": 0.00021957659277861545, "energy": 6.763774033254774e-05}
{"phase": "LBFGS", "step": 1750, "total": 0.029234755109003287, "pde": 0.025368695150047516, "constitutive": 0.0, "interface_temperature": 1.6789565695016907e-05, "interface_flux": 0.00018501348598540558, "energy": 3.3696852960002214e-05}
{"phase": "LBFGS", "step": 2000, "total": 0.02589841672310517, "pde": 0.02238830526088264, "constitutive": 0.0, "interface_temperature": 1.20577907930654e-05, "interface_flux": 0.0002145368085862787, "energy": 1.5896429705320112e-05}
{"phase": "LBFGS", "step": 2250, "total": 0.020147537094405355, "pde": 0.01593606176580846, "constitutive": 0.0, "interface_temperature": 1.572649696006772e-05, "interface_flux": 0.0002467071212026914, "energy": 1.71754420563209e-05}
{"phase": "LBFGS", "step": 2500, "total": 0.01138490587291698, "pde": 0.008066820127736915, "constitutive": 0.0, "interface_temperature": 6.7749460443547584e-06, "interface_flux": 0.0002578334682856676, "energy": 6.2256457887913005e-06}
{"phase": "LBFGS", "step": 2750, "total": 0.008469005582309962, "pde": 0.005784096523668395, "constitutive": 0.0, "interface_temperature": 7.885110353281377e-06, "interface_flux": 0.00018156625026872691, "energy": 8.073552062616047e-06}
{"phase": "LBFGS", "step": 3000, "total": 0.007735264550015601, "pde": 0.0049150635049918555, "constitutive": 0.0, "interface_temperature": 6.284452036470178e-06, "interface_flux": 0.00020760151492318942, "energy": 1.1574069214483376e-05}
{"phase": "LBFGS", "step": 3250, "total": 0.006164546614918612, "pde": 0.0042821307382671725, "constitutive": 0.0, "interface_temperature": 6.897925332923315e-06, "interface_flux": 0.00011816772429346058, "energy": 1.0946100424502324e-06}
{"case": "xlpe_discrete_layers", "variant": "subdomain", "Tmax_C": 37.17598268835432, "accepted": false, "seconds": 496.8205154000025}
