{"phase": "Adam", "step": 0, "total": 15016.964474788369, "pde": 8699.986921410324, "constitutive": 0.0, "interface_temperature": 0.003459537794111344, "interface_flux": 32.0145813257986, "energy": 599.3372202325947}
{"phase": "Adam", "step": 200, "total": 3.7416487941047447, "pde": 2.7881949329796902, "constitutive": 0.0, "interface_temperature": 8.617487402805717e-05, "interface_flux": 0.05346654459596182, "energy": 0.0332613541137379}
{"phase": "Adam", "step": 400, "total": 2.0808010788090363, "pde": 1.0777763800087479, "constitutive": 0.0, "interface_temperature": 7.464043400328634e-07, "interface_flux": 0.06404306333947571, "energy": 0.03618476610654984}
{"phase": "Adam", "step": 600, "total": 1.7170520685216366, "pde": 0.6167900310537134, "constitutive": 0.0, "interface_temperature": 5.456398588705016e-07, "interface_flux": 0.06995946441153902, "energy": 0.04001217534936625}
{"phase": "Adam", "step": 800, "total": 1.5710227541585127, "pde": 0.4364904939162519, "constitutive": 0.0, "interface_temperature": 2.4548544422030157e-07, "interface_flux": 0.07189504347325357, "energy": 0.04153363400655048}
{"phase": "Adam", "step": 1000, "total": 1.493403616340642, "pde": 0.35612466596836434, "constitutive": 0.0, "interface_temperature": 1.5201676384746567e-07, "interface_flux": 0.07186973594966363, "energy": 0.04184295741117937}
{"phase": "Adam", "step": 1200, "total": 1.437733695078636, "pde": 0.3156494823995078, "constitutive": 0.0, "interface_temperature": 1.2921956488270206e-07, "interface_flux": 0.07076898647928054, "energy": 0.041426512832144}
{"phase": "Adam", "step": 1400, "total": 1.3871713358932318, "pde": 0.2906649626888987, "constitutive": 0.0, "interface_temperature": 1.2272949393688946e-07, "interface_flux": 0.06905999959232144, "energy": 0.04057836477871818}
{"phase": "LBFGS", "step": 250, "total": 0.15054053210757767, "pde": 0.1204680881195392, "constitutive": 0.0, "interface_temperature": 2.0590209816665555e-06, "interface_flux": 0.0020442217959437668, "energy": 0.0007571205046934248}
{"phase": "LBFGS", "step": 500, "total": 0.08807508822859493, "pde": 0.07437260074083646, "constitutive": 0.0, "interface_temperature": 2.0656397801227334e-06, "interface_flux": 0.00047675818061207855, "energy": 0.0006869265901514945}
{"phase": "LBFGS", "step": 750, "total": 0.07215262695075916, "pde": 0.06467281534829078, "constitutive": 0.0, "interface_temperature": 6.36081515875797e-07, "interface_flux": 0.0004575361558351265, "energy": 0.000226836852824132}
{"phase": "LBFGS", "step": 1000, "total": 0.0677356615355807, "pde": 0.061850960963197726, "constitutive": 0.0, "interface_temperature": 2.3652631281945184e-07, "interface_flux": 0.0003232053524079309, "energy": 0.0002416120735484206}
{"phase": "LBFGS", "step": 1250, "total": 0.06430096398947015, "pde": 0.059727917494323636, "constitutive": 0.0, "interface_temperature": 1.1197449118892463e-07, "interface_flux": 0.0002999717110871008, "energy": 0.00014613548930865713}
{"phase": "LBFGS", "step": 1500, "total": 0.06225737189271036, "pde": 0.05856959854397598, "constitutive": 0.0, "interface_temperature": 1.6255631540444324e-07, "interface_flux": 0.0002623548714009483, "energy": 9.016683193204588e-05}
{"phase": "LBFGS", "step": 1750, "total": 0.060084822931947314, "pde": 0.056261459795694385, "constitutive": 0.0, "interface_temperature": 1.6659888128888203e-07, "interface_flux": 0.0002552315980229891, "energy": 0.00011044482747341578}
{"phase": "LBFGS", "step": 2000, "total": 0.0584776258133498, "pde": 0.05497828966520767, "constitutive": 0.0, "interface_temperature": 1.9005594562320344e-07, "interface_flux": 0.00021705144082116088, "energy": 0.00011387657943073127}
{"phase": "LBFGS", "step": 2250, "total": 0.057407968362927775, "pde": 0.05391262384075545, "constitutive": 0.0, "interface_temperature": 1.5076204524464973e-07, "interface_flux": 0.00022191084003773538, "energy": 0.00011254740765503246}
{"phase": "LBFGS", "step": 2500, "total": 0.055739268242262364, "pde": 0.05273624269933599, "constitutive": 0.0, "interface_temperature": 1.118665715824254e-07, "interface_flux": 0.00018014098935245867, "energy": 0.0001089749077819371}
{"phase": "LBFGS", "step": 2750, "total": 0.0550674708760887, "pde": 0.052385359241073175, "constitutive": 0.0, "interface_temperature": 1.5730927099381436e-07, "interface_flux": 0.00018080198182584336, "energy": 7.167825457632843e-05}
{"phase": "LBFGS", "step": 3000, "total": 0.054221123062256675, "pde": 0.05125208318726056, "constitutive": 0.0, "interface_temperature": 1.4954575615196115e-07, "interface_flux": 0.00017995132393451476, "energy": 0.00010199808794990063}
{"phase": "LBFGS", "step": 3250, "total": 0.05312734459116259, "pde": 0.050443868040697504, "constitutive": 0.0, "interface_temperature": 9.53192977812123e-08, "interface_flux": 0.00016323635411838523, "energy": 9.55793711500024e-05}
{"case": "xlpe_backfill", "variant": "subdomain", "Tmax_C": 32.177824859955365, "accepted": false, "seconds": 510.6492464000039}
