{"phase": "Adam", "step": 0, "total": 1421.4068878047965, "pde": 814.8571861630721, "constitutive": 0.0, "interface_temperature": 0.0013472424044420413, "interface_flux": 0.26450769463508766, "energy": 59.04322006509529}
{"phase": "Adam", "step": 200, "total": 1.7906856924157333, "pde": 0.5334652489211109, "constitutive": 0.0, "interface_temperature": 6.523338437458019e-06, "interface_flux": 0.06580947884749655, "energy": 0.05338922706450766}
{"phase": "Adam", "step": 400, "total": 1.2162436887776968, "pde": 0.22651868979189874, "constitutive": 0.0, "interface_temperature": 5.675799941862231e-07, "interface_flux": 0.061427552938850084, "energy": 0.036977366965543504}
{"phase": "Adam", "step": 600, "total": 1.1334838832081937, "pde": 0.16382440715669006, "constitutive": 0.0, "interface_temperature": 1.9147340049041758e-07, "interface_flux": 0.06095452946587444, "energy": 0.03581994473878549}
{"phase": "Adam", "step": 800, "total": 1.6225167464896117, "pde": 0.46227404812746853, "constitutive": 0.0, "interface_temperature": 3.274648178594879e-07, "interface_flux": 0.06324307357387748, "energy": 0.052453731444477354}
{"phase": "Adam", "step": 1000, "total": 1.0562856095597084, "pde": 0.1365826073774273, "constitutive": 0.0, "interface_temperature": 2.7858959439101584e-08, "interface_flux": 0.057905433493128156, "energy": 0.03403700776566086}
{"phase": "Adam", "step": 1200, "total": 1.0269010897498998, "pde": 0.133360813900192, "constitutive": 0.0, "interface_temperature": 2.233937977354892e-08, "interface_flux": 0.05622207830805179, "energy": 0.033109609897145446}
{"phase": "Adam", "step": 1400, "total": 0.9988541431890872, "pde": 0.13190731006207052, "constitutive": 0.0, "interface_temperature": 2.5149542763308607e-08, "interface_flux": 0.05450747758299305, "energy": 0.032162056186945315}
{"phase": "LBFGS", "step": 250, "total": 0.09068609213682681, "pde": 0.08126511943952401, "constitutive": 0.0, "interface_temperature": 2.7760540953302564e-07, "interface_flux": 0.00044252021344371936, "energy": 0.00022197164675353469}
{"phase": "LBFGS", "step": 500, "total": 0.05105012378230033, "pde": 0.04513688991786378, "constitutive": 0.0, "interface_temperature": 1.5655499975533066e-07, "interface_flux": 0.0002837524365781881, "energy": 0.00015101595011013738}
{"phase": "LBFGS", "step": 750, "total": 0.038395933213771966, "pde": 0.03535559093518062, "constitutive": 0.0, "interface_temperature": 7.39634197357095e-08, "interface_flux": 0.00016522314909474657, "energy": 6.484765902867846e-05}
{"phase": "LBFGS", "step": 1000, "total": 0.03218243951201727, "pde": 0.03040259657821628, "constitutive": 0.0, "interface_temperature": 2.3301789342713026e-08, "interface_flux": 0.00010457864983109463, "energy": 5.010385420629075e-05}
{"phase": "LBFGS", "step": 1250, "total": 0.030610319903593166, "pde": 0.029364777932214054, "constitutive": 0.0, "interface_temperature": 2.3321540702588413e-08, "interface_flux": 6.541103077783411e-05, "energy": 3.582162565748874e-05}
{"phase": "LBFGS", "step": 1500, "total": 0.029483255211263243, "pde": 0.028211408915082767, "constitutive": 0.0, "interface_temperature": 2.906120785266391e-08, "interface_flux": 6.938399157718681e-05, "energy": 2.873943018819664e-05}
{"phase": "LBFGS", "step": 1750, "total": 0.02845617557977722, "pde": 0.027071310878190268, "constitutive": 0.0, "interface_temperature": 3.846396737169523e-08, "interface_flux": 7.856208286285107e-05, "energy": 2.146041992414888e-05}
{"phase": "LBFGS", "step": 2000, "total": 0.027469658494000283, "pde": 0.026124958771604024, "constitutive": 0.0, "interface_temperature": 4.52255079520317e-08, "interface_flux": 6.209480469699955e-05, "energy": 2.714965959059464e-05}
{"phase": "LBFGS", "step": 2250, "total": 0.02633667783498799, "pde": 0.024917266450547794, "constitutive": 0.0, "interface_temperature": 5.279472594608698e-08, "interface_flux": 7.004609476161689e-05, "energy": 1.9100317736315923e-05}
{"phase": "LBFGS", "step": 2500, "total": 0.02569304749403467, "pde": 0.024426320071407583, "constitutive": 0.0, "interface_temperature": 4.497005248671195e-08, "interface_flux": 6.155999134499128e-05, "energy": 2.0142698431005343e-05}
{"phase": "LBFGS", "step": 2750, "total": 0.024977381649359205, "pde": 0.023702373945659782, "constitutive": 0.0, "interface_temperature": 4.135614275037249e-08, "interface_flux": 5.973638982396267e-05, "energy": 2.6408237795607487e-05}
{"phase": "LBFGS", "step": 3000, "total": 0.024364964640653564, "pde": 0.02330515895210486, "constitutive": 0.0, "interface_temperature": 2.9366573998410937e-08, "interface_flux": 5.3469417339000814e-05, "energy": 2.3144577517458566e-05}
{"phase": "LBFGS", "step": 3250, "total": 0.023832255780081732, "pde": 0.0229624806445362, "constitutive": 0.0, "interface_temperature": 2.8017848075688394e-08, "interface_flux": 4.5945500084508615e-05, "energy": 1.301416539435636e-05}
{"case": "xlpe_single", "variant": "subdomain", "Tmax_C": 36.37538170072329, "accepted": true, "seconds": 393.7269935000004}
