{"phase": "Adam", "step": 0, "total": 393.7288671678624, "pde": 32.350833471531296, "constitutive": 0.0, "interface_temperature": 0.17280554089204936, "interface_flux": 4.028723472034488, "energy": 14.828525808393687}
{"phase": "Adam", "step": 200, "total": 5.0122556382901085, "pde": 1.3505281700917369, "constitutive": 0.0, "interface_temperature": 0.00029679249703160683, "interface_flux": 0.18495739316351215, "energy": 0.15153610395316436}
{"phase": "Adam", "step": 400, "total": 1.7964287331130773, "pde": 0.5818369475698784, "constitutive": 0.0, "interface_temperature": 0.00010985813666741467, "interface_flux": 0.06670616236465252, "energy": 0.043767202522925895}
{"phase": "Adam", "step": 600, "total": 1.1949449017208, "pde": 0.4677035304820721, "constitutive": 0.0, "interface_temperature": 9.834881662979458e-05, "interface_flux": 0.039382804703161384, "energy": 0.02350645075773195}
{"phase": "Adam", "step": 800, "total": 0.9546204254470915, "pde": 0.39590145499718676, "constitutive": 0.0, "interface_temperature": 9.526271277981355e-05, "interface_flux": 0.029208884115370575, "energy": 0.017136741651638535}
{"phase": "Adam", "step": 1000, "total": 0.8047578943685012, "pde": 0.34837564990074854, "constitutive": 0.0, "interface_temperature": 9.630250025038951e-05, "interface_flux": 0.02277958958934226, "energy": 0.013228384832394063}
{"phase": "Adam", "step": 1200, "total": 0.6890894334320825, "pde": 0.31189912499513783, "constitutive": 0.0, "interface_temperature": 9.449803876018978e-05, "interface_flux": 0.017911636843307543, "energy": 0.01035759012436794}
{"phase": "Adam", "step": 1400, "total": 0.5936616453242266, "pde": 0.2819034758562599, "constitutive": 0.0, "interface_temperature": 9.032406032610952e-05, "interface_flux": 0.014028951392705232, "energy": 0.008114459521480492}
{"phase": "LBFGS", "step": 250, "total": 0.14000306282354583, "pde": 0.0761568954372089, "constitutive": 0.0, "interface_temperature": 4.3908130459489566e-05, "interface_flux": 0.0017306560685349131, "energy": 0.0002631476241498242}
{"phase": "LBFGS", "step": 500, "total": 0.0703114530577911, "pde": 0.0448865234368065, "constitutive": 0.0, "interface_temperature": 1.5184404595611968e-05, "interface_flux": 0.000880205088830563, "energy": 0.00014384741370670093}
{"phase": "LBFGS", "step": 750, "total": 0.0432063482271124, "pde": 0.026355233249219703, "constitutive": 0.0, "interface_temperature": 1.1254609277195185e-05, "interface_flux": 0.0004953604612894234, "energy": 6.42901087803274e-05}
{"phase": "LBFGS", "step": 1000, "total": 0.03212610573797723, "pde": 0.019721863891349938, "constitutive": 0.0, "interface_temperature": 9.228819966419565e-06, "interface_flux": 0.00030045065367194856, "energy": 1.7091534348823767e-05}
{"phase": "LBFGS", "step": 1250, "total": 0.026515292582933513, "pde": 0.015491580615691742, "constitutive": 0.0, "interface_temperature": 8.538586895734961e-06, "interface_flux": 0.00023839129625612569, "energy": 1.0121210894554905e-05}
{"phase": "LBFGS", "step": 1500, "total": 0.02331703117858019, "pde": 0.01347554827915976, "constitutive": 0.0, "interface_temperature": 8.238872821641719e-06, "interface_flux": 0.00014690465985146194, "energy": 1.335634792640957e-05}
{"phase": "LBFGS", "step": 1750, "total": 0.02135448852597249, "pde": 0.011508315377740988, "constitutive": 0.0, "interface_temperature": 8.2490653705936e-06, "interface_flux": 0.00015013345838746375, "energy": 9.577319376326478e-06}
{"phase": "LBFGS", "step": 2000, "total": 0.019949416288020053, "pde": 0.01049803520420741, "constitutive": 0.0, "interface_temperature": 7.913717429052484e-06, "interface_flux": 0.0001443473822149472, "energy": 9.41898326106856e-06}
{"phase": "LBFGS", "step": 2250, "total": 0.01889799059102478, "pde": 0.009809336268072103, "constitutive": 0.0, "interface_temperature": 7.742297367203206e-06, "interface_flux": 0.00012681912019716946, "energy": 7.816575377777856e-06}
{"phase": "LBFGS", "step": 2500, "total": 0.0177079973318936, "pde": 0.009357995186770513, "constitutive": 0.0, "interface_temperature": 7.165025957194708e-06, "interface_flux": 0.00011461741280674325, "energy": 3.8802059860946755e-06}
{"phase": "LBFGS", "step": 2750, "total": 0.016683581026735488, "pde": 0.008851711094913148, "constitutive": 0.0, "interface_temperature": 6.868522664827469e-06, "interface_flux": 9.059801857420491e-05, "energy": 5.736708125282453e-06}
{"phase": "LBFGS", "step": 3000, "total": 0.015840467435173304, "pde": 0.008731512910059223, "constitutive": 0.0, "interface_temperature": 6.240786977602926e-06, "interface_flux": 8.211749727111362e-05, "energy": 4.699257480001756e-06}
{"phase": "LBFGS", "step": 3250, "total": 0.014956342902131775, "pde": 0.008041740453687265, "constitutive": 0.0, "interface_temperature": 5.999487562087045e-06, "interface_flux": 8.802399221252035e-05, "energy": 3.4874964232260522e-06}
{"case": "aras_flat", "variant": "subdomain", "Tmax_C": 42.54456235970707, "accepted": false, "seconds": 1277.118919200002}
