{"phase": "Adam", "step": 0, "total": 11336.986479197043, "pde": 10401.971004580648, "constitutive": 0.0, "interface_temperature": 0.13321049778674615, "interface_flux": 9.723785802265269, "energy": 70.45671188069974}
{"phase": "Adam", "step": 200, "total": 3.8036267688364847, "pde": 2.822144775040944, "constitutive": 0.0, "interface_temperature": 0.0001534490013465655, "interface_flux": 0.049371747586169946, "energy": 0.033431551658727514}
{"phase": "Adam", "step": 400, "total": 1.493744701971405, "pde": 0.6934691026755359, "constitutive": 0.0, "interface_temperature": 1.841693507345306e-05, "interface_flux": 0.04993231465723128, "energy": 0.02825355176501032}
{"phase": "Adam", "step": 600, "total": 1.2600181466173783, "pde": 0.3848246086015154, "constitutive": 0.0, "interface_temperature": 1.8724602775078924e-05, "interface_flux": 0.054532418921747094, "energy": 0.031114474602331292}
{"phase": "Adam", "step": 800, "total": 1.2004721840329133, "pde": 0.291956811831995, "constitutive": 0.0, "interface_temperature": 1.209010857461201e-05, "interface_flux": 0.056933801064973366, "energy": 0.03270872529765727}
{"phase": "Adam", "step": 1000, "total": 1.1733687549552876, "pde": 0.25412247202790444, "constitutive": 0.0, "interface_temperature": 7.375747794960557e-06, "interface_flux": 0.05780113569843172, "energy": 0.033385917814810546}
{"phase": "Adam", "step": 1200, "total": 1.154327845374388, "pde": 0.23597923643066873, "constitutive": 0.0, "interface_temperature": 4.96622210315227e-06, "interface_flux": 0.05782281522579056, "energy": 0.03351542345826614}
{"phase": "Adam", "step": 1400, "total": 1.1365258821837756, "pde": 0.224920719304511, "constitutive": 0.0, "interface_temperature": 3.827029546743283e-06, "interface_flux": 0.05742397697381975, "energy": 0.033353836359432384}
{"phase": "LBFGS", "step": 250, "total": 0.13589369887261096, "pde": 0.09458483339237288, "constitutive": 0.0, "interface_temperature": 7.090644943697108e-06, "interface_flux": 0.002514885553108277, "energy": 0.0009069365005458205}
{"phase": "LBFGS", "step": 500, "total": 0.06314553219153334, "pde": 0.047438900486520705, "constitutive": 0.0, "interface_temperature": 3.4907536706869488e-06, "interface_flux": 0.0010841673909107493, "energy": 0.00013742041252181838}
{"phase": "LBFGS", "step": 750, "total": 0.04790739847998538, "pde": 0.031435027213802855, "constitutive": 0.0, "interface_temperature": 3.085942639076262e-06, "interface_flux": 0.0012646782107346665, "energy": 7.396465197596006e-05}
{"phase": "LBFGS", "step": 1000, "total": 0.04341197549868181, "pde": 0.03171253579062925, "constitutive": 0.0, "interface_temperature": 2.977083579475793e-06, "interface_flux": 0.0008277697398414941, "energy": 4.4465873016182846e-05}
{"phase": "LBFGS", "step": 1250, "total": 0.04014465940360908, "pde": 0.03007246691539392, "constitutive": 0.0, "interface_temperature": 1.9972530429553054e-06, "interface_flux": 0.0007344488237530863, "energy": 7.304512077290017e-05}
{"phase": "LBFGS", "step": 1500, "total": 0.03734242180598394, "pde": 0.028799269832678616, "constitutive": 0.0, "interface_temperature": 1.583511120409798e-06, "interface_flux": 0.0006366991429612074, "energy": 5.926494232834537e-05}
{"phase": "LBFGS", "step": 1750, "total": 0.03529559401115683, "pde": 0.027873057490887324, "constitutive": 0.0, "interface_temperature": 1.3598698203188604e-06, "interface_flux": 0.0005642582385898665, "energy": 4.200843140519776e-05}
{"phase": "LBFGS", "step": 2000, "total": 0.03277892982456852, "pde": 0.02648115855152769, "constitutive": 0.0, "interface_temperature": 1.1303067172475385e-06, "interface_flux": 0.0004770936891539761, "energy": 3.965276642535366e-05}
{"phase": "LBFGS", "step": 2250, "total": 0.030575918197046394, "pde": 0.025357995305161016, "constitutive": 0.0, "interface_temperature": 1.03517851935518e-06, "interface_flux": 0.000382264907726717, "energy": 3.600952952630256e-05}
{"phase": "LBFGS", "step": 2500, "total": 0.028969049649969447, "pde": 0.023991929259950806, "constitutive": 0.0, "interface_temperature": 9.547623300149983e-07, "interface_flux": 0.0003795698022198037, "energy": 2.2666003780560137e-05}
{"phase": "LBFGS", "step": 2750, "total": 0.02748116434580606, "pde": 0.023124129425777733, "constitutive": 0.0, "interface_temperature": 1.1549031414226483e-06, "interface_flux": 0.0003078427227472735, "energy": 1.2370455113294846e-05}
{"phase": "LBFGS", "step": 3000, "total": 0.02613988068892934, "pde": 0.021670006000611235, "constitutive": 0.0, "interface_temperature": 9.631007894061637e-07, "interface_flux": 0.00032927562999348714, "energy": 2.1401759897707476e-05}
{"case": "xlpe_discrete_layers", "variant": "subdomain", "Tmax_C": 37.14606130559345, "accepted": false, "seconds": 656.1348815999954}
