{"phase": "Adam", "step": 0, "total": 213564.24888546194, "pde": 212983.24832045456, "constitutive": 0.0, "interface_temperature": 0.0467054269745342, "interface_flux": 12.25523820243209, "energy": 41.174275600851516}
{"phase": "Adam", "step": 200, "total": 12.011970595788636, "pde": 9.206948191697256, "constitutive": 0.0, "interface_temperature": 0.00010042444187281389, "interface_flux": 0.16081499403034752, "energy": 0.10964480219150911}
{"phase": "Adam", "step": 400, "total": 7.452711851540339, "pde": 5.311262906759166, "constitutive": 0.0, "interface_temperature": 3.961739511554105e-05, "interface_flux": 0.12778033356886775, "energy": 0.08240282139769552}
{"phase": "Adam", "step": 600, "total": 4.3150941361163895, "pde": 2.698272483183459, "constitutive": 0.0, "interface_temperature": 1.7377637557043373e-05, "interface_flux": 0.09863324237859673, "energy": 0.06131115915899203}
{"phase": "Adam", "step": 800, "total": 2.610625368930127, "pde": 1.3706876836754118, "constitutive": 0.0, "interface_temperature": 7.4611980023199624e-06, "interface_flux": 0.0768304739084886, "energy": 0.04641717481675091}
{"phase": "Adam", "step": 1000, "total": 1.8435784554568613, "pde": 0.8482024635002767, "constitutive": 0.0, "interface_temperature": 2.8242667903369254e-06, "interface_flux": 0.06230133396060161, "energy": 0.03695383855602315}
{"phase": "Adam", "step": 1200, "total": 1.5353700373140573, "pde": 0.68724173496348, "constitutive": 0.0, "interface_temperature": 9.964821531934611e-07, "interface_flux": 0.05334330125027599, "energy": 0.031369880769462385}
{"phase": "Adam", "step": 1400, "total": 1.4045797475306032, "pde": 0.6407058261673444, "constitutive": 0.0, "interface_temperature": 3.914691565181761e-07, "interface_flux": 0.04812159755021518, "energy": 0.02822664767045887}
{"phase": "LBFGS", "step": 250, "total": 0.12188132877443525, "pde": 0.09701773004842473, "constitutive": 0.0, "interface_temperature": 1.0393274502395225e-06, "interface_flux": 0.001403868063617987, "energy": 0.0009785590639591131}
{"phase": "LBFGS", "step": 500, "total": 0.08685575088785118, "pde": 0.08053084676694088, "constitutive": 0.0, "interface_temperature": 6.40432885076177e-07, "interface_flux": 0.00034681002558768894, "energy": 0.00022163709799572339}
{"phase": "LBFGS", "step": 750, "total": 0.0769127522262386, "pde": 0.07065744779794239, "constitutive": 0.0, "interface_temperature": 3.0340993831668204e-07, "interface_flux": 0.00040779925620711594, "energy": 0.00018739019279083666}
{"phase": "LBFGS", "step": 1000, "total": 0.07204911186892868, "pde": 0.0673494623693751, "constitutive": 0.0, "interface_temperature": 1.7076450093091858e-07, "interface_flux": 0.00031886529902336655, "energy": 0.0001340232008389003}
{"phase": "LBFGS", "step": 1250, "total": 0.06707507657878468, "pde": 0.06239012688228195, "constitutive": 0.0, "interface_temperature": 2.85507985934935e-07, "interface_flux": 0.00028022757672170476, "energy": 0.0001597165943350755}
{"phase": "LBFGS", "step": 1500, "total": 0.06332381393406356, "pde": 0.05934587377058735, "constitutive": 0.0, "interface_temperature": 3.311734092373495e-07, "interface_flux": 0.00024023674876255604, "energy": 0.00012443992666132903}
{"phase": "LBFGS", "step": 1750, "total": 0.060769293890901646, "pde": 0.05776567684697074, "constitutive": 0.0, "interface_temperature": 2.119623892728245e-07, "interface_flux": 0.00019083881552312836, "energy": 8.832664994267994e-05}
{"phase": "LBFGS", "step": 2000, "total": 0.05908578034580093, "pde": 0.05562601644492939, "constitutive": 0.0, "interface_temperature": 2.5068982303183597e-07, "interface_flux": 0.00019791304453566907, "energy": 0.0001229943632483007}
{"phase": "LBFGS", "step": 2250, "total": 0.057576652344810825, "pde": 0.05455698773821174, "constitutive": 0.0, "interface_temperature": 2.2838903526207045e-07, "interface_flux": 0.0001905985456027853, "energy": 8.852901153091575e-05}
{"phase": "LBFGS", "step": 2500, "total": 0.05579767810213817, "pde": 0.05225100277651798, "constitutive": 0.0, "interface_temperature": 1.6035176452044454e-07, "interface_flux": 0.00023179165405722078, "energy": 0.00010684070205275415}
{"phase": "LBFGS", "step": 2750, "total": 0.05433614233801248, "pde": 0.050973286801400654, "constitutive": 0.0, "interface_temperature": 2.1927241804015732e-07, "interface_flux": 0.0001928610514886276, "energy": 0.00012149726036853986}
{"phase": "LBFGS", "step": 3000, "total": 0.051834956371769596, "pde": 0.04830700346354064, "constitutive": 0.0, "interface_temperature": 1.2814402914204847e-07, "interface_flux": 0.00023267993032253414, "energy": 0.00010730095758615744}
{"phase": "LBFGS", "step": 3250, "total": 0.050000008439386796, "pde": 0.04654656243397513, "constitutive": 0.0, "interface_temperature": 1.999126007459356e-07, "interface_flux": 0.0002252702856047783, "energy": 0.00010008305486179422}
{"case": "xlpe_backfill", "variant": "subdomain", "Tmax_C": 32.755779825660284, "accepted": false, "seconds": 510.0513355000003}
