{"phase": "Adam", "step": 0, "total": 53901.245402685, "pde": 53660.30845154983, "constitutive": 0.0, "interface_temperature": 0.0467054269745342, "interface_flux": 2.2842981990383873, "energy": 17.138854217025592}
{"phase": "Adam", "step": 200, "total": 5.044764808537666, "pde": 3.060231507426006, "constitutive": 0.0, "interface_temperature": 6.071650378605992e-05, "interface_flux": 0.11627246813301147, "energy": 0.07610921159954855}
{"phase": "Adam", "step": 400, "total": 3.5345597645570765, "pde": 1.8367666614595457, "constitutive": 0.0, "interface_temperature": 1.739823884686485e-05, "interface_flux": 0.10497136560153608, "energy": 0.0630681208235305}
{"phase": "Adam", "step": 600, "total": 2.4440915882304086, "pde": 0.9851880119270467, "constitutive": 0.0, "interface_temperature": 9.340578932397971e-06, "interface_flux": 0.09109458735581749, "energy": 0.053861712381278924}
{"phase": "Adam", "step": 800, "total": 1.7644470926752898, "pde": 0.5053568577493509, "constitutive": 0.0, "interface_temperature": 5.086723736396947e-06, "interface_flux": 0.07896709255445021, "energy": 0.04643325856450396}
{"phase": "Adam", "step": 1000, "total": 1.3958084724552697, "pde": 0.289641168956867, "constitutive": 0.0, "interface_temperature": 2.505581831371847e-06, "interface_flux": 0.06953049078210236, "energy": 0.04083568138460074}
{"phase": "Adam", "step": 1200, "total": 1.2131991364629606, "pde": 0.21648665925635419, "constitutive": 0.0, "interface_temperature": 1.1442763444814433e-06, "interface_flux": 0.06269293844975869, "energy": 0.036863881636453794}
{"phase": "Adam", "step": 1400, "total": 1.1244637080519342, "pde": 0.20256852802507838, "constitutive": 0.0, "interface_temperature": 5.245759223816085e-07, "interface_flux": 0.05797614188047124, "energy": 0.03416091852997618}
{"phase": "LBFGS", "step": 250, "total": 0.09839218336509221, "pde": 0.08692635476337043, "constitutive": 0.0, "interface_temperature": 7.872233785882266e-07, "interface_flux": 0.0007518256183726403, "energy": 0.0003160349039407162}
{"phase": "LBFGS", "step": 500, "total": 0.04819417864463995, "pde": 0.04403041278504753, "constitutive": 0.0, "interface_temperature": 3.8011257490736377e-07, "interface_flux": 0.00020535709634396458, "energy": 0.00017300823212454083}
{"phase": "LBFGS", "step": 750, "total": 0.03732873043426529, "pde": 0.03549891194371108, "constitutive": 0.0, "interface_temperature": 1.949618100689189e-07, "interface_flux": 0.00010277682884588237, "energy": 6.0708839202645976e-05}
{"phase": "LBFGS", "step": 1000, "total": 0.03307092024251186, "pde": 0.03172892042082091, "constitutive": 0.0, "interface_temperature": 2.2796152066416694e-07, "interface_flux": 6.008548223724325e-05, "energy": 5.13183478654355e-05}
{"phase": "LBFGS", "step": 1250, "total": 0.030354652029242743, "pde": 0.029185820655785226, "constitutive": 0.0, "interface_temperature": 2.8122575737144046e-07, "interface_flux": 5.938926331914211e-05, "energy": 2.9371298289465516e-05}
{"phase": "LBFGS", "step": 1500, "total": 0.028540975566327682, "pde": 0.02736260610485493, "constitutive": 0.0, "interface_temperature": 2.8174045841432977e-07, "interface_flux": 5.8911142125303814e-05, "energy": 3.075175818053835e-05}
{"phase": "LBFGS", "step": 1750, "total": 0.0275890820291847, "pde": 0.026662167163616097, "constitutive": 0.0, "interface_temperature": 2.3392925816693303e-07, "interface_flux": 4.791227138756318e-05, "energy": 2.138628935260389e-05}
{"phase": "LBFGS", "step": 2000, "total": 0.026640271253932354, "pde": 0.02577416460623358, "constitutive": 0.0, "interface_temperature": 2.1259193544453414e-07, "interface_flux": 4.4150180818846125e-05, "energy": 2.1201290406578074e-05}
{"phase": "LBFGS", "step": 2250, "total": 0.025325271720099303, "pde": 0.02434724238862186, "constitutive": 0.0, "interface_temperature": 1.611044126349798e-07, "interface_flux": 5.54411652707924e-05, "energy": 2.6251326613453907e-05}
{"phase": "LBFGS", "step": 2500, "total": 0.024380550616748913, "pde": 0.02357681189430306, "constitutive": 0.0, "interface_temperature": 1.3622750529968325e-07, "interface_flux": 4.072708546362211e-05, "energy": 2.602403625099516e-05}
{"phase": "LBFGS", "step": 2750, "total": 0.022874867885967567, "pde": 0.021794696820252143, "constitutive": 0.0, "interface_temperature": 2.799739126110575e-07, "interface_flux": 6.0747132232313206e-05, "energy": 1.9272583078123386e-05}
{"phase": "LBFGS", "step": 3000, "total": 0.02109010029202198, "pde": 0.02011530559508302, "constitutive": 0.0, "interface_temperature": 1.1363847315717829e-07, "interface_flux": 7.728022200010621e-05, "energy": 8.835400378071843e-06}
{"phase": "LBFGS", "step": 3250, "total": 0.020020067967235447, "pde": 0.018853541620852284, "constitutive": 0.0, "interface_temperature": 1.1661283626240571e-07, "interface_flux": 7.362338228507512e-05, "energy": 3.136796872700042e-05}
{"case": "xlpe_dry_far", "variant": "subdomain", "Tmax_C": 36.45186654881873, "accepted": true, "seconds": 528.1544647999981}
