{"phase": "Adam", "step": 0, "total": 6586.433056567309, "pde": 5995.975484910249, "constitutive": 0.0, "interface_temperature": 0.03728589831785106, "interface_flux": 3.4250010545782015, "energy": 55.24789712794925}
{"phase": "Adam", "step": 200, "total": 2.2564217911448017, "pde": 1.4768285791632156, "constitutive": 0.0, "interface_temperature": 0.0008795292808543786, "interface_flux": 0.041058522418705806, "energy": 0.028105505970909023}
{"phase": "Adam", "step": 400, "total": 1.3960090307938726, "pde": 0.4356038480616445, "constitutive": 0.0, "interface_temperature": 0.00011821137953857732, "interface_flux": 0.060036203390904215, "energy": 0.034822201086932805}
{"phase": "Adam", "step": 600, "total": 1.2978892697937345, "pde": 0.26724273403545784, "constitutive": 0.0, "interface_temperature": 9.762184301007764e-05, "interface_flux": 0.0648081676408614, "energy": 0.037280267504865496}
{"phase": "Adam", "step": 800, "total": 1.2592710402615224, "pde": 0.23047721960725573, "constitutive": 0.0, "interface_temperature": 7.254694238098327e-05, "interface_flux": 0.06476480555284372, "energy": 0.037389107088773105}
{"phase": "Adam", "step": 1000, "total": 1.2294501919909397, "pde": 0.2154323261740102, "constitutive": 0.0, "interface_temperature": 5.0916322205571026e-05, "interface_flux": 0.06384580551312406, "energy": 0.03704681784651318}
{"phase": "Adam", "step": 1200, "total": 1.2037970110626488, "pde": 0.20621260422596058, "constitutive": 0.0, "interface_temperature": 3.368235121944006e-05, "interface_flux": 0.06278622372942227, "energy": 0.03663539344205214}
{"phase": "Adam", "step": 1400, "total": 1.1794712924497808, "pde": 0.19874360477044944, "constitutive": 0.0, "interface_temperature": 2.0899420773709157e-05, "interface_flux": 0.06169170560561669, "energy": 0.03617206895457935}
{"phase": "LBFGS", "step": 250, "total": 0.10308088061509038, "pde": 0.07408852082979518, "constitutive": 0.0, "interface_temperature": 1.96081252431971e-05, "interface_flux": 0.0022660919926745728, "energy": 0.00043706273342297686}
{"phase": "LBFGS", "step": 500, "total": 0.05719789952532358, "pde": 0.04146804653360075, "constitutive": 0.0, "interface_temperature": 1.639283526401455e-05, "interface_flux": 0.0013368260331153713, "energy": 7.223091341676617e-05}
{"phase": "LBFGS", "step": 750, "total": 0.04818630928173836, "pde": 0.03650463773409419, "constitutive": 0.0, "interface_temperature": 2.180064015986564e-05, "interface_flux": 0.0008841650392901934, "energy": 6.59957138755679e-05}
{"phase": "LBFGS", "step": 1000, "total": 0.04188691956498913, "pde": 0.03559585938907583, "constitutive": 0.0, "interface_temperature": 1.8371409876513427e-05, "interface_flux": 0.0003861217593735325, "energy": 5.9270159452662845e-05}
{"phase": "LBFGS", "step": 1250, "total": 0.038339053962705934, "pde": 0.032876296259761385, "constitutive": 0.0, "interface_temperature": 2.1052407392136736e-05, "interface_flux": 0.00028206072344640813, "energy": 5.369097292667944e-05}
{"phase": "LBFGS", "step": 1500, "total": 0.035351494869769594, "pde": 0.03017582265410828, "constitutive": 0.0, "interface_temperature": 1.8466846619011525e-05, "interface_flux": 0.0002830237778844678, "energy": 4.987497749154841e-05}
{"phase": "LBFGS", "step": 1750, "total": 0.030774067579919247, "pde": 0.026684639504252785, "constitutive": 0.0, "interface_temperature": 2.082713363975877e-05, "interface_flux": 0.0001645489399995563, "energy": 3.61225311695021e-05}
{"phase": "LBFGS", "step": 2000, "total": 0.027894923219347473, "pde": 0.02443299205338496, "constitutive": 0.0, "interface_temperature": 1.683795392100187e-05, "interface_flux": 0.00015478017147720907, "energy": 2.3033405909023564e-05}
{"phase": "LBFGS", "step": 2250, "total": 0.024859478059182746, "pde": 0.020987826526420814, "constitutive": 0.0, "interface_temperature": 1.2888107255534321e-05, "interface_flux": 0.00021870294092688681, "energy": 3.9581139793963256e-05}
{"phase": "LBFGS", "step": 2500, "total": 0.01677726385559287, "pde": 0.013182732612394355, "constitutive": 0.0, "interface_temperature": 1.2742725749785178e-05, "interface_flux": 0.00022723968489144698, "energy": 4.786181930553041e-06}
{"phase": "LBFGS", "step": 2750, "total": 0.013666909244335347, "pde": 0.01058780285843184, "constitutive": 0.0, "interface_temperature": 1.1026575192960337e-05, "interface_flux": 0.0001856143011044683, "energy": 1.2030585556278998e-05}
{"phase": "LBFGS", "step": 3000, "total": 0.010006438070022416, "pde": 0.0070954640511596175, "constitutive": 0.0, "interface_temperature": 1.0865791839720423e-05, "interface_flux": 0.00017083455942420918, "energy": 1.1604924064866498e-05}
{"phase": "LBFGS", "step": 3250, "total": 0.008203528987302594, "pde": 0.005768009817182414, "constitutive": 0.0, "interface_temperature": 5.7982868724605655e-06, "interface_flux": 0.00018250588012494324, "energy": 3.0631681624692284e-06}
{"case": "xlpe_discrete_layers", "variant": "subdomain", "Tmax_C": 36.79072925802101, "accepted": false, "seconds": 534.1341923}
