{"phase": "Adam", "step": 0, "total": 83719.81439259172, "pde": 68360.13786674704, "constitutive": 0.0, "interface_temperature": 0.9039167151187386, "interface_flux": 11.954248787913961, "energy": 620.0966886778157}
{"phase": "Adam", "step": 200, "total": 8.33102495304402, "pde": 5.345541926490541, "constitutive": 0.0, "interface_temperature": 8.313737115087527e-05, "interface_flux": 0.1109613424223444, "energy": 0.10444958908212822}
{"phase": "Adam", "step": 400, "total": 4.1301820972933045, "pde": 2.9526313664761497, "constitutive": 0.0, "interface_temperature": 2.4489438487073567e-05, "interface_flux": 0.06093520137502596, "energy": 0.03233043321961601}
{"phase": "Adam", "step": 600, "total": 2.5109746229909446, "pde": 1.4631040800289417, "constitutive": 0.0, "interface_temperature": 1.1692303595481124e-05, "interface_flux": 0.06442375620030702, "energy": 0.028670994500412154}
{"phase": "Adam", "step": 800, "total": 1.815058590703451, "pde": 0.7333474276715214, "constitutive": 0.0, "interface_temperature": 8.959530937958598e-06, "interface_flux": 0.06873150759638799, "energy": 0.03048007776884637}
{"phase": "Adam", "step": 1000, "total": 1.520508162236258, "pde": 0.4171381890358833, "constitutive": 0.0, "interface_temperature": 7.656172905952732e-06, "interface_flux": 0.07064297771610836, "energy": 0.03203784669797639}
{"phase": "Adam", "step": 1200, "total": 1.3991535296085673, "pde": 0.29391836964301615, "constitutive": 0.0, "interface_temperature": 6.586548561235343e-06, "interface_flux": 0.07117462120034808, "energy": 0.03276234623497169}
{"phase": "Adam", "step": 1400, "total": 1.3426961068769627, "pde": 0.24849225439107303, "constitutive": 0.0, "interface_temperature": 5.607321026663458e-06, "interface_flux": 0.07097166541508397, "energy": 0.03284139880684154}
{"phase": "LBFGS", "step": 250, "total": 0.15494735521903927, "pde": 0.10717561160108931, "constitutive": 0.0, "interface_temperature": 9.864583320102364e-07, "interface_flux": 0.002885248698365775, "energy": 0.0009054673314189865}
{"phase": "LBFGS", "step": 500, "total": 0.08007842720715769, "pde": 0.06088996864861257, "constitutive": 0.0, "interface_temperature": 2.208029936712234e-07, "interface_flux": 0.0014802000252359874, "energy": 0.00021784283694730098}
{"phase": "LBFGS", "step": 750, "total": 0.06125888290594709, "pde": 0.04216966400130264, "constitutive": 0.0, "interface_temperature": 1.5873299610418403e-07, "interface_flux": 0.001626724835136884, "energy": 0.00012346405922337663}
{"phase": "LBFGS", "step": 1000, "total": 0.051393908827460845, "pde": 0.033466983836054356, "constitutive": 0.0, "interface_temperature": 1.148036315770146e-07, "interface_flux": 0.0015797078732322602, "energy": 9.81809943313739e-05}
{"phase": "LBFGS", "step": 1250, "total": 0.04584936815356044, "pde": 0.03349990724941162, "constitutive": 0.0, "interface_temperature": 1.1456271946192384e-07, "interface_flux": 0.001062662932950043, "energy": 5.7720438002915455e-05}
{"phase": "LBFGS", "step": 1500, "total": 0.041816030460445436, "pde": 0.03151537088122608, "constitutive": 0.0, "interface_temperature": 8.750086064989576e-08, "interface_flux": 0.0009188307996040238, "energy": 2.3734297668016372e-05}
{"phase": "LBFGS", "step": 1750, "total": 0.037806290341891896, "pde": 0.029678800727295493, "constitutive": 0.0, "interface_temperature": 5.454222711689071e-08, "interface_flux": 0.0006919106984285385, "energy": 6.629603591421071e-05}
{"phase": "LBFGS", "step": 2000, "total": 0.034941347417745995, "pde": 0.027968129838375686, "constitutive": 0.0, "interface_temperature": 5.853047432094609e-08, "interface_flux": 0.0005938261039948788, "energy": 4.496517962120544e-05}
{"phase": "LBFGS", "step": 2250, "total": 0.032853457966066035, "pde": 0.027333253389901512, "constitutive": 0.0, "interface_temperature": 8.861208250773686e-08, "interface_flux": 0.00042538110761225256, "energy": 3.8027267496462474e-05}
{"phase": "LBFGS", "step": 2500, "total": 0.03109005142907428, "pde": 0.02530623127301856, "constitutive": 0.0, "interface_temperature": 1.0684195987059582e-07, "interface_flux": 0.00044129169203885863, "energy": 3.0248363696117333e-05}
{"phase": "LBFGS", "step": 2750, "total": 0.028925275901913638, "pde": 0.02340192952250137, "constitutive": 0.0, "interface_temperature": 8.814911814032454e-08, "interface_flux": 0.0004226945597380086, "energy": 4.1490960062893684e-05}
{"phase": "LBFGS", "step": 3000, "total": 0.026474898363500057, "pde": 0.020332522251414322, "constitutive": 0.0, "interface_temperature": 9.251546677327493e-08, "interface_flux": 0.0005010564970719408, "energy": 2.06656473633579e-05}
{"case": "xlpe_discrete_layers", "variant": "subdomain", "Tmax_C": 37.09786837947634, "accepted": false, "seconds": 607.3088123999987}
