{"phase": "Adam", "step": 0, "total": 92210.44486133003, "pde": 52395.20695944783, "constitutive": 0.0, "interface_temperature": 0.09611094589830957, "interface_flux": 75.7629142195875, "energy": 3904.79976650965}
{"phase": "Adam", "step": 200, "total": 1.6514902301795251, "pde": 0.6615160976048772, "constitutive": 0.0, "interface_temperature": 9.095651696763547e-06, "interface_flux": 0.062093911841511834, "energy": 0.03681254489898532}
{"phase": "Adam", "step": 400, "total": 1.369377246015699, "pde": 0.4765450940063132, "constitutive": 0.0, "interface_temperature": 4.656960120116029e-06, "interface_flux": 0.05600286061357055, "energy": 0.03323378498616687}
{"phase": "Adam", "step": 600, "total": 1.183108754054957, "pde": 0.37756170615067175, "constitutive": 0.0, "interface_temperature": 2.367405580684612e-06, "interface_flux": 0.05051393089266015, "energy": 0.030017099841961513}
{"phase": "Adam", "step": 800, "total": 1.0701018913642903, "pde": 0.32930940318700735, "constitutive": 0.0, "interface_temperature": 1.3388704207580677e-06, "interface_flux": 0.0465711459265419, "energy": 0.02749471418697882}
{"phase": "Adam", "step": 1000, "total": 1.0007484599701653, "pde": 0.3057378788217096, "constitutive": 0.0, "interface_temperature": 1.0603226560290209e-06, "interface_flux": 0.04362014964882206, "energy": 0.025870305239463223}
{"phase": "Adam", "step": 1200, "total": 0.9548588675979737, "pde": 0.28892146729453777, "constitutive": 0.0, "interface_temperature": 1.03244108348482e-06, "interface_flux": 0.04180752433703046, "energy": 0.024775891282478275}
{"phase": "Adam", "step": 1400, "total": 0.9185926810211791, "pde": 0.27176712210787934, "constitutive": 0.0, "interface_temperature": 1.0480948825024757e-06, "interface_flux": 0.04060950444508779, "energy": 0.024062570497417154}
{"phase": "LBFGS", "step": 250, "total": 0.10036379047791051, "pde": 0.06890412290738256, "constitutive": 0.0, "interface_temperature": 1.056589631266799e-05, "interface_flux": 0.0018304824566222333, "energy": 0.0012098253373038822}
{"phase": "LBFGS", "step": 500, "total": 0.039541157687793135, "pde": 0.035704378744224205, "constitutive": 0.0, "interface_temperature": 3.5787711763e-06, "interface_flux": 0.00022256953414497593, "energy": 0.00012532064844891734}
{"phase": "LBFGS", "step": 750, "total": 0.03197077922217107, "pde": 0.03045394345367386, "constitutive": 0.0, "interface_temperature": 2.366768963340704e-06, "interface_flux": 9.703689138232622e-05, "energy": 3.097899583398777e-05}
{"phase": "LBFGS", "step": 1000, "total": 0.029195143495006973, "pde": 0.02768495073252792, "constitutive": 0.0, "interface_temperature": 1.4207020905427044e-06, "interface_flux": 8.968088489131816e-05, "energy": 4.7131370451159765e-05}
{"phase": "LBFGS", "step": 1250, "total": 0.027825754363977724, "pde": 0.026852565934457288, "constitutive": 0.0, "interface_temperature": 1.3120294761411874e-06, "interface_flux": 6.540981028075221e-05, "energy": 1.8788737909879407e-05}
{"phase": "LBFGS", "step": 1500, "total": 0.026565016761077656, "pde": 0.025790553616913355, "constitutive": 0.0, "interface_temperature": 1.2163206248368257e-06, "interface_flux": 4.604664875130122e-05, "energy": 1.923645941676068e-05}
{"phase": "LBFGS", "step": 1750, "total": 0.02501953513608271, "pde": 0.024198767431095204, "constitutive": 0.0, "interface_temperature": 9.709428637839642e-07, "interface_flux": 4.787286103863011e-05, "energy": 2.4494480822280784e-05}
{"phase": "LBFGS", "step": 2000, "total": 0.02431955176619696, "pde": 0.02345635565917205, "constitutive": 0.0, "interface_temperature": 1.2039110891015537e-06, "interface_flux": 5.769038122499635e-05, "energy": 1.6590118586479038e-05}
{"phase": "LBFGS", "step": 2250, "total": 0.023370944181712115, "pde": 0.02242286767176471, "constitutive": 0.0, "interface_temperature": 1.4725469903845973e-06, "interface_flux": 6.249411496506106e-05, "energy": 1.758806612583345e-05}
{"phase": "LBFGS", "step": 2500, "total": 0.021814998790184562, "pde": 0.0205763793622928, "constitutive": 0.0, "interface_temperature": 1.827314219501273e-06, "interface_flux": 7.913230484463268e-05, "energy": 2.645649574953117e-05}
{"phase": "LBFGS", "step": 2750, "total": 0.020354493504090465, "pde": 0.019320473531002635, "constitutive": 0.0, "interface_temperature": 1.842987624730148e-06, "interface_flux": 7.009187435658214e-05, "energy": 1.4880246704899265e-05}
{"phase": "LBFGS", "step": 3000, "total": 0.01865113047268958, "pde": 0.017584476966477382, "constitutive": 0.0, "interface_temperature": 3.0600213618184153e-06, "interface_flux": 4.837691280565076e-05, "energy": 2.7688224197384897e-05}
{"phase": "LBFGS", "step": 3250, "total": 0.016272271907083666, "pde": 0.015016155528460145, "constitutive": 0.0, "interface_temperature": 2.526705764379036e-06, "interface_flux": 8.660548110394438e-05, "energy": 1.3739099114617208e-05}
{"case": "xlpe_single", "variant": "subdomain", "Tmax_C": 37.02082024422033, "accepted": true, "seconds": 397.0217130000019}
