{"phase": "Adam", "step": 0, "total": 6022.8640630073, "pde": 46.895660761426036, "constitutive": 0.0, "interface_temperature": 0.20584033243019803, "interface_flux": 41.01401849833368, "energy": 535.9987884832339}
{"phase": "Adam", "step": 200, "total": 8.344576090868708, "pde": 4.8187166510504476, "constitutive": 0.0, "interface_temperature": 0.0008399078274121521, "interface_flux": 0.14728117481191927, "energy": 0.12131398642869165}
{"phase": "Adam", "step": 400, "total": 3.502954464013192, "pde": 1.962974011389427, "constitutive": 0.0, "interface_temperature": 0.00022270287838442796, "interface_flux": 0.07996439680799494, "energy": 0.051763360615938774}
{"phase": "Adam", "step": 600, "total": 2.1490651093661137, "pde": 1.0391130783337048, "constitutive": 0.0, "interface_temperature": 0.00010262083845501813, "interface_flux": 0.06328300141083906, "energy": 0.03745011784690001}
{"phase": "Adam", "step": 800, "total": 1.600698563825334, "pde": 0.6752919104664383, "constitutive": 0.0, "interface_temperature": 8.047802543322085e-05, "interface_flux": 0.053567098360041636, "energy": 0.03092576443252586}
{"phase": "Adam", "step": 1000, "total": 1.327704223606742, "pde": 0.5293745442507827, "constitutive": 0.0, "interface_temperature": 7.435800558877687e-05, "interface_flux": 0.04590547769300572, "energy": 0.026491689683712523}
{"phase": "Adam", "step": 1200, "total": 1.16604026014731, "pde": 0.4688776528933626, "constitutive": 0.0, "interface_temperature": 7.304619795289654e-05, "interface_flux": 0.03954207029287353, "energy": 0.02286957063723155}
{"phase": "Adam", "step": 1400, "total": 1.0533835308797876, "pde": 0.44313235902209175, "constitutive": 0.0, "interface_temperature": 7.362898748432152e-05, "interface_flux": 0.03398189774404687, "energy": 0.019680320693290582}
{"phase": "LBFGS", "step": 250, "total": 0.22592108212211776, "pde": 0.12851435274392262, "constitutive": 0.0, "interface_temperature": 6.18921297176803e-05, "interface_flux": 0.002994119526575805, "energy": 0.0005573404394756783}
{"phase": "LBFGS", "step": 500, "total": 0.10783954511703266, "pde": 0.05979176614627173, "constitutive": 0.0, "interface_temperature": 3.3013142007008e-05, "interface_flux": 0.0012917756637463266, "energy": 0.0002116880326289658}
{"phase": "LBFGS", "step": 750, "total": 0.07446112862119963, "pde": 0.04409143461514813, "constitutive": 0.0, "interface_temperature": 2.3686451248886158e-05, "interface_flux": 0.0005558052955213309, "energy": 0.00011251898019520348}
{"phase": "LBFGS", "step": 1000, "total": 0.05720361757634858, "pde": 0.03811438442817728, "constitutive": 0.0, "interface_temperature": 1.3591658470076766e-05, "interface_flux": 0.0004703037286658787, "energy": 7.9453739143574e-05}
{"phase": "LBFGS", "step": 1250, "total": 0.04849811051014199, "pde": 0.03157250918899717, "constitutive": 0.0, "interface_temperature": 1.2492062383647922e-05, "interface_flux": 0.0003818062388869161, "energy": 6.154765486277288e-05}
{"phase": "LBFGS", "step": 1500, "total": 0.042335256796848075, "pde": 0.025812752754234673, "constitutive": 0.0, "interface_temperature": 1.2741429855106866e-05, "interface_flux": 0.00034353601946963253, "energy": 3.457139928102071e-05}
{"phase": "LBFGS", "step": 1750, "total": 0.038283917861685585, "pde": 0.022496839341259192, "constitutive": 0.0, "interface_temperature": 1.2511417313792647e-05, "interface_flux": 0.0003032881566906492, "energy": 2.427796397272473e-05}
{"phase": "LBFGS", "step": 2000, "total": 0.03382582612588445, "pde": 0.01999048994597464, "constitutive": 0.0, "interface_temperature": 1.0772842166113025e-05, "interface_flux": 0.0002829356375143254, "energy": 2.331376386535316e-05}
{"phase": "LBFGS", "step": 2250, "total": 0.03085126582662895, "pde": 0.01840439691120572, "constitutive": 0.0, "interface_temperature": 9.28393269474624e-06, "interface_flux": 0.0002835926709783652, "energy": 3.270095108933371e-05}
{"phase": "LBFGS", "step": 2500, "total": 0.02529003430573563, "pde": 0.016473127395807044, "constitutive": 0.0, "interface_temperature": 6.46395774499194e-06, "interface_flux": 0.0002138563803260923, "energy": 2.1438536167572573e-05}
{"phase": "LBFGS", "step": 2750, "total": 0.020900415364878872, "pde": 0.01452309267344349, "constitutive": 0.0, "interface_temperature": 4.568471313728315e-06, "interface_flux": 0.00017363624831292804, "energy": 7.24888945777853e-06}
{"phase": "LBFGS", "step": 3000, "total": 0.017114983765072294, "pde": 0.013101610807070388, "constitutive": 0.0, "interface_temperature": 2.511162714455253e-06, "interface_flux": 0.00014042990969105785, "energy": 9.791114663607414e-06}
{"phase": "LBFGS", "step": 3250, "total": 0.013334766769045487, "pde": 0.010298604427386126, "constitutive": 0.0, "interface_temperature": 1.7464755067524278e-06, "interface_flux": 0.000117999499848612, "energy": 1.096918364208139e-05}
{"case": "aras_flat", "variant": "subdomain", "Tmax_C": 42.247229246397765, "accepted": false, "seconds": 1303.1706000999984}
