{"phase": "Adam", "step": 0, "total": 1408.0691880008203, "pde": 814.8571861630721, "constitutive": 0.0, "interface_temperature": 0.0013472424044420413, "interface_flux": 0.26450769463508766, "energy": 59.04322006509529}
{"phase": "Adam", "step": 200, "total": 1.470524914757537, "pde": 0.6416706929770732, "constitutive": 0.0, "interface_temperature": 0.0003503759120252802, "interface_flux": 0.047231049309399996, "energy": 0.03215061374839355}
{"phase": "Adam", "step": 400, "total": 1.1576751413989559, "pde": 0.3021516054659888, "constitutive": 0.0, "interface_temperature": 3.451726106011646e-06, "interface_flux": 0.053373907678211346, "energy": 0.03214392865402525}
{"phase": "Adam", "step": 600, "total": 1.0705090759543254, "pde": 0.19922246942586408, "constitutive": 0.0, "interface_temperature": 1.5217289943366394e-06, "interface_flux": 0.0547276797166125, "energy": 0.032385763646290255}
{"phase": "Adam", "step": 800, "total": 2.022682917549686, "pde": 0.7711251896293013, "constitutive": 0.0, "interface_temperature": 2.4238213164243116e-06, "interface_flux": 0.05924244317900427, "energy": 0.06588909139986997}
{"phase": "Adam", "step": 1000, "total": 0.9828510763947549, "pde": 0.14889464833886723, "constitutive": 0.0, "interface_temperature": 1.5189784587451698e-06, "interface_flux": 0.05243267145145489, "energy": 0.030947781569546425}
{"phase": "Adam", "step": 1200, "total": 0.9480396813631746, "pde": 0.1432174729589992, "constitutive": 0.0, "interface_temperature": 1.2966861619349117e-06, "interface_flux": 0.05056482170151952, "energy": 0.029904432277278674}
{"phase": "Adam", "step": 1400, "total": 0.916001204347408, "pde": 0.14110577701396637, "constitutive": 0.0, "interface_temperature": 1.0293294741027964e-06, "interface_flux": 0.048656853183786014, "energy": 0.02882239625481712}
{"phase": "LBFGS", "step": 250, "total": 0.10905653184828829, "pde": 0.08703999828153039, "constitutive": 0.0, "interface_temperature": 2.44022742752439e-06, "interface_flux": 0.0012724014851377202, "energy": 0.0009048495972628257}
{"phase": "LBFGS", "step": 500, "total": 0.05597075598712029, "pde": 0.04894905879038701, "constitutive": 0.0, "interface_temperature": 1.4814825308016193e-06, "interface_flux": 0.0005160142648719392, "energy": 0.00017134062949337303}
{"phase": "LBFGS", "step": 750, "total": 0.0366123943317299, "pde": 0.03440455232250656, "constitutive": 0.0, "interface_temperature": 1.0075050625446513e-06, "interface_flux": 0.0001715294267948117, "energy": 3.9179723502075706e-05}
{"phase": "LBFGS", "step": 1000, "total": 0.029501852981182804, "pde": 0.02824515993338537, "constitutive": 0.0, "interface_temperature": 1.3630960633422563e-06, "interface_flux": 7.562230525959385e-05, "energy": 3.641603888672687e-05}
{"phase": "LBFGS", "step": 1250, "total": 0.028064923407884326, "pde": 0.027069586661622163, "constitutive": 0.0, "interface_temperature": 1.315277117282108e-06, "interface_flux": 5.681982328330838e-05, "energy": 2.9561080170086583e-05}
{"phase": "LBFGS", "step": 1500, "total": 0.027247515597745398, "pde": 0.026337942402229933, "constitutive": 0.0, "interface_temperature": 9.170316840160629e-07, "interface_flux": 5.436838430689139e-05, "energy": 2.7418618404494537e-05}
{"phase": "LBFGS", "step": 1750, "total": 0.026462775678811216, "pde": 0.025446480321861968, "constitutive": 0.0, "interface_temperature": 8.964462830569184e-07, "interface_flux": 5.769588639254316e-05, "energy": 3.496918647181258e-05}
{"phase": "LBFGS", "step": 2000, "total": 0.025360962616355617, "pde": 0.024569228027479077, "constitutive": 0.0, "interface_temperature": 8.579596857043082e-07, "interface_flux": 4.572453043641071e-05, "energy": 2.486933159419998e-05}
{"phase": "LBFGS", "step": 2250, "total": 0.024744278737123922, "pde": 0.02407498593895363, "constitutive": 0.0, "interface_temperature": 6.941277142837906e-07, "interface_flux": 3.7929092050578615e-05, "energy": 2.2058910623612778e-05}
{"phase": "LBFGS", "step": 2500, "total": 0.024299321497972187, "pde": 0.023655803837551292, "constitutive": 0.0, "interface_temperature": 5.947862036150011e-07, "interface_flux": 3.858747200930402e-05, "energy": 1.981643199663575e-05}
{"phase": "LBFGS", "step": 2750, "total": 0.023866017273601648, "pde": 0.023365199607536632, "constitutive": 0.0, "interface_temperature": 6.614875835988432e-07, "interface_flux": 3.0588597812021544e-05, "energy": 1.2878292958491709e-05}
{"phase": "LBFGS", "step": 3000, "total": 0.023562504601800465, "pde": 0.022882971720089604, "constitutive": 0.0, "interface_temperature": 6.329905335877176e-07, "interface_flux": 4.247753446586489e-05, "energy": 1.914584836934398e-05}
{"phase": "LBFGS", "step": 3250, "total": 0.023174443286306058, "pde": 0.02258876104086859, "constitutive": 0.0, "interface_temperature": 5.690782345056215e-07, "interface_flux": 3.5205589904842435e-05, "energy": 1.7671852293848202e-05}
{"case": "xlpe_single", "variant": "subdomain", "Tmax_C": 36.51674673696711, "accepted": true, "seconds": 401.9209735999975}
