{"phase": "Adam", "step": 0, "total": 1408.0691880008203, "pde": 814.8571861630721, "constitutive": 0.0, "interface_temperature": 0.0013472424044420413, "interface_flux": 0.26450769463508766, "energy": 59.04322006509529}
{"phase": "Adam", "step": 200, "total": 1.1898189083816821, "pde": 0.3545923255091643, "constitutive": 0.0, "interface_temperature": 1.0769504028801168e-05, "interface_flux": 0.052048235505877984, "energy": 0.03136672774108578}
{"phase": "Adam", "step": 400, "total": 1.0507138480670126, "pde": 0.1847980646815881, "constitutive": 0.0, "interface_temperature": 1.7817120616843487e-06, "interface_flux": 0.05450478063621584, "energy": 0.03206898058170977}
{"phase": "Adam", "step": 600, "total": 0.9996243976370917, "pde": 0.15661078933923397, "constitutive": 0.0, "interface_temperature": 1.5431285648201781e-06, "interface_flux": 0.05288074211174611, "energy": 0.03140518743239146}
{"phase": "Adam", "step": 800, "total": 0.9528090618323591, "pde": 0.14058144965565564, "constitutive": 0.0, "interface_temperature": 1.100079244463406e-06, "interface_flux": 0.05108113845149531, "energy": 0.03013062197373041}
{"phase": "Adam", "step": 1000, "total": 0.9143629087263336, "pde": 0.13763609922930248, "constitutive": 0.0, "interface_temperature": 7.888206997674231e-07, "interface_flux": 0.04882001273078049, "energy": 0.028844780011924954}
{"phase": "Adam", "step": 1200, "total": 1.1725618687726724, "pde": 0.3081696407587669, "constitutive": 0.0, "interface_temperature": 5.572182437485349e-07, "interface_flux": 0.04399431870891018, "energy": 0.0424393319100429}
{"phase": "Adam", "step": 1400, "total": 0.8404626869579617, "pde": 0.13288200223077987, "constitutive": 0.0, "interface_temperature": 5.144164549697801e-07, "interface_flux": 0.044422694423563176, "energy": 0.0263302298846053}
{"phase": "LBFGS", "step": 250, "total": 0.0823372711949566, "pde": 0.0719258801370447, "constitutive": 0.0, "interface_temperature": 6.3812101900232094e-06, "interface_flux": 0.0008467575441823657, "energy": 0.0001305694597085924}
{"phase": "LBFGS", "step": 500, "total": 0.04367950670589345, "pde": 0.0391446361419622, "constitutive": 0.0, "interface_temperature": 4.024849896522526e-06, "interface_flux": 0.00025168063469772407, "energy": 0.00016155792273017547}
{"phase": "LBFGS", "step": 750, "total": 0.03334124167523881, "pde": 0.03135266423883632, "constitutive": 0.0, "interface_temperature": 1.4446307320679494e-06, "interface_flux": 0.00014782325769523502, "energy": 3.65881786243346e-05}
{"phase": "LBFGS", "step": 1000, "total": 0.029920812892726856, "pde": 0.028668820373044787, "constitutive": 0.0, "interface_temperature": 7.468717658835661e-07, "interface_flux": 7.532099377741979e-05, "energy": 4.240954053195179e-05}
{"phase": "LBFGS", "step": 1250, "total": 0.029033162954553018, "pde": 0.027883188130402598, "constitutive": 0.0, "interface_temperature": 8.079580937875204e-07, "interface_flux": 7.214871102752283e-05, "energy": 3.476919044964376e-05}
{"phase": "LBFGS", "step": 1500, "total": 0.028200634406270273, "pde": 0.027176685127488658, "constitutive": 0.0, "interface_temperature": 8.797560284257145e-07, "interface_flux": 5.520209439884156e-05, "energy": 3.839527319506276e-05}
{"phase": "LBFGS", "step": 1750, "total": 0.026485340454217802, "pde": 0.02555635547846425, "constitutive": 0.0, "interface_temperature": 1.2335805885806468e-06, "interface_flux": 6.924614175769713e-05, "energy": 1.1316549931851674e-05}
{"phase": "LBFGS", "step": 2000, "total": 0.02507637549749626, "pde": 0.024165424631124633, "constitutive": 0.0, "interface_temperature": 1.100603139484903e-06, "interface_flux": 5.769037715255435e-05, "energy": 2.2398678089759278e-05}
{"phase": "LBFGS", "step": 2250, "total": 0.024202908593835254, "pde": 0.02326934697258988, "constitutive": 0.0, "interface_temperature": 1.4798548762765486e-06, "interface_flux": 6.751817460833403e-05, "energy": 1.1039438753437875e-05}
{"phase": "LBFGS", "step": 2500, "total": 0.02364689556222706, "pde": 0.022732133739112686, "constitutive": 0.0, "interface_temperature": 1.515317074118493e-06, "interface_flux": 5.208471407693911e-05, "energy": 2.4238297493313716e-05}
{"phase": "LBFGS", "step": 2750, "total": 0.02284182492188019, "pde": 0.021863664771887375, "constitutive": 0.0, "interface_temperature": 1.8261953151431107e-06, "interface_flux": 6.377852507990093e-05, "energy": 1.5775536767949682e-05}
{"phase": "LBFGS", "step": 3000, "total": 0.021862742888717545, "pde": 0.02102560293449787, "constitutive": 0.0, "interface_temperature": 1.56110013384109e-06, "interface_flux": 4.938431239353347e-05, "energy": 1.8718681690023287e-05}
{"phase": "LBFGS", "step": 3250, "total": 0.020944305623675826, "pde": 0.020222738577400104, "constitutive": 0.0, "interface_temperature": 1.4547661336287416e-06, "interface_flux": 4.745837880504249e-05, "energy": 1.0150664486242578e-05}
{"case": "xlpe_single", "variant": "subdomain", "Tmax_C": 36.60681697451223, "accepted": true, "seconds": 435.74616019999667}
