{"phase": "Adam", "step": 0, "total": 4621.144601418982, "pde": 554.879493537185, "constitutive": 0.0, "interface_temperature": 0.003459537794111344, "interface_flux": 2.6848609393100853, "energy": 403.5956960694585}
{"phase": "Adam", "step": 200, "total": 1.565900997370676, "pde": 0.44168333500790574, "constitutive": 0.0, "interface_temperature": 4.716093338471274e-05, "interface_flux": 0.06538709199256806, "energy": 0.042318580905237685}
{"phase": "Adam", "step": 400, "total": 1.314005547660481, "pde": 0.25589032983565807, "constitutive": 0.0, "interface_temperature": 7.854993764239976e-07, "interface_flux": 0.06670735235253411, "energy": 0.03902561949230579}
{"phase": "Adam", "step": 600, "total": 1.2602225155090867, "pde": 0.20708406234583815, "constitutive": 0.0, "interface_temperature": 4.2161962718063873e-07, "interface_flux": 0.06656857950911234, "energy": 0.03870310384449446}
{"phase": "Adam", "step": 800, "total": 1.2314919197272625, "pde": 0.18683977833364715, "constitutive": 0.0, "interface_temperature": 3.32668037542454e-07, "interface_flux": 0.06596498087834264, "energy": 0.03846696645726464}
{"phase": "Adam", "step": 1000, "total": 1.2118348257758138, "pde": 0.17768049421201504, "constitutive": 0.0, "interface_temperature": 2.7880766919823764e-07, "interface_flux": 0.06520177601075003, "energy": 0.03818577637871001}
{"phase": "Adam", "step": 1200, "total": 1.194891225376091, "pde": 0.1722260621746613, "constitutive": 0.0, "interface_temperature": 2.469107614158348e-07, "interface_flux": 0.0643983277024146, "energy": 0.03784349754158679}
{"phase": "Adam", "step": 1400, "total": 1.1784988858180576, "pde": 0.16777197207488576, "constitutive": 0.0, "interface_temperature": 2.2775932991209974e-07, "interface_flux": 0.06358989280267859, "energy": 0.03746002263864739}
{"phase": "LBFGS", "step": 250, "total": 0.16831011368246576, "pde": 0.11943657686594365, "constitutive": 0.0, "interface_temperature": 2.918608568280372e-06, "interface_flux": 0.0021592783561979493, "energy": 0.002436214468626225}
{"phase": "LBFGS", "step": 500, "total": 0.08833197329320704, "pde": 0.0801470008796696, "constitutive": 0.0, "interface_temperature": 2.1982284245810928e-07, "interface_flux": 0.0004048028057501478, "energy": 0.0003917121513577856}
{"phase": "LBFGS", "step": 750, "total": 0.07421502430246438, "pde": 0.06911774198380051, "constitutive": 0.0, "interface_temperature": 1.9204672684973822e-07, "interface_flux": 0.00031240127570797313, "energy": 0.0001781222834734407}
{"phase": "LBFGS", "step": 1000, "total": 0.06267271970395419, "pde": 0.05787118974862335, "constitutive": 0.0, "interface_temperature": 4.7176832073664697e-07, "interface_flux": 0.0003520410747775846, "energy": 8.09350886818344e-05}
{"phase": "LBFGS", "step": 1250, "total": 0.05392621706290715, "pde": 0.050464151078852486, "constitutive": 0.0, "interface_temperature": 3.8754770151139257e-07, "interface_flux": 0.00018793193290308214, "energy": 0.00011951989535124516}
{"phase": "LBFGS", "step": 1500, "total": 0.04969582586095187, "pde": 0.046974548341200476, "constitutive": 0.0, "interface_temperature": 2.871301790848661e-07, "interface_flux": 0.00018443127300025306, "energy": 5.8983461066399416e-05}
{"phase": "LBFGS", "step": 1750, "total": 0.04255046312447182, "pde": 0.04053345942278287, "constitutive": 0.0, "interface_temperature": 5.367308742510413e-07, "interface_flux": 0.00010139789390916666, "energy": 4.662938883462428e-05}
{"phase": "LBFGS", "step": 2000, "total": 0.038336673114532455, "pde": 0.03635644569658107, "constitutive": 0.0, "interface_temperature": 2.9247400713722855e-07, "interface_flux": 0.00010566635354620475, "energy": 6.310898753521077e-05}
{"phase": "LBFGS", "step": 2250, "total": 0.03584985052183747, "pde": 0.034598628841183796, "constitutive": 0.0, "interface_temperature": 3.1945578253756086e-07, "interface_flux": 7.316466429014544e-05, "energy": 2.001192552146633e-05}
{"phase": "LBFGS", "step": 2500, "total": 0.03368997487039467, "pde": 0.032231594919727054, "constitutive": 0.0, "interface_temperature": 2.4757666038866044e-07, "interface_flux": 9.58888052626651e-05, "energy": 2.5191523765230887e-05}
{"phase": "LBFGS", "step": 2750, "total": 0.03216869852043659, "pde": 0.03086267075552776, "constitutive": 0.0, "interface_temperature": 1.8702763444590916e-07, "interface_flux": 8.459074540130555e-05, "energy": 2.730926764498709e-05}
{"phase": "LBFGS", "step": 3000, "total": 0.031095612511473057, "pde": 0.029985848184128153, "constitutive": 0.0, "interface_temperature": 1.385362863258596e-07, "interface_flux": 6.130702946174365e-05, "energy": 3.581577464016101e-05}
{"phase": "LBFGS", "step": 3250, "total": 0.029515517129004225, "pde": 0.028369805118105003, "constitutive": 0.0, "interface_temperature": 2.954116799814031e-07, "interface_flux": 5.273051092464437e-05, "energy": 3.229952216713758e-05}
{"case": "xlpe_dry_near", "variant": "subdomain", "Tmax_C": 41.99842101306645, "accepted": true, "seconds": 513.6325528999951}
