{"phase": "Adam", "step": 0, "total": 75584.56395652308, "pde": 68360.13786674704, "constitutive": 0.0, "interface_temperature": 0.9039167151187386, "interface_flux": 11.954248787913961, "energy": 620.0966886778157}
{"phase": "Adam", "step": 200, "total": 6.504147075689805, "pde": 4.90228806749509, "constitutive": 0.0, "interface_temperature": 0.000677687348642297, "interface_flux": 0.06427292713356911, "energy": 0.02814423882167271}
{"phase": "Adam", "step": 400, "total": 3.692577155491753, "pde": 2.6746072500759244, "constitutive": 0.0, "interface_temperature": 7.206043884472418e-05, "interface_flux": 0.068796829878759, "energy": 0.02579411677835146}
{"phase": "Adam", "step": 600, "total": 2.3923060449487674, "pde": 1.3244833492649022, "constitutive": 0.0, "interface_temperature": 3.442007243334861e-05, "interface_flux": 0.07384289905846124, "energy": 0.029497363266590408}
{"phase": "Adam", "step": 800, "total": 1.7706578895209, "pde": 0.6539122414912069, "constitutive": 0.0, "interface_temperature": 2.3758974791640204e-05, "interface_flux": 0.07696986573483662, "energy": 0.03232880158896868}
{"phase": "Adam", "step": 1000, "total": 1.5101369203530908, "pde": 0.37464279032067477, "constitutive": 0.0, "interface_temperature": 1.7793816366612857e-05, "interface_flux": 0.07809277273719403, "energy": 0.03367725862938626}
{"phase": "Adam", "step": 1200, "total": 1.4008085385660607, "pde": 0.2719784524893143, "constitutive": 0.0, "interface_temperature": 1.3800424265158519e-05, "interface_flux": 0.07768011371973225, "energy": 0.033822852461426536}
{"phase": "Adam", "step": 1400, "total": 1.3458869757342655, "pde": 0.23670711239423328, "constitutive": 0.0, "interface_temperature": 1.121940155863931e-05, "interface_flux": 0.0764302908392448, "energy": 0.03336575533889449}
{"phase": "LBFGS", "step": 250, "total": 0.09122363448305326, "pde": 0.06692208535455944, "constitutive": 0.0, "interface_temperature": 4.876784332809821e-06, "interface_flux": 0.0015674748413390168, "energy": 0.0003750016382293827}
{"phase": "LBFGS", "step": 500, "total": 0.06022783758602306, "pde": 0.0442042187029252, "constitutive": 0.0, "interface_temperature": 2.024960840566534e-06, "interface_flux": 0.0012711807260016015, "energy": 0.00012868507825153155}
{"phase": "LBFGS", "step": 750, "total": 0.04948215324306213, "pde": 0.03446089546691687, "constitutive": 0.0, "interface_temperature": 9.129722451343445e-07, "interface_flux": 0.0013539754418279127, "energy": 5.6853111273178564e-05}
{"phase": "LBFGS", "step": 1000, "total": 0.04403154500685182, "pde": 0.03378697828445521, "constitutive": 0.0, "interface_temperature": 1.6375946881103485e-06, "interface_flux": 0.0008249296757070166, "energy": 3.5767527721609655e-05}
{"phase": "LBFGS", "step": 1250, "total": 0.040098649646080085, "pde": 0.03126316012005351, "constitutive": 0.0, "interface_temperature": 1.0886535382217512e-06, "interface_flux": 0.0007159128891149223, "energy": 5.877070966556013e-05}
{"phase": "LBFGS", "step": 1500, "total": 0.03593913204332459, "pde": 0.029196396204273712, "constitutive": 0.0, "interface_temperature": 7.859047848059729e-07, "interface_flux": 0.0005440827484759485, "energy": 5.160035694854167e-05}
{"phase": "LBFGS", "step": 1750, "total": 0.033715445080841684, "pde": 0.027700743706466805, "constitutive": 0.0, "interface_temperature": 6.89509764692173e-07, "interface_flux": 0.0004508958782869725, "energy": 8.16232826812982e-05}
{"phase": "LBFGS", "step": 2000, "total": 0.03090432277657542, "pde": 0.025211734355738667, "constitutive": 0.0, "interface_temperature": 8.529415794805273e-07, "interface_flux": 0.0004492000875296581, "energy": 3.4764596605964326e-05}
{"phase": "LBFGS", "step": 2250, "total": 0.026980555220994306, "pde": 0.022241055041840423, "constitutive": 0.0, "interface_temperature": 1.2090509435106328e-06, "interface_flux": 0.0003263850219794659, "energy": 2.6659901584858857e-05}
{"phase": "LBFGS", "step": 2500, "total": 0.024146348428471087, "pde": 0.019481182975186598, "constitutive": 0.0, "interface_temperature": 1.374413397618182e-06, "interface_flux": 0.0003181093119925968, "energy": 1.0965893574033727e-05}
{"phase": "LBFGS", "step": 2750, "total": 0.021001711979963582, "pde": 0.01659776134225202, "constitutive": 0.0, "interface_temperature": 1.5373276122497874e-06, "interface_flux": 0.00027720320767985634, "energy": 9.459094866320886e-06}
{"phase": "LBFGS", "step": 3000, "total": 0.018540784214789215, "pde": 0.01462773038008737, "constitutive": 0.0, "interface_temperature": 1.1696854087221667e-06, "interface_flux": 0.0002704878732177402, "energy": 3.8489693802275565e-06}
{"phase": "LBFGS", "step": 3250, "total": 0.015649892133299426, "pde": 0.011589698048811244, "constitutive": 0.0, "interface_temperature": 1.3599695137544645e-06, "interface_flux": 0.00025129213003171957, "energy": 1.87303270416521e-05}
{"case": "xlpe_discrete_layers", "variant": "subdomain", "Tmax_C": 37.231326641285534, "accepted": false, "seconds": 521.7891544000013}
