{"phase": "Adam", "step": 0, "total": 92210.44486133003, "pde": 52395.20695944783, "constitutive": 0.0, "interface_temperature": 0.09611094589830957, "interface_flux": 75.7629142195875, "energy": 3904.79976650965}
{"phase": "Adam", "step": 200, "total": 2.055519965890359, "pde": 1.418413329180255, "constitutive": 0.0, "interface_temperature": 8.733096661314225e-05, "interface_flux": 0.039372845591465484, "energy": 0.023464508413413524}
{"phase": "Adam", "step": 400, "total": 1.6011060985679115, "pde": 1.0172049826095468, "constitutive": 0.0, "interface_temperature": 4.1160388851264124e-06, "interface_flux": 0.03662483111503422, "energy": 0.021724120091950974}
{"phase": "Adam", "step": 600, "total": 1.3202736661888572, "pde": 0.7786160937128827, "constitutive": 0.0, "interface_temperature": 2.619862629686522e-06, "interface_flux": 0.03398336273066454, "energy": 0.02015619589063605}
{"phase": "Adam", "step": 800, "total": 1.152424910088273, "pde": 0.6452130938324557, "constitutive": 0.0, "interface_temperature": 2.0656720365691674e-06, "interface_flux": 0.03181874379915066, "energy": 0.018881781106065365}
{"phase": "Adam", "step": 1000, "total": 1.0483662013493076, "pde": 0.566558151033197, "constitutive": 0.0, "interface_temperature": 1.8746725503509755e-06, "interface_flux": 0.030233470657256855, "energy": 0.017928587648850698}
{"phase": "Adam", "step": 1200, "total": 0.9759048360925016, "pde": 0.5118312342709809, "constitutive": 0.0, "interface_temperature": 1.877761274364048e-06, "interface_flux": 0.029130703655334305, "energy": 0.01725787891407413}
{"phase": "Adam", "step": 1400, "total": 0.9268529646573203, "pde": 0.4663480903416187, "constitutive": 0.0, "interface_temperature": 2.266098312703244e-06, "interface_flux": 0.02921186415478538, "energy": 0.016815962293657744}
{"phase": "LBFGS", "step": 250, "total": 0.07307865971020465, "pde": 0.057148039552862545, "constitutive": 0.0, "interface_temperature": 1.646759554195372e-05, "interface_flux": 0.000896496350143253, "energy": 0.0005318897101714202}
{"phase": "LBFGS", "step": 500, "total": 0.03130330902037748, "pde": 0.029837409582507843, "constitutive": 0.0, "interface_temperature": 2.5347447970938007e-06, "interface_flux": 7.779046746484149e-05, "energy": 4.345202835118414e-05}
{"phase": "LBFGS", "step": 750, "total": 0.02846397538591592, "pde": 0.02734653775218615, "constitutive": 0.0, "interface_temperature": 1.7579745440992106e-06, "interface_flux": 6.49499536582126e-05, "energy": 2.9214064273772097e-05}
{"phase": "LBFGS", "step": 1000, "total": 0.027688423455095253, "pde": 0.026752319539118483, "constitutive": 0.0, "interface_temperature": 1.316831745414722e-06, "interface_flux": 5.4185617475159854e-05, "energy": 2.6256456668369868e-05}
{"phase": "LBFGS", "step": 1250, "total": 0.026257710698123143, "pde": 0.025374490718801455, "constitutive": 0.0, "interface_temperature": 9.58208588518118e-07, "interface_flux": 5.721093220592907e-05, "energy": 2.1528979841058386e-05}
{"phase": "LBFGS", "step": 1500, "total": 0.02570484516147689, "pde": 0.02491092947267036, "constitutive": 0.0, "interface_temperature": 1.0908661427018263e-06, "interface_flux": 4.0244208304711075e-05, "energy": 2.823869914892404e-05}
{"phase": "LBFGS", "step": 1750, "total": 0.02478037446669473, "pde": 0.023847338575270268, "constitutive": 0.0, "interface_temperature": 1.3984807978478744e-06, "interface_flux": 5.200651760277095e-05, "energy": 2.7312263561196158e-05}
{"phase": "LBFGS", "step": 2000, "total": 0.023472132658861847, "pde": 0.02251553717867241, "constitutive": 0.0, "interface_temperature": 1.390681654884809e-06, "interface_flux": 6.273981299097864e-05, "energy": 1.9012918479117293e-05}
{"phase": "LBFGS", "step": 2250, "total": 0.022408639698928232, "pde": 0.02152863401325803, "constitutive": 0.0, "interface_temperature": 1.6823813386119396e-06, "interface_flux": 5.237402636424833e-05, "energy": 1.88027288166521e-05}
{"phase": "LBFGS", "step": 2500, "total": 0.021772242310669425, "pde": 0.020879485408199637, "constitutive": 0.0, "interface_temperature": 2.218431483736764e-06, "interface_flux": 5.597864608244351e-05, "energy": 1.1112729327167821e-05}
{"phase": "LBFGS", "step": 2750, "total": 0.020368521435093927, "pde": 0.01889373229533951, "constitutive": 0.0, "interface_temperature": 2.4946181330090343e-06, "interface_flux": 7.247996571069495e-05, "energy": 5.005276693465648e-05}
{"phase": "LBFGS", "step": 3000, "total": 0.018702016191228372, "pde": 0.017828859073194914, "constitutive": 0.0, "interface_temperature": 2.8211451982397165e-06, "interface_flux": 5.3761343250052224e-05, "energy": 5.342916570896336e-06}
{"phase": "LBFGS", "step": 3250, "total": 0.01735517191944205, "pde": 0.016320603574566814, "constitutive": 0.0, "interface_temperature": 2.810361518201341e-06, "interface_flux": 6.031580343821098e-05, "energy": 1.5037415867299083e-05}
{"case": "xlpe_single", "variant": "subdomain", "Tmax_C": 36.954030754418454, "accepted": false, "seconds": 426.7612278000015}
