{"phase": "Adam", "step": 0, "total": 6586.433056567309, "pde": 5995.975484910249, "constitutive": 0.0, "interface_temperature": 0.03728589831785106, "interface_flux": 3.4250010545782015, "energy": 55.24789712794925}
{"phase": "Adam", "step": 200, "total": 1.491634221285091, "pde": 0.6129312874720192, "constitutive": 0.0, "interface_temperature": 0.0001388906735308443, "interface_flux": 0.0548114658940958, "energy": 0.03166992075190293}
{"phase": "Adam", "step": 400, "total": 1.2485512485181702, "pde": 0.22926876385042733, "constitutive": 0.0, "interface_temperature": 9.504560711744691e-05, "interface_flux": 0.06418496614598111, "energy": 0.0367928262496187}
{"phase": "Adam", "step": 600, "total": 1.2012668813241234, "pde": 0.20339810883309736, "constitutive": 0.0, "interface_temperature": 5.894125218309169e-05, "interface_flux": 0.06284395908843679, "energy": 0.0363535056388349}
{"phase": "Adam", "step": 800, "total": 1.1687890724665013, "pde": 0.19587370781929653, "constitutive": 0.0, "interface_temperature": 3.4282188081652576e-05, "interface_flux": 0.06123898687391577, "energy": 0.035709727709988176}
{"phase": "Adam", "step": 1000, "total": 1.1369785304129312, "pde": 0.1871409713540643, "constitutive": 0.0, "interface_temperature": 1.842770797719513e-05, "interface_flux": 0.05975409119252444, "energy": 0.0350453876335903}
{"phase": "Adam", "step": 1200, "total": 1.1044834004219566, "pde": 0.17831675416621418, "constitutive": 0.0, "interface_temperature": 9.062434912502796e-06, "interface_flux": 0.05822945551178986, "energy": 0.03429658476465934}
{"phase": "Adam", "step": 1400, "total": 1.07113006353041, "pde": 0.1701620836051213, "constitutive": 0.0, "interface_temperature": 4.2058473881131754e-06, "interface_flux": 0.056608901533643945, "energy": 0.03344583798500378}
{"phase": "LBFGS", "step": 250, "total": 0.09277587192671889, "pde": 0.062358614609583495, "constitutive": 0.0, "interface_temperature": 1.3104658660190945e-05, "interface_flux": 0.0021324023041679315, "energy": 0.0007782768409436991}
{"phase": "LBFGS", "step": 500, "total": 0.055521074605888655, "pde": 0.039982846703438504, "constitutive": 0.0, "interface_temperature": 1.2836111539481919e-05, "interface_flux": 0.0013146497697770643, "energy": 0.00011081190507313214}
{"phase": "LBFGS", "step": 750, "total": 0.04668461454725251, "pde": 0.037867641634441174, "constitutive": 0.0, "interface_temperature": 2.068889066329574e-05, "interface_flux": 0.0005972786909834439, "energy": 7.752969366473275e-05}
{"phase": "LBFGS", "step": 1000, "total": 0.04133957006579655, "pde": 0.034500463853194406, "constitutive": 0.0, "interface_temperature": 2.0753302641442e-05, "interface_flux": 0.00039713741657947777, "energy": 7.924017826631616e-05}
{"phase": "LBFGS", "step": 1250, "total": 0.03860019121520622, "pde": 0.03347333397417658, "constitutive": 0.0, "interface_temperature": 1.6286871483996624e-05, "interface_flux": 0.00031421691951716844, "energy": 3.560008974582907e-05}
{"phase": "LBFGS", "step": 1500, "total": 0.036264987790463374, "pde": 0.031685814271726884, "constitutive": 0.0, "interface_temperature": 1.7367312009102696e-05, "interface_flux": 0.0002460392663515534, "energy": 3.8204965431068316e-05}
{"phase": "LBFGS", "step": 1750, "total": 0.029960631028616846, "pde": 0.025379333290957172, "constitutive": 0.0, "interface_temperature": 1.7642919289607604e-05, "interface_flux": 0.0002531050361274768, "energy": 2.8595544742414747e-05}
{"phase": "LBFGS", "step": 2000, "total": 0.02688233577275431, "pde": 0.02327832128067929, "constitutive": 0.0, "interface_temperature": 1.938628111753465e-05, "interface_flux": 0.00015135170536177047, "energy": 1.5186932670384729e-05}
{"phase": "LBFGS", "step": 2250, "total": 0.022223870148380225, "pde": 0.018558817798532246, "constitutive": 0.0, "interface_temperature": 1.400855944575698e-05, "interface_flux": 0.0002130195226937928, "energy": 1.3400117833435216e-05}
{"phase": "LBFGS", "step": 2500, "total": 0.016651334505833653, "pde": 0.013268128207229715, "constitutive": 0.0, "interface_temperature": 6.446512947360455e-06, "interface_flux": 0.000257227605160594, "energy": 1.6627895226195243e-05}
{"phase": "LBFGS", "step": 2750, "total": 0.013387861818013857, "pde": 0.010374940435206129, "constitutive": 0.0, "interface_temperature": 3.07353861472325e-06, "interface_flux": 0.00026351228944251236, "energy": 7.04446269102784e-06}
{"phase": "LBFGS", "step": 3000, "total": 0.009811559134799948, "pde": 0.007536137112195428, "constitutive": 0.0, "interface_temperature": 4.278707731503564e-06, "interface_flux": 0.00017989813269121842, "energy": 4.856992254197791e-06}
{"phase": "LBFGS", "step": 3250, "total": 0.008291565356197492, "pde": 0.006255923047273658, "constitutive": 0.0, "interface_temperature": 4.989067898536483e-06, "interface_flux": 0.0001496473852950909, "energy": 4.02616661192773e-06}
{"case": "xlpe_discrete_layers", "variant": "subdomain", "Tmax_C": 36.76936983039026, "accepted": false, "seconds": 515.966763700002}
