{"phase": "Adam", "step": 0, "total": 248.83701438097404, "pde": 20.172046619566366, "constitutive": 0.0, "interface_temperature": 0.12222147069357785, "interface_flux": 7.638635218683901, "energy": 3.005714488099084}
{"phase": "Adam", "step": 200, "total": 7.255568112088766, "pde": 1.5098133181850744, "constitutive": 0.0, "interface_temperature": 0.0004360990798846231, "interface_flux": 0.29523086734016585, "energy": 0.23573470406174096}
{"phase": "Adam", "step": 400, "total": 3.507181134161674, "pde": 0.7603793187225267, "constitutive": 0.0, "interface_temperature": 8.879394634606759e-05, "interface_flux": 0.15912714539075454, "energy": 0.10667364151855342}
{"phase": "Adam", "step": 600, "total": 1.9127301078257957, "pde": 0.5188762891764186, "constitutive": 0.0, "interface_temperature": 4.622088560179076e-05, "interface_flux": 0.08249201347976157, "energy": 0.05227127982499708}
{"phase": "Adam", "step": 800, "total": 1.1741365975624358, "pde": 0.4072559450877899, "constitutive": 0.0, "interface_temperature": 3.691534924025785e-05, "interface_flux": 0.04559845992768616, "energy": 0.027398070395752646}
{"phase": "Adam", "step": 1000, "total": 0.8527647775502725, "pde": 0.36187897464590446, "constitutive": 0.0, "interface_temperature": 3.5134222508187635e-05, "interface_flux": 0.028807613168154333, "energy": 0.016767544871463702}
{"phase": "Adam", "step": 1200, "total": 0.6897017659493059, "pde": 0.3333977476538084, "constitutive": 0.0, "interface_temperature": 3.7379042046007215e-05, "interface_flux": 0.020217752210198444, "energy": 0.011674745414750581}
{"phase": "Adam", "step": 1400, "total": 0.5977323646670226, "pde": 0.3065687935681939, "constitutive": 0.0, "interface_temperature": 4.3623852757587464e-05, "interface_flux": 0.014722309793111012, "energy": 0.010031662041013112}
{"phase": "LBFGS", "step": 250, "total": 0.16696344104511843, "pde": 0.10032343628473869, "constitutive": 0.0, "interface_temperature": 4.2353500660274434e-05, "interface_flux": 0.0021952901522181555, "energy": 0.0002333602577923747}
{"phase": "LBFGS", "step": 500, "total": 0.08411646019380692, "pde": 0.04449742732168548, "constitutive": 0.0, "interface_temperature": 2.7081178920067232e-05, "interface_flux": 0.0010450091388979961, "energy": 0.00020877625630742527}
{"phase": "LBFGS", "step": 750, "total": 0.056909434369969966, "pde": 0.03300259575583056, "constitutive": 0.0, "interface_temperature": 1.7934246256823687e-05, "interface_flux": 0.0005258835111148646, "energy": 7.137572461670717e-05}
{"phase": "LBFGS", "step": 1000, "total": 0.04673011275887553, "pde": 0.02780168103448978, "constitutive": 0.0, "interface_temperature": 1.576005772493631e-05, "interface_flux": 0.0002825962173949718, "energy": 3.4241182549972026e-05}
{"phase": "LBFGS", "step": 1250, "total": 0.0387961052467036, "pde": 0.021597847968532223, "constitutive": 0.0, "interface_temperature": 1.4531360133301171e-05, "interface_flux": 0.00023655631985573564, "energy": 3.0133394631284093e-05}
{"phase": "LBFGS", "step": 1500, "total": 0.03363853269592015, "pde": 0.019126037562536703, "constitutive": 0.0, "interface_temperature": 1.2209945530855587e-05, "interface_flux": 0.000212934308728797, "energy": 1.732065152398904e-05}
{"phase": "LBFGS", "step": 1750, "total": 0.028171002405566043, "pde": 0.015313458400449094, "constitutive": 0.0, "interface_temperature": 1.0660147541152213e-05, "interface_flux": 0.00020323675168518516, "energy": 1.650289471128811e-05}
{"phase": "LBFGS", "step": 2000, "total": 0.022463990451767456, "pde": 0.011222072740112995, "constitutive": 0.0, "interface_temperature": 9.464368840899427e-06, "interface_flux": 0.00016945966762719144, "energy": 8.295219448312115e-06}
{"phase": "LBFGS", "step": 2250, "total": 0.017986472550663702, "pde": 0.009964829432593858, "constitutive": 0.0, "interface_temperature": 6.7582910854037144e-06, "interface_flux": 0.0001226893313087855, "energy": 3.6458719578273525e-06}
{"phase": "LBFGS", "step": 2500, "total": 0.014729428174214408, "pde": 0.008835672888071949, "constitutive": 0.0, "interface_temperature": 4.8657545350286695e-06, "interface_flux": 9.662016193628366e-05, "energy": 6.1799131750951006e-06}
{"phase": "LBFGS", "step": 2750, "total": 0.011686369170879106, "pde": 0.008019221333262683, "constitutive": 0.0, "interface_temperature": 2.5566242977107383e-06, "interface_flux": 9.779782430035817e-05, "energy": 1.3254529690210309e-05}
{"phase": "LBFGS", "step": 3000, "total": 0.008611335992141467, "pde": 0.006169268914368913, "constitutive": 0.0, "interface_temperature": 1.695488721599945e-06, "interface_flux": 6.754548385495326e-05, "energy": 7.112351762307828e-06}
{"phase": "LBFGS", "step": 3250, "total": 0.006592907984216903, "pde": 0.00475433751908271, "constitutive": 0.0, "interface_temperature": 1.2570345156130407e-06, "interface_flux": 5.497126134078489e-05, "energy": 3.182333611330351e-06}
{"case": "aras_flat", "variant": "subdomain", "Tmax_C": 41.736885323681236, "accepted": false, "seconds": 1278.0196786000015}
