{"phase": "Adam", "step": 0, "total": 21768.137020609694, "pde": 7708.8363669364435, "constitutive": 0.0, "interface_temperature": 0.009479468512910377, "interface_flux": 21.735510505874785, "energy": 1383.2466080101594}
{"phase": "Adam", "step": 200, "total": 5.869463843355359, "pde": 4.745264546525491, "constitutive": 0.0, "interface_temperature": 7.332062681462639e-06, "interface_flux": 0.06973378076951028, "energy": 0.04195294264533025}
{"phase": "Adam", "step": 400, "total": 2.2509661353076043, "pde": 0.9853774007586944, "constitutive": 0.0, "interface_temperature": 2.695867272046211e-06, "interface_flux": 0.07890191386550531, "energy": 0.047387372862181046}
{"phase": "Adam", "step": 600, "total": 2.0005679684857958, "pde": 0.7176176444618271, "constitutive": 0.0, "interface_temperature": 1.19598484714139e-06, "interface_flux": 0.08050436360608734, "energy": 0.0476710703115954}
{"phase": "Adam", "step": 800, "total": 1.8570067129788217, "pde": 0.5771874378026582, "constitutive": 0.0, "interface_temperature": 8.2804286183418e-07, "interface_flux": 0.0806083341820388, "energy": 0.04729078904939413}
{"phase": "Adam", "step": 1000, "total": 1.7427729941485839, "pde": 0.47306180758170624, "constitutive": 0.0, "interface_temperature": 6.576035736455283e-07, "interface_flux": 0.08010916396969091, "energy": 0.0467961943296323}
{"phase": "Adam", "step": 1200, "total": 1.6451240687745163, "pde": 0.3918451922480737, "constitutive": 0.0, "interface_temperature": 5.228142641428248e-07, "interface_flux": 0.07908340895296602, "energy": 0.04619219727326395}
{"phase": "Adam", "step": 1400, "total": 1.559846056265339, "pde": 0.32776358908815617, "constitutive": 0.0, "interface_temperature": 4.2152498212854625e-07, "interface_flux": 0.07770282053722127, "energy": 0.04546327368228416}
{"phase": "LBFGS", "step": 250, "total": 0.2097798176615491, "pde": 0.1614515209972961, "constitutive": 0.0, "interface_temperature": 3.3304661292149448e-06, "interface_flux": 0.003015559173420698, "energy": 0.0014842238800831086}
{"phase": "LBFGS", "step": 500, "total": 0.06446827018734855, "pde": 0.05143783860716607, "constitutive": 0.0, "interface_temperature": 4.6278749500835846e-07, "interface_flux": 0.0007565734782829619, "energy": 0.0005001909302344501}
{"phase": "LBFGS", "step": 750, "total": 0.04359081026044379, "pde": 0.0399580583634036, "constitutive": 0.0, "interface_temperature": 2.671083139366127e-07, "interface_flux": 0.00028767377592103956, "energy": 4.889058238931854e-05}
{"phase": "LBFGS", "step": 1000, "total": 0.033829126253008455, "pde": 0.03186277565535747, "constitutive": 0.0, "interface_temperature": 2.7287395633464285e-07, "interface_flux": 0.00014258704174265947, "energy": 2.6760622388974375e-05}
{"phase": "LBFGS", "step": 1250, "total": 0.03132503532147502, "pde": 0.029321695025720074, "constitutive": 0.0, "interface_temperature": 2.3974232452856763e-07, "interface_flux": 0.00012488472465633788, "energy": 5.1475072466299804e-05}
{"phase": "LBFGS", "step": 1500, "total": 0.028947013418879848, "pde": 0.027134489123715164, "constitutive": 0.0, "interface_temperature": 2.9005902141004943e-07, "interface_flux": 0.000120333750704398, "energy": 3.19127766710655e-05}
{"phase": "LBFGS", "step": 1750, "total": 0.02727411196343947, "pde": 0.026057512759793244, "constitutive": 0.0, "interface_temperature": 2.9070581278634975e-07, "interface_flux": 6.219007013065784e-05, "energy": 3.0399268955330075e-05}
{"phase": "LBFGS", "step": 2000, "total": 0.026548205811252636, "pde": 0.025533078559499295, "constitutive": 0.0, "interface_temperature": 1.3454908160769595e-07, "interface_flux": 5.698740478707938e-05, "energy": 3.1070412227485104e-05}
{"phase": "LBFGS", "step": 2250, "total": 0.026029128856041507, "pde": 0.025060162460160455, "constitutive": 0.0, "interface_temperature": 1.9440500003715018e-07, "interface_flux": 4.812757125488949e-05, "energy": 2.9328568329500904e-05}
{"phase": "LBFGS", "step": 2500, "total": 0.025408123975614542, "pde": 0.02449325971421838, "constitutive": 0.0, "interface_temperature": 2.329921254129393e-07, "interface_flux": 4.851576702766698e-05, "energy": 1.9671446570655436e-05}
{"phase": "LBFGS", "step": 2750, "total": 0.024580304216757356, "pde": 0.02367852788533405, "constitutive": 0.0, "interface_temperature": 2.2096521187008296e-07, "interface_flux": 4.9405105762091744e-05, "energy": 1.8676006193230298e-05}
{"phase": "LBFGS", "step": 3000, "total": 0.02394871956353778, "pde": 0.02322471340183815, "constitutive": 0.0, "interface_temperature": 1.4579951548569024e-07, "interface_flux": 4.213551662067864e-05, "energy": 1.5685148000715263e-05}
{"phase": "LBFGS", "step": 3250, "total": 0.02355449586851913, "pde": 0.022778017122742383, "constitutive": 0.0, "interface_temperature": 1.975712173218439e-07, "interface_flux": 3.555524964362981e-05, "energy": 2.2335503201860323e-05}
{"case": "xlpe_single", "variant": "subdomain", "Tmax_C": 36.717690082402015, "accepted": true, "seconds": 504.62506560000475}
