[
  {
    "case": "kim_layered",
    "mode": "fixed",
    "family": "nominal",
    "directory": "coupled_final/kim_layered",
    "accepted": 1,
    "n": 3,
    "median_rmse_K": 0.5035880274203685,
    "min_rmse_K": 0.3792958310901566,
    "max_rmse_K": 0.79579722552742,
    "max_electrical_residual_pct": 0.323651913514667,
    "max_current_error_pct": null,
    "max_limit_error_K": null,
    "median_seconds": 156.9587412999972
  },
  {
    "case": "kim_layered",
    "mode": "uniform",
    "family": "nominal",
    "directory": "comparisons/adaptive_nominal_uniform/kim_layered",
    "accepted": 1,
    "n": 3,
    "median_rmse_K": 0.5035573865047706,
    "min_rmse_K": 0.474241425719775,
    "max_rmse_K": 0.7614865139416879,
    "max_electrical_residual_pct": 0.2025510619610228,
    "max_current_error_pct": null,
    "max_limit_error_K": null,
    "median_seconds": 220.87488020000455
  },
  {
    "case": "kim_layered",
    "mode": "residual",
    "family": "nominal",
    "directory": "comparisons/adaptive_nominal_residual/kim_layered",
    "accepted": 1,
    "n": 3,
    "median_rmse_K": 0.7053407941924817,
    "min_rmse_K": 0.6162404841834346,
    "max_rmse_K": 1.1812264419722445,
    "max_electrical_residual_pct": 0.16022897417001092,
    "max_current_error_pct": null,
    "max_limit_error_K": null,
    "median_seconds": 224.23072229999525
  },
  {
    "case": "kim_layered",
    "mode": "gradient",
    "family": "nominal",
    "directory": "comparisons/adaptive_nominal_gradient/kim_layered",
    "accepted": 1,
    "n": 3,
    "median_rmse_K": 0.5440250455588903,
    "min_rmse_K": 0.4174348863833893,
    "max_rmse_K": 0.5460444944886635,
    "max_electrical_residual_pct": 0.13478243625613037,
    "max_current_error_pct": null,
    "max_limit_error_K": null,
    "median_seconds": 231.00907169999846
  },
  {
    "case": "xlpe_backfill",
    "mode": "fixed",
    "family": "ampacity",
    "directory": "comparisons/ampacity_constraints1000/xlpe_backfill",
    "accepted": 0,
    "n": 3,
    "median_rmse_K": 4.001353796230048,
    "min_rmse_K": 3.9627775187311465,
    "max_rmse_K": 5.513374102923882,
    "max_electrical_residual_pct": 0.016100464427281514,
    "max_current_error_pct": 8.544765250845654,
    "max_limit_error_K": 0.10372525651357023,
    "median_seconds": 125.6717656999972
  },
  {
    "case": "xlpe_backfill",
    "mode": "uniform",
    "family": "ampacity",
    "directory": "comparisons/adaptive_ampacity_uniform/xlpe_backfill",
    "accepted": 1,
    "n": 3,
    "median_rmse_K": 4.10662781357006,
    "min_rmse_K": 2.552175941720337,
    "max_rmse_K": 6.213565086943168,
    "max_electrical_residual_pct": 0.008344074139048913,
    "max_current_error_pct": 9.58191082030958,
    "max_limit_error_K": 0.098897163282885,
    "median_seconds": 182.69685979999485
  },
  {
    "case": "xlpe_backfill",
    "mode": "residual",
    "family": "ampacity",
    "directory": "comparisons/adaptive_ampacity_residual/xlpe_backfill",
    "accepted": 2,
    "n": 3,
    "median_rmse_K": 2.4337031293028875,
    "min_rmse_K": 1.5056526133505916,
    "max_rmse_K": 6.597814103055288,
    "max_electrical_residual_pct": 0.008610843780756305,
    "max_current_error_pct": 10.450540693450538,
    "max_limit_error_K": 0.11059768540008008,
    "median_seconds": 168.93111299999873
  },
  {
    "case": "xlpe_backfill",
    "mode": "gradient",
    "family": "ampacity",
    "directory": "comparisons/adaptive_ampacity_gradient/xlpe_backfill",
    "accepted": 1,
    "n": 3,
    "median_rmse_K": 2.6694467929472445,
    "min_rmse_K": 1.6528354699247725,
    "max_rmse_K": 5.1757896288718115,
    "max_electrical_residual_pct": 0.005186702213807985,
    "max_current_error_pct": 7.5066021386144595,
    "max_limit_error_K": 0.06992333298055087,
    "median_seconds": 167.21992509999836
  }
]
