FEM annulus level 0
{"level": 0, "ndofs": 988, "Tmax_C": 49.494154462713986, "balance_pct": 2.64814219102618, "elapsed_s": 2.6374080239999955}
FEM annulus level 1
{"level": 1, "ndofs": 3640, "Tmax_C": 49.568184612375596, "balance_pct": 0.6239538027073989, "elapsed_s": 3.4048617849999943}
FEM annulus level 2
{"level": 2, "ndofs": 13917, "Tmax_C": 49.57520070474279, "balance_pct": 0.2085975072165848, "elapsed_s": 7.6677579179999995}
FEM aras_flat level 0
{"level": 0, "ndofs": 1204, "Tmax_C": 50.42353800327473, "balance_pct": 1.7011039288600427, "elapsed_s": 2.4263922059999885}
FEM aras_flat level 1
{"level": 1, "ndofs": 4350, "Tmax_C": 50.43534037337051, "balance_pct": 0.5833556705272847, "elapsed_s": 3.2310045950000017}
FEM aras_flat level 2
{"level": 2, "ndofs": 15963, "Tmax_C": 50.43617013400312, "balance_pct": 0.19489549049122248, "elapsed_s": 7.31259068899999}
FEM aras_single level 0
{"level": 0, "ndofs": 738, "Tmax_C": 63.051277995834056, "balance_pct": 1.669845110638473, "elapsed_s": 1.1251627170000091}
FEM aras_single level 1
{"level": 1, "ndofs": 2680, "Tmax_C": 63.07895823665906, "balance_pct": 0.4718977014044738, "elapsed_s": 2.620162504999996}
FEM aras_single level 2
{"level": 2, "ndofs": 10155, "Tmax_C": 63.080840986633646, "balance_pct": 0.19367461449284676, "elapsed_s": 4.283791488000006}
FEM kim_layered level 0
{"level": 0, "ndofs": 1375, "Tmax_C": 47.59841818208237, "balance_pct": 1.287648914189316, "elapsed_s": 1.8326260790000077}
FEM kim_layered level 1
{"level": 1, "ndofs": 4971, "Tmax_C": 47.61069019876166, "balance_pct": 0.5821702686163862, "elapsed_s": 3.725840516000005}
FEM kim_layered level 2
{"level": 2, "ndofs": 17883, "Tmax_C": 47.61159141891281, "balance_pct": 0.2423432650577166, "elapsed_s": 8.592483741999985}
FEM kim_pac level 0
{"level": 0, "ndofs": 1375, "Tmax_C": 48.959685534502015, "balance_pct": 1.7447973376262698, "elapsed_s": 2.2422211230000073}
FEM kim_pac level 1
{"level": 1, "ndofs": 4971, "Tmax_C": 48.97094581719048, "balance_pct": 0.5890347003509637, "elapsed_s": 3.43467068999999}
FEM kim_pac level 2
{"level": 2, "ndofs": 17883, "Tmax_C": 48.97171248576298, "balance_pct": 0.2413835126622302, "elapsed_s": 7.3655170450000185}
FEM kim_sand level 0
{"level": 0, "ndofs": 1375, "Tmax_C": 51.68540099498452, "balance_pct": 1.5681515604938259, "elapsed_s": 1.9266006050000044}
FEM kim_sand level 1
{"level": 1, "ndofs": 4971, "Tmax_C": 51.69963724523191, "balance_pct": 0.5557018213038986, "elapsed_s": 3.4949616050000145}
FEM kim_sand level 2
{"level": 2, "ndofs": 17883, "Tmax_C": 51.70060791340123, "balance_pct": 0.2315516802053419, "elapsed_s": 7.91566783799999}
FEM mms_constant level 0
{"level": 0, "ndofs": 1089, "Tmax_C": 50.00043223654275, "balance_pct": 0.4762636226660514, "elapsed_s": 1.7477929749999817}
FEM mms_constant level 1
{"level": 1, "ndofs": 4225, "Tmax_C": 50.00002707481137, "balance_pct": 0.12012416877405264, "elapsed_s": 3.072953654999992}
FEM mms_constant level 2
{"level": 2, "ndofs": 16641, "Tmax_C": 50.00000169302059, "balance_pct": 0.030097472546515576, "elapsed_s": 4.392723556999982}
FEM mms_high_contrast level 0
{"level": 0, "ndofs": 1089, "Tmax_C": 50.000511447855004, "balance_pct": 0.48154039329596127, "elapsed_s": 1.3552912419999927}
FEM mms_high_contrast level 1
{"level": 1, "ndofs": 4225, "Tmax_C": 50.00003200782592, "balance_pct": 0.12084524513816743, "elapsed_s": 3.1138687379999794}
FEM mms_high_contrast level 2
{"level": 2, "ndofs": 16641, "Tmax_C": 50.0000020011561, "balance_pct": 0.03019171512029369, "elapsed_s": 4.920042077999966}
FEM mms_interface level 0
{"level": 0, "ndofs": 1089, "Tmax_C": 32.5, "balance_pct": 0.3163248293141638, "elapsed_s": 1.040659428999959}
FEM mms_interface level 1
{"level": 1, "ndofs": 4225, "Tmax_C": 32.5, "balance_pct": 0.0797829681084839, "elapsed_s": 2.738149012000008}
FEM mms_interface level 2
{"level": 2, "ndofs": 16641, "Tmax_C": 32.5, "balance_pct": 0.020018036098779435, "elapsed_s": 4.2452134380000075}
FEM mms_layered_y level 0
{"level": 0, "ndofs": 1089, "Tmax_C": 32.5, "balance_pct": 0.3163248293123174, "elapsed_s": 1.1190315369999553}
FEM mms_layered_y level 1
{"level": 1, "ndofs": 4225, "Tmax_C": 32.5, "balance_pct": 0.07978296811472671, "elapsed_s": 2.4522206310000456}
FEM mms_layered_y level 2
{"level": 2, "ndofs": 16641, "Tmax_C": 32.5, "balance_pct": 0.020018036096481895, "elapsed_s": 4.179999484999996}
FEM mms_robin level 0
{"level": 0, "ndofs": 1089, "Tmax_C": 35.00026541900765, "balance_pct": 0.001517054009730772, "elapsed_s": 1.2410967389999996}
FEM mms_robin level 1
{"level": 1, "ndofs": 4225, "Tmax_C": 35.00003374950806, "balance_pct": 0.0004911489778988956, "elapsed_s": 2.785546893000003}
FEM mms_robin level 2
{"level": 2, "ndofs": 16641, "Tmax_C": 35.00000425492197, "balance_pct": 0.0001374344408115244, "elapsed_s": 3.2893245039999783}
FEM mms_smooth_2d level 0
{"level": 0, "ndofs": 1089, "Tmax_C": 50.000464633866564, "balance_pct": 0.47584004798035, "elapsed_s": 1.1435215089999815}
FEM mms_smooth_2d level 1
{"level": 1, "ndofs": 4225, "Tmax_C": 50.00002921361549, "balance_pct": 0.12009587761061392, "elapsed_s": 2.34274233900004}
FEM mms_smooth_2d level 2
{"level": 2, "ndofs": 16641, "Tmax_C": 50.00000182863512, "balance_pct": 0.030095674723860537, "elapsed_s": 4.063963719000014}
FEM mms_variable level 0
{"level": 0, "ndofs": 1089, "Tmax_C": 50.00043881612343, "balance_pct": 0.47619184183237867, "elapsed_s": 1.0106858340000144}
FEM mms_variable level 1
{"level": 1, "ndofs": 4225, "Tmax_C": 50.00002749066622, "balance_pct": 0.12011959834880963, "elapsed_s": 2.718627842999979}
FEM mms_variable level 2
{"level": 2, "ndofs": 16641, "Tmax_C": 50.0000017191763, "balance_pct": 0.030097185559487448, "elapsed_s": 3.866674359000001}
FEM xlpe_backfill level 0
{"level": 0, "ndofs": 854, "Tmax_C": 33.51833988156493, "balance_pct": 2.917865888149638, "elapsed_s": 1.091000366000003}
FEM xlpe_backfill level 1
{"level": 1, "ndofs": 3183, "Tmax_C": 33.52748207911382, "balance_pct": 1.1256792580803898, "elapsed_s": 2.0740178180000157}
FEM xlpe_backfill level 2
{"level": 2, "ndofs": 11517, "Tmax_C": 33.528071182338174, "balance_pct": 0.2696320517822483, "elapsed_s": 3.6119021089999706}
FEM xlpe_discrete_layers level 0
{"level": 0, "ndofs": 850, "Tmax_C": 37.3617040750561, "balance_pct": 1.8455897732568667, "elapsed_s": 1.099563695000029}
FEM xlpe_discrete_layers level 1
{"level": 1, "ndofs": 3217, "Tmax_C": 37.37707664111159, "balance_pct": 1.0844511621266733, "elapsed_s": 2.2339679090000004}
FEM xlpe_discrete_layers level 2
{"level": 2, "ndofs": 11643, "Tmax_C": 37.37796022533343, "balance_pct": 0.28843456799563283, "elapsed_s": 3.6268830770000022}
FEM xlpe_dry_far level 0
{"level": 0, "ndofs": 854, "Tmax_C": 36.8777640284233, "balance_pct": 2.5126449671720827, "elapsed_s": 1.0280884410000226}
FEM xlpe_dry_far level 1
{"level": 1, "ndofs": 3183, "Tmax_C": 36.89374801024426, "balance_pct": 1.0984089473865193, "elapsed_s": 2.467964397000003}
FEM xlpe_dry_far level 2
{"level": 2, "ndofs": 11517, "Tmax_C": 36.89473807841665, "balance_pct": 0.2697872712799608, "elapsed_s": 3.3425992900000097}
FEM xlpe_dry_large level 0
{"level": 0, "ndofs": 854, "Tmax_C": 44.81370821942373, "balance_pct": 1.7368287942887277, "elapsed_s": 1.3001756849999992}
FEM xlpe_dry_large level 1
{"level": 1, "ndofs": 3183, "Tmax_C": 44.85781525991125, "balance_pct": 0.12595267442161243, "elapsed_s": 2.181137716999956}
FEM xlpe_dry_large level 2
{"level": 2, "ndofs": 11517, "Tmax_C": 44.86053285882778, "balance_pct": 0.09571703556279479, "elapsed_s": 3.7643902300000036}
FEM xlpe_dry_near level 0
{"level": 0, "ndofs": 854, "Tmax_C": 42.8366151931964, "balance_pct": 2.7056383104386383, "elapsed_s": 0.9845376389999956}
FEM xlpe_dry_near level 1
{"level": 1, "ndofs": 3183, "Tmax_C": 42.87289458467198, "balance_pct": 1.0667260208119733, "elapsed_s": 2.403338718000043}
FEM xlpe_dry_near level 2
{"level": 2, "ndofs": 11517, "Tmax_C": 42.87478267062006, "balance_pct": 0.26436507306921253, "elapsed_s": 4.027704357000005}
FEM xlpe_single level 0
{"level": 0, "ndofs": 854, "Tmax_C": 36.84213566143575, "balance_pct": 2.7955705445478345, "elapsed_s": 0.9594033559999957}
FEM xlpe_single level 1
{"level": 1, "ndofs": 3183, "Tmax_C": 36.85759874714069, "balance_pct": 1.0917091407802229, "elapsed_s": 2.0289969689999907}
FEM xlpe_single level 2
{"level": 2, "ndofs": 11517, "Tmax_C": 36.85850363541242, "balance_pct": 0.2666152915094944, "elapsed_s": 3.156037767999976}
{"case": "aras_flat", "level": 0, "mode": "nominal", "current": 1110.0, "Tmax": 54.43071070269328, "balance": 1.7007968932741864, "electrical": 6.193818176346735e-12}
{"case": "aras_flat", "level": 0, "mode": "ampacity", "current": 1495.5491065979004, "Tmax": 89.99997500231945, "balance": 1.7005203360818848, "electrical": 1.1359331982857934e-11}
{"case": "aras_flat", "level": 1, "mode": "nominal", "current": 1110.0, "Tmax": 54.44588876775002, "balance": 0.5832189102834521, "electrical": 3.1917708399218625e-11}
{"case": "aras_flat", "level": 1, "mode": "ampacity", "current": 1495.2569389343262, "Tmax": 89.99998962470052, "balance": 0.5830958311326475, "electrical": 5.853061128954581e-11}
{"case": "aras_flat", "level": 2, "mode": "nominal", "current": 1110.0, "Tmax": 54.44695332073345, "balance": 0.1949079835971212, "electrical": 1.2200293934549184e-11}
{"case": "aras_flat", "level": 2, "mode": "ampacity", "current": 1495.235767364502, "Tmax": 89.99990394829503, "balance": 0.19491922624698252, "electrical": 2.2358760249855283e-11}
{"case": "aras_single", "level": 0, "mode": "nominal", "current": 1657.0, "Tmax": 71.81853479228437, "balance": 1.6698451106388992, "electrical": 2.8477322574313166e-13}
{"case": "aras_single", "level": 0, "mode": "ampacity", "current": 1871.141258239746, "Tmax": 90.00007954452542, "balance": 1.669845110639225, "electrical": 3.794532309645654e-13}
{"case": "aras_single", "level": 1, "mode": "nominal", "current": 1657.0, "Tmax": 71.85864222784329, "balance": 0.4718977014044777, "electrical": 7.63092315093609e-12}
{"case": "aras_single", "level": 1, "mode": "ampacity", "current": 1870.5391874313354, "Tmax": 90.00000067492888, "balance": 0.4718977014050836, "electrical": 9.766666866110634e-12}
{"case": "aras_single", "level": 2, "mode": "nominal", "current": 1657.0, "Tmax": 71.86137063020149, "balance": 0.1936746144935779, "electrical": 7.2607017578374585e-12}
{"case": "aras_single", "level": 2, "mode": "ampacity", "current": 1870.498101234436, "Tmax": 89.99998044959052, "balance": 0.19367461449370144, "electrical": 9.30300123692e-12}
{"case": "kim_layered", "level": 0, "mode": "nominal", "current": 1026.0, "Tmax": 50.809028652824864, "balance": 1.2867726418998895, "electrical": 9.427674590465267e-12}
{"case": "kim_layered", "level": 0, "mode": "ampacity", "current": 1453.4758644104004, "Tmax": 89.99993567925164, "balance": 1.2858133544320625, "electrical": 1.899866551573333e-11}
{"case": "kim_layered", "level": 1, "mode": "nominal", "current": 1026.0, "Tmax": 50.824211485719616, "balance": 0.5820007859158545, "electrical": 2.918634228175987e-11}
{"case": "kim_layered", "level": 1, "mode": "ampacity", "current": 1453.1588401794434, "Tmax": 90.00009345985933, "balance": 0.5818147285568812, "electrical": 5.890631432112303e-11}
{"case": "kim_layered", "level": 2, "mode": "nominal", "current": 1026.0, "Tmax": 50.82532735283939, "balance": 0.24235508516483087, "electrical": 1.7929844928609125e-11}
{"case": "kim_layered", "level": 2, "mode": "ampacity", "current": 1453.1353569030762, "Tmax": 90.0000839686994, "balance": 0.24236813075492356, "electrical": 3.609532182784758e-11}
{"case": "kim_pac", "level": 0, "mode": "nominal", "current": 1026.0, "Tmax": 52.513978079352356, "balance": 1.7438006004998112, "electrical": 1.0010017716017209e-11}
{"case": "kim_pac", "level": 0, "mode": "ampacity", "current": 1418.928050994873, "Tmax": 90.00004251888592, "balance": 1.7428148990553751, "electrical": 1.932245892189745e-11}
{"case": "kim_pac", "level": 1, "mode": "nominal", "current": 1026.0, "Tmax": 52.52802810163858, "balance": 0.5888529907708641, "electrical": 2.290791569791754e-11}
{"case": "kim_pac", "level": 1, "mode": "ampacity", "current": 1418.6579933166504, "Tmax": 90.00007939022046, "balance": 0.5886729619113068, "electrical": 4.4183303600235285e-11}
{"case": "kim_pac", "level": 2, "mode": "nominal", "current": 1026.0, "Tmax": 52.52898448143245, "balance": 0.241396627126418, "electrical": 4.247279492236879e-11}
{"case": "kim_pac", "level": 2, "mode": "ampacity", "current": 1418.6384239196777, "Tmax": 89.99993255281976, "balance": 0.2414096909373243, "electrical": 8.163389528603586e-11}
{"case": "kim_sand", "level": 0, "mode": "nominal", "current": 1026.0, "Tmax": 55.93744253553632, "balance": 1.5667726542227676, "electrical": 1.1270377343748919e-11}
{"case": "kim_sand", "level": 0, "mode": "ampacity", "current": 1358.0750541687012, "Tmax": 90.0000054424475, "balance": 1.5656503410326932, "electrical": 1.9919961661099998e-11}
{"case": "kim_sand", "level": 1, "mode": "nominal", "current": 1026.0, "Tmax": 55.955549378445696, "balance": 0.5554628901206606, "electrical": 2.008193589455334e-11}
{"case": "kim_sand", "level": 1, "mode": "ampacity", "current": 1357.7756423950195, "Tmax": 89.99994285732143, "balance": 0.5552679761206396, "electrical": 3.538505964887839e-11}
{"case": "kim_sand", "level": 2, "mode": "nominal", "current": 1026.0, "Tmax": 55.95678384249449, "balance": 0.23155911334566298, "electrical": 1.667211776958218e-11}
{"case": "kim_sand", "level": 2, "mode": "ampacity", "current": 1357.7560729980469, "Tmax": 90.00004676459918, "balance": 0.231565235663323, "electrical": 2.934857782395694e-11}
{"case": "xlpe_backfill", "level": 0, "mode": "nominal", "current": 270.0, "Tmax": 34.27682589197708, "balance": 2.9178658881482877, "electrical": 7.77052621441964e-13}
{"case": "xlpe_backfill", "level": 0, "mode": "ampacity", "current": 544.1003036499023, "Tmax": 89.99999493465953, "balance": 2.917865888151445, "electrical": 3.3744796858457444e-12}
{"case": "xlpe_backfill", "level": 1, "mode": "nominal", "current": 270.0, "Tmax": 34.28702315648501, "balance": 1.1256792580846768, "electrical": 1.3759286615168917e-11}
{"case": "xlpe_backfill", "level": 1, "mode": "ampacity", "current": 543.9164543151855, "Tmax": 90.00000798769474, "balance": 1.1256792581363455, "electrical": 5.90250041995919e-11}
{"case": "xlpe_backfill", "level": 2, "mode": "nominal", "current": 270.0, "Tmax": 34.28768027246164, "balance": 0.2696320517856046, "electrical": 7.61480811709933e-12}
{"case": "xlpe_backfill", "level": 2, "mode": "ampacity", "current": 543.9046096801758, "Tmax": 90.0000074575771, "balance": 0.26963205178590166, "electrical": 3.2675979075616964e-11}
{"case": "xlpe_discrete_layers", "level": 0, "mode": "nominal", "current": 270.0, "Tmax": 38.63306606677022, "balance": 1.8455897732570403, "electrical": 2.6468901570638917e-12}
{"case": "xlpe_discrete_layers", "level": 0, "mode": "ampacity", "current": 480.11404037475586, "Tmax": 89.99996714238327, "balance": 1.8455897732633164, "electrical": 8.855626549624182e-12}
{"case": "xlpe_discrete_layers", "level": 1, "mode": "nominal", "current": 270.0, "Tmax": 38.65077361674936, "balance": 1.0844511621278463, "electrical": 3.1407726644918126e-12}
{"case": "xlpe_discrete_layers", "level": 1, "mode": "ampacity", "current": 479.9018669128418, "Tmax": 90.0000560731317, "balance": 1.0844511621350175, "electrical": 1.0405472061990551e-11}
{"case": "xlpe_discrete_layers", "level": 2, "mode": "nominal", "current": 270.0, "Tmax": 38.65179148094741, "balance": 0.2884345679957956, "electrical": 2.270287884075368e-12}
{"case": "xlpe_discrete_layers", "level": 2, "mode": "ampacity", "current": 479.8895072937012, "Tmax": 89.99999687707152, "balance": 0.2884345680007381, "electrical": 7.509879474368332e-12}
{"case": "xlpe_dry_far", "level": 0, "mode": "nominal", "current": 270.0, "Tmax": 38.07679054274822, "balance": 2.5126449671708984, "electrical": 4.715187326942734e-14}
{"case": "xlpe_dry_far", "level": 0, "mode": "ampacity", "current": 486.9489097595215, "Tmax": 90.0000788550432, "balance": 2.5126449671760933, "electrical": 1.8264719498846053e-13}
{"case": "xlpe_dry_far", "level": 1, "mode": "nominal", "current": 270.0, "Tmax": 38.09512748965616, "balance": 1.0984089473893628, "electrical": 2.628540075526067e-12}
{"case": "xlpe_dry_far", "level": 1, "mode": "ampacity", "current": 486.7181968688965, "Tmax": 89.9999704501837, "balance": 1.098408947400866, "electrical": 8.970390227464235e-12}
{"case": "xlpe_dry_far", "level": 2, "mode": "nominal", "current": 270.0, "Tmax": 38.09626338463749, "balance": 0.2697872712796673, "electrical": 3.43005369554291e-12}
{"case": "xlpe_dry_far", "level": 2, "mode": "ampacity", "current": 486.7037773132324, "Tmax": 89.99991250702654, "balance": 0.269787271274252, "electrical": 1.1725581902589424e-11}
{"case": "xlpe_dry_large", "level": 0, "mode": "nominal", "current": 270.0, "Tmax": 47.494958055536536, "balance": 1.736828794287903, "electrical": 7.975942690584136e-14}
{"case": "xlpe_dry_large", "level": 0, "mode": "ampacity", "current": 401.6011047363281, "Tmax": 90.00003003743134, "balance": 1.7368287942871459, "electrical": 1.9692075689116846e-13}
{"case": "xlpe_dry_large", "level": 1, "mode": "nominal", "current": 270.0, "Tmax": 47.549122478703225, "balance": 0.1259526744195653, "electrical": 2.904963913550057e-12}
{"case": "xlpe_dry_large", "level": 1, "mode": "ampacity", "current": 401.24473571777344, "Tmax": 90.00006753581238, "balance": 0.1259526744157877, "electrical": 6.6892695306755325e-12}
{"case": "xlpe_dry_large", "level": 2, "mode": "nominal", "current": 270.0, "Tmax": 47.5524604310237, "balance": 0.09571703556469387, "electrical": 2.8479701264611915e-13}
{"case": "xlpe_dry_large", "level": 2, "mode": "ampacity", "current": 401.2225914001465, "Tmax": 89.99997279875568, "balance": 0.09571703556407775, "electrical": 6.456846010432395e-13}
{"case": "xlpe_dry_near", "level": 0, "mode": "nominal", "current": 270.0, "Tmax": 45.088231200703426, "balance": 2.7056383104394865, "electrical": 8.044612061648978e-14}
{"case": "xlpe_dry_near", "level": 0, "mode": "ampacity", "current": 418.6244201660156, "Tmax": 89.999903269186, "balance": 2.7056383104412713, "electrical": 1.9770648119391445e-13}
{"case": "xlpe_dry_near", "level": 1, "mode": "nominal", "current": 270.0, "Tmax": 45.132024195341145, "balance": 1.0667260208142832, "electrical": 1.4018413464649e-12}
{"case": "xlpe_dry_near", "level": 1, "mode": "ampacity", "current": 418.29251289367676, "Tmax": 89.99999755127138, "balance": 1.06672602081975, "electrical": 3.5478637245968657e-12}
{"case": "xlpe_dry_near", "level": 2, "mode": "nominal", "current": 270.0, "Tmax": 45.13430368686792, "balance": 0.2643650730690224, "electrical": 4.251451388132337e-12}
{"case": "xlpe_dry_near", "level": 2, "mode": "ampacity", "current": 418.27526092529297, "Tmax": 90.00000238783335, "balance": 0.26436507308003243, "electrical": 1.0677475139033922e-11}
{"case": "xlpe_single", "level": 0, "mode": "nominal", "current": 270.0, "Tmax": 38.03592628426464, "balance": 2.7955705445479593, "electrical": 5.187483892914076e-13}
{"case": "xlpe_single", "level": 0, "mode": "ampacity", "current": 487.46337890625, "Tmax": 89.999964585741, "balance": 2.7955705445475116, "electrical": 1.7861669208917842e-12}
{"case": "xlpe_single", "level": 1, "mode": "nominal", "current": 270.0, "Tmax": 38.05366029664919, "balance": 1.0917091407811643, "electrical": 8.252278212654759e-14}
{"case": "xlpe_single", "level": 1, "mode": "ampacity", "current": 487.23987579345703, "Tmax": 90.00000768092667, "balance": 1.091709140794737, "electrical": 2.7972470669983033e-13}
{"case": "xlpe_single", "level": 2, "mode": "nominal", "current": 270.0, "Tmax": 38.054698149353676, "balance": 0.26661529150940205, "electrical": 1.5325601169595928e-12}
{"case": "xlpe_single", "level": 2, "mode": "ampacity", "current": 487.22700119018555, "Tmax": 90.00008168738654, "balance": 0.26661529151342034, "electrical": 5.217748426200201e-12}
