{
  "aras_flat": {
    "nominal": "coupled_final/aras_flat",
    "ampacity": "ampacity_final/aras_flat"
  },
  "aras_single": {
    "nominal": "coupled_final/aras_single",
    "ampacity": "ampacity_final/aras_single"
  },
  "kim_layered": {
    "nominal": "comparisons/adaptive_nominal_uniform/kim_layered",
    "ampacity": "comparisons/ampacity_constraints1000/kim_layered"
  },
  "kim_pac": {
    "nominal": "coupled_final/kim_pac",
    "ampacity": "comparisons/ampacity_constraints1000/kim_pac"
  },
  "kim_sand": {
    "nominal": "coupled_final/kim_sand",
    "ampacity": "ampacity_final/kim_sand"
  },
  "xlpe_backfill": {
    "nominal": "coupled_final/xlpe_backfill",
    "ampacity": "comparisons/adaptive_ampacity_residual/xlpe_backfill"
  },
  "xlpe_discrete_layers": {
    "nominal": "coupled_final/xlpe_discrete_layers",
    "ampacity": "ampacity_final/xlpe_discrete_layers"
  },
  "xlpe_dry_far": {
    "nominal": "coupled_final/xlpe_dry_far",
    "ampacity": "ampacity_final/xlpe_dry_far"
  },
  "xlpe_dry_large": {
    "nominal": "coupled_final/xlpe_dry_large",
    "ampacity": "comparisons/ampacity_constraints1000/xlpe_dry_large"
  },
  "xlpe_dry_near": {
    "nominal": "coupled_final/xlpe_dry_near",
    "ampacity": "ampacity_final/xlpe_dry_near"
  },
  "xlpe_single": {
    "nominal": "coupled_final/xlpe_single",
    "ampacity": "ampacity_final/xlpe_single"
  }
}
{"runs": 290, "fem": 57, "selected": 19}
Numerical analysis completed
[
  {
    "case": "kim_layered",
    "mode": "fixed",
    "family": "nominal",
    "directory": "coupled_final/kim_layered",
    "accepted": 1,
    "n": 3,
    "median_rmse_K": 0.5035880274203685,
    "min_rmse_K": 0.3792958310901566,
    "max_rmse_K": 0.79579722552742,
    "max_electrical_residual_pct": 0.323651913514667,
    "max_current_error_pct": null,
    "max_limit_error_K": null,
    "median_seconds": 156.9587412999972
  },
  {
    "case": "kim_layered",
    "mode": "uniform",
    "family": "nominal",
    "directory": "comparisons/adaptive_nominal_uniform/kim_layered",
    "accepted": 1,
    "n": 3,
    "median_rmse_K": 0.5035573865047706,
    "min_rmse_K": 0.474241425719775,
    "max_rmse_K": 0.7614865139416879,
    "max_electrical_residual_pct": 0.2025510619610228,
    "max_current_error_pct": null,
    "max_limit_error_K": null,
    "median_seconds": 220.87488020000455
  },
  {
    "case": "kim_layered",
    "mode": "residual",
    "family": "nominal",
    "directory": "comparisons/adaptive_nominal_residual/kim_layered",
    "accepted": 1,
    "n": 3,
    "median_rmse_K": 0.7053407941924817,
    "min_rmse_K": 0.6162404841834346,
    "max_rmse_K": 1.1812264419722445,
    "max_electrical_residual_pct": 0.16022897417001092,
    "max_current_error_pct": null,
    "max_limit_error_K": null,
    "median_seconds": 224.23072229999525
  },
  {
    "case": "kim_layered",
    "mode": "gradient",
    "family": "nominal",
    "directory": "comparisons/adaptive_nominal_gradient/kim_layered",
    "accepted": 1,
    "n": 3,
    "median_rmse_K": 0.5440250455588903,
    "min_rmse_K": 0.4174348863833893,
    "max_rmse_K": 0.5460444944886635,
    "max_electrical_residual_pct": 0.13478243625613037,
    "max_current_error_pct": null,
    "max_limit_error_K": null,
    "median_seconds": 231.00907169999846
  },
  {
    "case": "xlpe_backfill",
    "mode": "fixed",
    "family": "ampacity",
    "directory": "comparisons/ampacity_constraints1000/xlpe_backfill",
    "accepted": 0,
    "n": 3,
    "median_rmse_K": 4.001353796230048,
    "min_rmse_K": 3.9627775187311465,
    "max_rmse_K": 5.513374102923882,
    "max_electrical_residual_pct": 0.016100464427281514,
    "max_current_error_pct": 8.544765250845654,
    "max_limit_error_K": 0.10372525651357023,
    "median_seconds": 125.6717656999972
  },
  {
    "case": "xlpe_backfill",
    "mode": "uniform",
    "family": "ampacity",
    "directory": "comparisons/adaptive_ampacity_uniform/xlpe_backfill",
    "accepted": 1,
    "n": 3,
    "median_rmse_K": 4.10662781357006,
    "min_rmse_K": 2.552175941720337,
    "max_rmse_K": 6.213565086943168,
    "max_electrical_residual_pct": 0.008344074139048913,
    "max_current_error_pct": 9.58191082030958,
    "max_limit_error_K": 0.098897163282885,
    "median_seconds": 182.69685979999485
  },
  {
    "case": "xlpe_backfill",
    "mode": "residual",
    "family": "ampacity",
    "directory": "comparisons/adaptive_ampacity_residual/xlpe_backfill",
    "accepted": 2,
    "n": 3,
    "median_rmse_K": 2.4337031293028875,
    "min_rmse_K": 1.5056526133505916,
    "max_rmse_K": 6.597814103055288,
    "max_electrical_residual_pct": 0.008610843780756305,
    "max_current_error_pct": 10.450540693450538,
    "max_limit_error_K": 0.11059768540008008,
    "median_seconds": 168.93111299999873
  },
  {
    "case": "xlpe_backfill",
    "mode": "gradient",
    "family": "ampacity",
    "directory": "comparisons/adaptive_ampacity_gradient/xlpe_backfill",
    "accepted": 1,
    "n": 3,
    "median_rmse_K": 2.6694467929472445,
    "min_rmse_K": 1.6528354699247725,
    "max_rmse_K": 5.1757896288718115,
    "max_electrical_residual_pct": 0.005186702213807985,
    "max_current_error_pct": 7.5066021386144595,
    "max_limit_error_K": 0.06992333298055087,
    "median_seconds": 167.21992509999836
  }
]
{
  "completed_utc": "2026-09-10T19:36:15.125491+00:00",
  "status": "passed",
  "counts": {
    "pinn": 290,
    "fem_verification": 57,
    "fem_coupled": 66,
    "selected_with_complete_training_source": 90
  },
  "checks": [
    "common case hashes",
    "stored-field RMSE and maximum",
    "FEM reference hash and electrical mode",
    "per-conductor R(T)",
    "FEM response superposition",
    "fine-mesh convergence and balance",
    "source archive hashes"
  ],
  "historical_training_source_not_archived": [
    {
      "record": "comparisons/conservative/kim_pac/pinn_seed11.json",
      "missing_archives": "No source hash recorded"
    },
    {
      "record": "comparisons/conservative/kim_pac/pinn_seed23.json",
      "missing_archives": "No source hash recorded"
    },
    {
      "record": "comparisons/conservative/kim_pac/pinn_seed37.json",
      "missing_archives": "No source hash recorded"
    },
    {
      "record": "comparisons/conservative/xlpe_dry_near/pinn_seed11.json",
      "missing_archives": "No source hash recorded"
    },
    {
      "record": "comparisons/conservative/xlpe_dry_near/pinn_seed23.json",
      "missing_archives": "No source hash recorded"
    },
    {
      "record": "comparisons/conservative/xlpe_dry_near/pinn_seed37.json",
      "missing_archives": "No source hash recorded"
    },
    {
      "record": "comparisons/conservative/xlpe_single/pinn_seed11.json",
      "missing_archives": "No source hash recorded"
    },
    {
      "record": "comparisons/conservative/xlpe_single/pinn_seed23.json",
      "missing_archives": "No source hash recorded"
    },
    {
      "record": "comparisons/conservative/xlpe_single/pinn_seed37.json",
      "missing_archives": "No source hash recorded"
    },
    {
      "record": "results/annulus/pinn_seed11.json",
      "missing_archives": "No source hash recorded"
    },
    {
      "record": "results/annulus/pinn_seed23.json",
      "missing_archives": [
        "results/annulus/source/fa036f6eed2aeea0af20aef0271587d732a0486f2b240488abc8ad6340ee6801_pinn.py"
      ]
    },
    {
      "record": "results/annulus/pinn_seed37.json",
      "missing_archives": [
        "results/annulus/source/fa036f6eed2aeea0af20aef0271587d732a0486f2b240488abc8ad6340ee6801_pinn.py"
      ]
    },
    {
      "record": "results/aras_flat/pinn_seed11.json",
      "missing_archives": "No source hash recorded"
    },
    {
      "record": "results/aras_flat/pinn_seed23.json",
      "missing_archives": "No source hash recorded"
    },
    {
      "record": "results/aras_flat/pinn_seed37.json",
      "missing_archives": "No source hash recorded"
    },
    {
      "record": "results/aras_single/pinn_seed11.json",
      "missing_archives": "No source hash recorded"
    },
    {
      "record": "results/aras_single/pinn_seed23.json",
      "missing_archives": "No source hash recorded"
    },
    {
      "record": "results/aras_single/pinn_seed37.json",
      "missing_archives": "No source hash recorded"
    },
    {
      "record": "results/kim_layered/pinn_seed11.json",
      "missing_archives": "No source hash recorded"
    },
    {
      "record": "results/kim_layered/pinn_seed23.json",
      "missing_archives": "No source hash recorded"
    },
    {
      "record": "results/kim_layered/pinn_seed37.json",
      "missing_archives": "No source hash recorded"
    },
    {
      "record": "results/kim_pac/pinn_seed11.json",
      "missing_archives": "No source hash recorded"
    },
    {
      "record": "results/kim_pac/pinn_seed23.json",
      "missing_archives": "No source hash recorded"
    },
    {
      "record": "results/kim_pac/pinn_seed37.json",
      "missing_archives": "No source hash recorded"
    },
    {
      "record": "results/kim_sand/pinn_seed11.json",
      "missing_archives": "No source hash recorded"
    },
    {
      "record": "results/kim_sand/pinn_seed23.json",
      "missing_archives": "No source hash recorded"
    },
    {
      "record": "results/kim_sand/pinn_seed37.json",
      "missing_archives": "No source hash recorded"
    },
    {
      "record": "results/mms_constant/pinn_seed11.json",
      "missing_archives": "No source hash recorded"
    },
    {
      "record": "results/mms_constant/pinn_seed23.json",
      "missing_archives": "No source hash recorded"
    },
    {
      "record": "results/mms_constant/pinn_seed37.json",
      "missing_archives": "No source hash recorded"
    },
    {
      "record": "results/mms_interface/pinn_seed11.json",
      "missing_archives": "No source hash recorded"
    },
    {
      "record": "results/mms_interface/pinn_seed23.json",
      "missing_archives": "No source hash recorded"
    },
    {
      "record": "results/mms_interface/pinn_seed37.json",
      "missing_archives": "No source hash recorded"
    },
    {
      "record": "results/mms_robin/pinn_seed11.json",
      "missing_archives": "No source hash recorded"
    },
    {
      "record": "results/mms_robin/pinn_seed23.json",
      "missing_archives": "No source hash recorded"
    },
    {
      "record": "results/mms_robin/pinn_seed37.json",
      "missing_archives": "No source hash recorded"
    },
    {
      "record": "results/mms_variable/pinn_seed11.json",
      "missing_archives": "No source hash recorded"
    },
    {
      "record": "results/mms_variable/pinn_seed23.json",
      "missing_archives": "No source hash recorded"
    },
    {
      "record": "results/mms_variable/pinn_seed37.json",
      "missing_archives": "No source hash recorded"
    },
    {
      "record": "results/xlpe_backfill/pinn_seed11.json",
      "missing_archives": "No source hash recorded"
    },
    {
      "record": "results/xlpe_backfill/pinn_seed23.json",
      "missing_archives": "No source hash recorded"
    },
    {
      "record": "results/xlpe_backfill/pinn_seed37.json",
      "missing_archives": "No source hash recorded"
    },
    {
      "record": "results/xlpe_dry_far/pinn_seed11.json",
      "missing_archives": "No source hash recorded"
    },
    {
      "record": "results/xlpe_dry_far/pinn_seed23.json",
      "missing_archives": "No source hash recorded"
    },
    {
      "record": "results/xlpe_dry_far/pinn_seed37.json",
      "missing_archives": "No source hash recorded"
    },
    {
      "record": "results/xlpe_dry_large/pinn_seed11.json",
      "missing_archives": "No source hash recorded"
    },
    {
      "record": "results/xlpe_dry_large/pinn_seed23.json",
      "missing_archives": "No source hash recorded"
    },
    {
      "record": "results/xlpe_dry_large/pinn_seed37.json",
      "missing_archives": "No source hash recorded"
    },
    {
      "record": "results/xlpe_dry_near/pinn_seed11.json",
      "missing_archives": "No source hash recorded"
    },
    {
      "record": "results/xlpe_dry_near/pinn_seed23.json",
      "missing_archives": "No source hash recorded"
    },
    {
      "record": "results/xlpe_dry_near/pinn_seed37.json",
      "missing_archives": "No source hash recorded"
    },
    {
      "record": "results/xlpe_single/pinn_seed11.json",
      "missing_archives": "No source hash recorded"
    },
    {
      "record": "results/xlpe_single/pinn_seed23.json",
      "missing_archives": "No source hash recorded"
    },
    {
      "record": "results/xlpe_single/pinn_seed37.json",
      "missing_archives": "No source hash recorded"
    }
  ],
  "limitation": "Historical training sources without a recorded hash remain unidentified; all current evaluation sources are archived. This checks numerical artifacts, not field validation."
}
Internal report written: 19 cases, 290 runs
{'accepted': 53, 'total': 57, 'ampacity_accepted': 30}
annulus executed
aras_flat executed
aras_single executed
kim_layered executed
kim_pac executed
kim_sand executed
mms_constant executed
mms_high_contrast executed
mms_interface executed
mms_layered_y executed
mms_robin executed
mms_smooth_2d executed
mms_variable executed
xlpe_backfill executed
xlpe_discrete_layers executed
xlpe_dry_far executed
xlpe_dry_large executed
xlpe_dry_near executed
xlpe_single executed
perl: warning: Setting locale failed.
perl: warning: Please check that your locale settings:
	LC_ALL = "C.UTF-8",
	LC_CTYPE = "C.UTF-8",
	LC_NUMERIC = (unset),
	LC_COLLATE = (unset),
	LC_TIME = (unset),
	LC_MONETARY = (unset),
	LANG = "C.UTF-8"
    are supported and installed on your system.
perl: warning: Falling back to the system default locale ("Spanish_Peru.1252").
Initial Win CP for (console input, console output, system): (CP437, CP65001, CP1252)
I changed them all to CP1252
Rc files read:
  NONE
Latexmk: This is Latexmk, John Collins, 15 June 2025. Version 4.87.
Latexmk: applying rule 'lualatex'...
Rule 'lualatex':  Reasons for rerun
Changed files or newly in use/created:
  capitulos/00_resumen_abstract.tex
  capitulos/03_propuesta_y_desarrollo.tex
  capitulos/04_conclusiones_y_recomendaciones.tex
  capitulos/05_anexos.tex
  imagenes/benchmarks/ampacity_xlpe.png
  imagenes/benchmarks/kim_layered.png
  tablas/benchmark_ampacity.tex
  tablas/benchmark_ampacity_selection.tex
  tablas/benchmark_boundary.tex
  tablas/benchmark_coupled_selection.tex
  tablas/benchmark_error_propagation.tex
  tablas/benchmark_operational_findings.tex
  tablas/benchmark_pinn.tex
  tablas/benchmark_resolution_stability.tex
Category 'changed_user':
  capitulos/00_resumen_abstract.tex
  capitulos/03_propuesta_y_desarrollo.tex
  capitulos/04_conclusiones_y_recomendaciones.tex
  capitulos/05_anexos.tex
  imagenes/benchmarks/ampacity_xlpe.png
  imagenes/benchmarks/kim_layered.png
  tablas/benchmark_ampacity.tex
  tablas/benchmark_ampacity_selection.tex
  tablas/benchmark_boundary.tex
  tablas/benchmark_coupled_selection.tex
  tablas/benchmark_error_propagation.tex
  tablas/benchmark_operational_findings.tex
  tablas/benchmark_pinn.tex
  tablas/benchmark_resolution_stability.tex

------------
Run number 1 of rule 'lualatex'
------------
------------
Running 'lualatex  -interaction=nonstopmode -file-line-error -recorder  "tesis.tex"'
------------
This is LuaHBTeX, Version 1.22.0 (MiKTeX 25.4)
 restricted system commands enabled.
(./tesis.tex
LaTeX2e <2025-06-01> patch level 1
L3 programming layer <2025-09-02>
 (C:/MiKTeX/tex/latex/base/fix-cm.sty (C:/MiKTeX/tex/latex/base/ts1enc.def))
(C:/MiKTeX/tex/latex/base/report.cls
Document Class: report 2025/01/22 v1.4n Standard LaTeX document class
(C:/MiKTeX/tex/latex/base/size11.clo))
(C:/MiKTeX/tex/latex/fontspec/fontspec.sty
(C:/MiKTeX/tex/latex/l3packages/xparse/xparse.sty
(C:/MiKTeX/tex/latex/l3kernel/expl3.sty
(C:/MiKTeX/tex/latex/l3backend/l3backend-luatex.def)))
(C:/MiKTeX/tex/latex/fontspec/fontspec-luatex.sty
(C:/MiKTeX/tex/latex/base/fontenc.sty)
(C:/MiKTeX/tex/latex/fontspec/fontspec.cfg)))
(C:/MiKTeX/tex/generic/babel/babel.sty
(C:/MiKTeX/tex/generic/babel/luababel.def)
(C:/MiKTeX/tex/generic/babel/luababel.def)
*************************************
* Local config file bblopts.cfg used
*
(C:/MiKTeX/tex/latex/arabi/bblopts.cfg)
(C:/MiKTeX/tex/latex/babel-spanish/spanish.ldf
(C:/MiKTeX/tex/generic/babel/locale/es/babel-spanish.tex)
(C:/MiKTeX/tex/generic/hyph-utf8/loadhyph/loadhyph-es.tex
UTF-8 Spanish hyphenation patterns
(C:/MiKTeX/tex/generic/hyph-utf8/patterns/tex/hyph-es.tex))))
(C:/MiKTeX/tex/latex/csquotes/csquotes.sty
(C:/MiKTeX/tex/latex/etoolbox/etoolbox.sty)
(C:/MiKTeX/tex/latex/graphics/keyval.sty)
(C:/MiKTeX/tex/latex/csquotes/csquotes.def)
(C:/MiKTeX/tex/latex/csquotes/csquotes.cfg))
(C:/MiKTeX/tex/latex/geometry/geometry.sty
(C:/MiKTeX/tex/generic/iftex/ifvtex.sty (C:/MiKTeX/tex/generic/iftex/iftex.sty)
) (C:/MiKTeX/tex/latex/geometry/geometry.cfg))
(C:/MiKTeX/tex/latex/setspace/setspace.sty)
(C:/MiKTeX/tex/latex/microtype/microtype.sty
(C:/MiKTeX/tex/latex/microtype/microtype-luatex.def)
(C:/MiKTeX/tex/latex/microtype/microtype.cfg))
(C:/MiKTeX/tex/latex/graphics/graphicx.sty
(C:/MiKTeX/tex/latex/graphics/graphics.sty
(C:/MiKTeX/tex/latex/graphics/trig.sty)
(C:/MiKTeX/tex/latex/graphics-cfg/graphics.cfg)
(C:/MiKTeX/tex/latex/graphics-def/luatex.def)))
(C:/MiKTeX/tex/latex/booktabs/booktabs.sty)
(C:/MiKTeX/tex/latex/tools/longtable.sty)
(C:/MiKTeX/tex/latex/tools/tabularx.sty (C:/MiKTeX/tex/latex/tools/array.sty))
(C:/MiKTeX/tex/latex/multirow/multirow.sty)
(C:/MiKTeX/tex/latex/makecell/makecell.sty)
(C:/MiKTeX/tex/latex/threeparttable/threeparttable.sty)
(C:/MiKTeX/tex/latex/pdflscape/pdflscape.sty
(C:/MiKTeX/tex/latex/pdflscape/pdflscape-nometadata.sty
(C:/MiKTeX/tex/latex/graphics/lscape.sty)))
(C:/MiKTeX/tex/latex/ragged2e/ragged2e.sty)
(C:/MiKTeX/tex/latex/enumitem/enumitem.sty)
(C:/MiKTeX/tex/latex/titlesec/titlesec.sty)
(C:/MiKTeX/tex/latex/fancyhdr/fancyhdr.sty)
(C:/MiKTeX/tex/latex/amsmath/amsmath.sty
For additional information on amsmath, use the `?' option.
(C:/MiKTeX/tex/latex/amsmath/amstext.sty
(C:/MiKTeX/tex/latex/amsmath/amsgen.sty))
(C:/MiKTeX/tex/latex/amsmath/amsbsy.sty)
(C:/MiKTeX/tex/latex/amsmath/amsopn.sty))
(C:/MiKTeX/tex/latex/amsfonts/amssymb.sty
(C:/MiKTeX/tex/latex/amsfonts/amsfonts.sty))
(C:/MiKTeX/tex/latex/mathtools/mathtools.sty
(C:/MiKTeX/tex/latex/tools/calc.sty) (C:/MiKTeX/tex/latex/mathtools/mhsetup.sty
)) (C:/MiKTeX/tex/latex/siunitx/siunitx.sty
(C:/MiKTeX/tex/latex/translations/translations.sty
(C:/MiKTeX/tex/generic/pdftexcmds/pdftexcmds.sty
(C:/MiKTeX/tex/generic/infwarerr/infwarerr.sty)
(C:/MiKTeX/tex/generic/ltxcmds/ltxcmds.sty))))
(C:/MiKTeX/tex/latex/xcolor/xcolor.sty
(C:/MiKTeX/tex/latex/graphics-cfg/color.cfg)
(C:/MiKTeX/tex/latex/graphics/mathcolor.ltx))
(C:/MiKTeX/tex/latex/colortbl/colortbl.sty)
(C:/MiKTeX/tex/latex/pgf/frontendlayer/tikz.sty
(C:/MiKTeX/tex/latex/pgf/basiclayer/pgf.sty
(C:/MiKTeX/tex/latex/pgf/utilities/pgfrcs.sty
(C:/MiKTeX/tex/generic/pgf/utilities/pgfutil-common.tex)
(C:/MiKTeX/tex/generic/pgf/utilities/pgfutil-latex.def)
(C:/MiKTeX/tex/generic/pgf/utilities/pgfrcs.code.tex
(C:/MiKTeX/tex/generic/pgf/pgf.revision.tex)))
(C:/MiKTeX/tex/latex/pgf/basiclayer/pgfcore.sty
(C:/MiKTeX/tex/latex/pgf/systemlayer/pgfsys.sty
(C:/MiKTeX/tex/generic/pgf/systemlayer/pgfsys.code.tex
(C:/MiKTeX/tex/generic/pgf/utilities/pgfkeys.code.tex
(C:/MiKTeX/tex/generic/pgf/utilities/pgfkeyslibraryfiltered.code.tex))
(C:/MiKTeX/tex/generic/pgf/systemlayer/pgf.cfg)
(C:/MiKTeX/tex/generic/pgf/systemlayer/pgfsys-luatex.def
(C:/MiKTeX/tex/generic/pgf/systemlayer/pgfsys-common-pdf.def)))
(C:/MiKTeX/tex/generic/pgf/systemlayer/pgfsyssoftpath.code.tex)
(C:/MiKTeX/tex/generic/pgf/systemlayer/pgfsysprotocol.code.tex))
(C:/MiKTeX/tex/generic/pgf/basiclayer/pgfcore.code.tex
(C:/MiKTeX/tex/generic/pgf/math/pgfmath.code.tex
(C:/MiKTeX/tex/generic/pgf/math/pgfmathutil.code.tex)
(C:/MiKTeX/tex/generic/pgf/math/pgfmathparser.code.tex)
(C:/MiKTeX/tex/generic/pgf/math/pgfmathfunctions.code.tex)
(C:/MiKTeX/tex/generic/pgf/math/pgfmathfunctions.basic.code.tex)
(C:/MiKTeX/tex/generic/pgf/math/pgfmathfunctions.trigonometric.code.tex)
(C:/MiKTeX/tex/generic/pgf/math/pgfmathfunctions.random.code.tex)
(C:/MiKTeX/tex/generic/pgf/math/pgfmathfunctions.comparison.code.tex)
(C:/MiKTeX/tex/generic/pgf/math/pgfmathfunctions.base.code.tex)
(C:/MiKTeX/tex/generic/pgf/math/pgfmathfunctions.round.code.tex)
(C:/MiKTeX/tex/generic/pgf/math/pgfmathfunctions.misc.code.tex)
(C:/MiKTeX/tex/generic/pgf/math/pgfmathfunctions.integerarithmetics.code.tex)
(C:/MiKTeX/tex/generic/pgf/math/pgfmathcalc.code.tex)
(C:/MiKTeX/tex/generic/pgf/math/pgfmathfloat.code.tex))
(C:/MiKTeX/tex/generic/pgf/math/pgfint.code.tex)
(C:/MiKTeX/tex/generic/pgf/basiclayer/pgfcorepoints.code.tex)
(C:/MiKTeX/tex/generic/pgf/basiclayer/pgfcorepathconstruct.code.tex)
(C:/MiKTeX/tex/generic/pgf/basiclayer/pgfcorepathusage.code.tex)
(C:/MiKTeX/tex/generic/pgf/basiclayer/pgfcorescopes.code.tex)
(C:/MiKTeX/tex/generic/pgf/basiclayer/pgfcoregraphicstate.code.tex)
(C:/MiKTeX/tex/generic/pgf/basiclayer/pgfcoretransformations.code.tex)
(C:/MiKTeX/tex/generic/pgf/basiclayer/pgfcorequick.code.tex)
(C:/MiKTeX/tex/generic/pgf/basiclayer/pgfcoreobjects.code.tex)
(C:/MiKTeX/tex/generic/pgf/basiclayer/pgfcorepathprocessing.code.tex)
(C:/MiKTeX/tex/generic/pgf/basiclayer/pgfcorearrows.code.tex)
(C:/MiKTeX/tex/generic/pgf/basiclayer/pgfcoreshade.code.tex)
(C:/MiKTeX/tex/generic/pgf/basiclayer/pgfcoreimage.code.tex)
(C:/MiKTeX/tex/generic/pgf/basiclayer/pgfcoreexternal.code.tex)
(C:/MiKTeX/tex/generic/pgf/basiclayer/pgfcorelayers.code.tex)
(C:/MiKTeX/tex/generic/pgf/basiclayer/pgfcoretransparency.code.tex)
(C:/MiKTeX/tex/generic/pgf/basiclayer/pgfcorepatterns.code.tex)
(C:/MiKTeX/tex/generic/pgf/basiclayer/pgfcorerdf.code.tex)))
(C:/MiKTeX/tex/generic/pgf/modules/pgfmoduleshapes.code.tex)
(C:/MiKTeX/tex/generic/pgf/modules/pgfmoduleplot.code.tex)
(C:/MiKTeX/tex/latex/pgf/compatibility/pgfcomp-version-0-65.sty)
(C:/MiKTeX/tex/latex/pgf/compatibility/pgfcomp-version-1-18.sty))
(C:/MiKTeX/tex/latex/pgf/utilities/pgffor.sty
(C:/MiKTeX/tex/latex/pgf/utilities/pgfkeys.sty
(C:/MiKTeX/tex/generic/pgf/utilities/pgfkeys.code.tex))
(C:/MiKTeX/tex/latex/pgf/math/pgfmath.sty
(C:/MiKTeX/tex/generic/pgf/math/pgfmath.code.tex))
(C:/MiKTeX/tex/generic/pgf/utilities/pgffor.code.tex))
(C:/MiKTeX/tex/generic/pgf/frontendlayer/tikz/tikz.code.tex
(C:/MiKTeX/tex/generic/pgf/libraries/pgflibraryplothandlers.code.tex)
(C:/MiKTeX/tex/generic/pgf/modules/pgfmodulematrix.code.tex)
(C:/MiKTeX/tex/generic/pgf/frontendlayer/tikz/libraries/tikzlibrarytopaths.code
.tex))) (C:/MiKTeX/tex/generic/pgf/libraries/pgflibraryarrows.meta.code.tex)
(C:/MiKTeX/tex/generic/pgf/frontendlayer/tikz/libraries/tikzlibrarypositioning.
code.tex)
(C:/MiKTeX/tex/generic/pgf/frontendlayer/tikz/libraries/tikzlibraryshapes.geome
tric.code.tex
(C:/MiKTeX/tex/generic/pgf/libraries/shapes/pgflibraryshapes.geometric.code.tex
))
(C:/MiKTeX/tex/generic/pgf/frontendlayer/tikz/libraries/tikzlibraryfit.code.tex
)
(C:/MiKTeX/tex/generic/pgf/frontendlayer/tikz/libraries/tikzlibrarycalc.code.te
x) (C:/MiKTeX/tex/latex/newfloat/newfloat.sty)
(C:/MiKTeX/tex/latex/float/float.sty) (C:/MiKTeX/tex/latex/caption/caption.sty
(C:/MiKTeX/tex/latex/caption/caption3.sty)
(C:/MiKTeX/tex/latex/caption/ltcaption.sty))
(C:/MiKTeX/tex/latex/hyperref/hyperref.sty
(C:/MiKTeX/tex/latex/kvsetkeys/kvsetkeys.sty)
(C:/MiKTeX/tex/generic/kvdefinekeys/kvdefinekeys.sty)
(C:/MiKTeX/tex/generic/pdfescape/pdfescape.sty)
(C:/MiKTeX/tex/latex/hycolor/hycolor.sty)
(C:/MiKTeX/tex/latex/hyperref/nameref.sty
(C:/MiKTeX/tex/latex/refcount/refcount.sty)
(C:/MiKTeX/tex/generic/gettitlestring/gettitlestring.sty
(C:/MiKTeX/tex/latex/kvoptions/kvoptions.sty)))
(C:/MiKTeX/tex/generic/stringenc/stringenc.sty)
(C:/MiKTeX/tex/latex/hyperref/pd1enc.def)
(C:/MiKTeX/tex/generic/intcalc/intcalc.sty)
(C:/MiKTeX/tex/latex/hyperref/puenc.def) (C:/MiKTeX/tex/latex/url/url.sty)
(C:/MiKTeX/tex/generic/bitset/bitset.sty
(C:/MiKTeX/tex/generic/bigintcalc/bigintcalc.sty)))
(C:/MiKTeX/tex/latex/hyperref/hluatex.def
(C:/MiKTeX/tex/latex/rerunfilecheck/rerunfilecheck.sty
(C:/MiKTeX/tex/generic/uniquecounter/uniquecounter.sty)))
(C:/MiKTeX/tex/latex/bookmark/bookmark.sty
(C:/MiKTeX/tex/latex/bookmark/bkm-luatex.def))
(C:/MiKTeX/tex/latex/biblatex/biblatex.sty
(C:/MiKTeX/tex/latex/logreq/logreq.sty (C:/MiKTeX/tex/latex/logreq/logreq.def))
 (C:/MiKTeX/tex/latex/base/ifthen.sty) (C:/MiKTeX/tex/latex/biblatex/blx-dm.def
) (C:/MiKTeX/tex/latex/biblatex-apa/apa.dbx)
(C:/MiKTeX/tex/latex/biblatex/blx-unicode.def)
(C:/MiKTeX/tex/latex/biblatex/blx-compat.def)
(C:/MiKTeX/tex/latex/biblatex/biblatex.def)
(C:/MiKTeX/tex/latex/biblatex-apa/apa.bbx
(C:/MiKTeX/tex/latex/biblatex/bbx/standard.bbx))
(C:/MiKTeX/tex/latex/biblatex-apa/apa.cbx)
(C:/MiKTeX/tex/latex/biblatex/biblatex.cfg)
(C:/MiKTeX/tex/latex/biblatex/blx-case-expl3.sty)) (./tesis.aux
(./capitulos/01_planteamiento_del_problema.aux)
(./capitulos/02_marco_teorico.aux) (./capitulos/03_propuesta_y_desarrollo.aux)
(./capitulos/04_conclusiones_y_recomendaciones.aux) (./capitulos/05_anexos.aux)
)
*geometry* driver: auto-detecting
*geometry* detected driver: luatex
(C:/MiKTeX/tex/context/base/mkii/supp-pdf.mkii
[Loading MPS to PDF converter (version 2006.09.02).]
) (C:/MiKTeX/tex/latex/epstopdf-pkg/epstopdf-base.sty
(C:/MiKTeX/tex/latex/00miktex/epstopdf-sys.cfg))
(C:/MiKTeX/tex/latex/translations/dicts/translations-basic-dictionary-spanish.t
rsl) (C:/MiKTeX/tex/latex/biblatex-apa/spanish-apa.lbx
(C:/MiKTeX/tex/latex/biblatex/lbx/spanish.lbx)
(C:/MiKTeX/tex/latex/biblatex/lbx/spanish.lbx)) (./tesis.bbl)
[1{C:/Users/QU1267/AppData/Local/MiKTeX/fonts/map/pdftex/pdftex.map}<./imagenes
/logo_UNI.png>] (C:/MiKTeX/tex/latex/amsfonts/umsa.fd)
(C:/MiKTeX/tex/latex/microtype/mt-msa.cfg)
(C:/MiKTeX/tex/latex/amsfonts/umsb.fd)
(C:/MiKTeX/tex/latex/microtype/mt-msb.cfg)
(C:/MiKTeX/tex/latex/microtype/mt-cmr.cfg) (./capitulos/00_dedicatoria.tex
[2]) (./capitulos/00_agradecimientos.tex
[3]) (./capitulos/00_copia_documentos.tex
[4])
[5] (./tesis.toc
[6]
[7])
[8] (./tesis.lof)
[9] (./tesis.lot)
[10] (./tesis.loe) (./capitulos/00_resumen_abstract.tex
[11]
[12]) (./capitulos/00_introduccion.tex
[13])
[14] (./capitulos/01_planteamiento_del_problema.tex
Capítulo 1.

[1]
[2]
[3]
[4]
[5]
[6]
[7])
[8] (./capitulos/02_marco_teorico.tex
Capítulo 2.

[9]
[10]

LaTeX Warning: Citation 'deryck2024analysis' on page 11 undefined on input line
 47.


LaTeX Warning: Citation 'mishra2020error' on page 11 undefined on input line 47
.


LaTeX Warning: Citation '' on page 11 undefined on input line 47.


Underfull \hbox (badness 1253) in paragraph at lines 47--48
[]\TU/Arial(0)/m/n/10.95 El aná-li-sis nu-mé-ri-co de PINN dis-tin-gue ca-pa-
ci-dad de apro-xi-ma-ción, ge-ne-ra-li-za-ción

Underfull \hbox (badness 2495) in paragraph at lines 47--48
\TU/Arial(0)/m/n/10.95 del re-si-duo y error de en-tre-na-mien-to ([]). Las es-
ti-ma-cio-nes de

[11]
[12<./imagenes/kim2025_cable_xsection.png><./imagenes/enescu_trench_xsection_es
.png>]
[13]
[14]
[15]
[16]
[17])
[18] (./capitulos/03_propuesta_y_desarrollo.tex
Capítulo 3.

[19]
[20]
[21]

LaTeX Warning: Citation 'baratta2023dolfinx' on page 22 undefined on input line
 105.


LaTeX Warning: Citation '' on page 22 undefined on input line 105.


[22]
[23]
[24]
[25]
[26]
[27] (./capitulos/03_analisis_numerico_metodo.tex

LaTeX Warning: Citation 'deryck2024analysis' on page 28 undefined on input line
 4.


LaTeX Warning: Citation '' on page 28 undefined on input line 4.


LaTeX Warning: Citation 'mishra2020error' on page 28 undefined on input line 4.



LaTeX Warning: Citation '' on page 28 undefined on input line 4.


Underfull \hbox (badness 1158) in paragraph at lines 4--5
\TU/Arial(0)/m/n/10.95 los re-si-duos y el error de op-ti-mi-za-ción in-ter-vi
e-nen de ma-ne-ra dis-tin-ta. La re-vi-sión

Underfull \hbox (badness 6236) in paragraph at lines 4--5
\TU/Arial(0)/m/n/10.95 de [][] sus-ten-ta esa se-pa-ra-ción. Las co-tas de

[28]
[29]) (./capitulos/03_muestreo_adaptativo.tex

LaTeX Warning: Reference `for:indicadores-colocacion' on page 30 undefined on i
nput line 8.


[30])
[31] (./tablas/benchmark_fem.tex) (./tablas/benchmark_coupled_fem.tex)
[32] (./tablas/benchmark_selection.tex)
[33] (./tablas/benchmark_findings.tex)
(./tablas/benchmark_coupled_selection.tex)
[34] (./tablas/benchmark_numerical_findings.tex
(./tablas/benchmark_resolution.tex)
(./tablas/benchmark_resolution_stability.tex)

LaTeX Warning: Reference `tab:resolucion-pinn' on page 35 undefined on input li
ne 4.


LaTeX Warning: Reference `tab:estabilidad-resolucion' on page 35 undefined on i
nput line 4.


[35] (./tablas/benchmark_observed_orders.tex
[36<./imagenes/benchmarks/mms_smooth_2d_resolution.png><./imagenes/benchmarks/x
lpe_single_resolution.png>]) (./tablas/benchmark_error_propagation.tex))
(./tablas/benchmark_adaptive_findings.tex (./tablas/benchmark_adaptive.tex
[37])
[38<./imagenes/benchmarks/kim_layered_collocation.png>])

LaTeX Warning: Reference `tab:benchmark-pinn' on page 39 undefined on input lin
e 315.


[39<./imagenes/benchmarks/xlpe_backfill_collocation.png>]
(./tablas/benchmark_pinn.tex) (./tablas/benchmark_boundary.tex)

LaTeX Warning: Reference `tab:balance-conductor' on page 40 undefined on input 
line 351.


LaTeX Warning: Reference `tab:benchmark-perdidas' on page 40 undefined on input
 line 355.

(./tablas/benchmark_losses.tex
[40]
[41<./imagenes/benchmarks/mms_interface.png><./imagenes/benchmarks/xlpe_dry_nea
r.png><./imagenes/benchmarks/mms_smooth_2d.png>]
[42<./imagenes/benchmarks/kim_layered.png>])
(./tablas/benchmark_operational_findings.tex)
[43]

LaTeX Warning: Reference `tab:benchmark-ampacidad' on page 44 undefined on inpu
t line 365.

(./tablas/benchmark_ampacity.tex) (./tablas/benchmark_ampacity_selection.tex)

LaTeX Warning: Reference `tab:seleccion-corriente' on page 44 undefined on inpu
t line 371.


[44]
[45<./imagenes/benchmarks/ampacity_xlpe.png>]
[46])
[47] (./capitulos/04_conclusiones_y_recomendaciones.tex
Capítulo 4.

[48] (./tablas/benchmark_adaptive_conclusion.tex)
[49])
[50]
[51]
[52]
[53]
[54] (./capitulos/05_anexos.tex
[55]

LaTeX Warning: Reference `tab:catalogo-ejecutado' on page 56 undefined on input
 line 61.


[56]
[57])
[58] (./tesis.aux (./capitulos/01_planteamiento_del_problema.aux)
(./capitulos/02_marco_teorico.aux) (./capitulos/03_propuesta_y_desarrollo.aux)
(./capitulos/04_conclusiones_y_recomendaciones.aux) (./capitulos/05_anexos.aux)
)

LaTeX Warning: There were undefined references.


LaTeX Warning: Label(s) may have changed. Rerun to get cross-references right.


Package biblatex Warning: Please (re)run Biber on the file:
(biblatex)                tesis
(biblatex)                and rerun LaTeX afterwards.

)
(see the transcript file for additional information)
 1420 words of node memory still in use:
   8 hlist, 2 vlist, 2 rule, 1 local_par, 7 glue, 4 kern, 1 penalty, 1 margin_k
ern, 3 glyph, 158 attribute, 91 glue_spec, 81 attribute_list, 4 write, 33 pdf_a
ction nodes
   avail lists: 1:1,2:3078,3:694,4:215,5:337,6:118,7:9814,8:217,9:1347,10:28,11
:1385

warning  (pdf backend): unreferenced destination with name 'table.caption.38'
<c:/miktex/fonts/opentype/public/lm/lmmono10-regular.otf><C:/WINDOWS/Fonts/aria
lni.ttf><C:/WINDOWS/Fonts/arial.ttf><C:/WINDOWS/Fonts/arialbd.ttf><./fonts/Popp
ins-Bold.ttf><C:/MiKTeX/fonts/type1/public/amsfonts/cm/cmbx10.pfb><C:/MiKTeX/fo
nts/type1/public/amsfonts/cm/cmex10.pfb><C:/MiKTeX/fonts/type1/public/amsfonts/
cm/cmmi10.pfb><C:/MiKTeX/fonts/type1/public/amsfonts/cm/cmmi6.pfb><C:/MiKTeX/fo
nts/type1/public/amsfonts/cm/cmmi7.pfb><C:/MiKTeX/fonts/type1/public/amsfonts/c
m/cmmi8.pfb><C:/MiKTeX/fonts/type1/public/amsfonts/cm/cmmib10.pfb><C:/MiKTeX/fo
nts/type1/public/amsfonts/cm/cmr10.pfb><C:/MiKTeX/fonts/type1/public/amsfonts/c
m/cmr6.pfb><C:/MiKTeX/fonts/type1/public/amsfonts/cm/cmr8.pfb><C:/MiKTeX/fonts/
type1/public/amsfonts/cm/cmsy10.pfb><C:/MiKTeX/fonts/type1/public/amsfonts/cm/c
msy8.pfb><C:/MiKTeX/fonts/type1/public/amsfonts/symbols/msbm10.pfb>
Output written on tesis.pdf (72 pages, 5573363 bytes).
Transcript written on tesis.log.
Latexmk: Getting log file 'tesis.log'
Latexmk: Examining 'tesis.fls'
Latexmk: Examining 'tesis.log'
Latexmk: Found input bbl file 'tesis.bbl'
Latexmk: References changed.
Latexmk: References changed.
====== biblatex/biber in use
Latexmk: Log file says output to 'tesis.pdf'
Latexmk: Using biber to make bibliography file(s).
Latexmk: Bibliography file(s) from .bcf file:
  ../Benchmarks/references_selection.bib
  referencias.bib
Sources for biber
  ../Benchmarks/references_selection.bib
  referencias.bib
  tesis.bcf
Latexmk: applying rule 'biber tesis'...
Rule 'biber tesis':  Reasons for rerun
Changed files or newly in use/created:
  tesis.bcf

------------
Run number 1 of rule 'biber tesis'
------------
------------
Running 'biber  "tesis.bcf"'
------------
perl: warning: Setting locale failed.
perl: warning: Please check that your locale settings:
	LC_ALL = "C.UTF-8",
	LC_CTYPE = "C.UTF-8",
	LANG = "C.UTF-8"
    are supported and installed on your system.
perl: warning: Falling back to the standard locale ("C").
INFO - This is Biber 2.21
INFO - Logfile is 'tesis.blg'
INFO - Reading 'tesis.bcf'
INFO - Found 46 citekeys in bib section 0
INFO - Processing section 0
INFO - Looking for bibtex file 'referencias.bib' for section 0
INFO - LaTeX decoding ...
INFO - Found BibTeX data source 'referencias.bib'
INFO - Looking for bibtex file '../Benchmarks/references_selection.bib' for section 0
INFO - LaTeX decoding ...
INFO - Found BibTeX data source '../Benchmarks/references_selection.bib'
INFO - Overriding locale 'es-ES' defaults 'normalization = NFD' with 'normalization = prenormalized'
INFO - Overriding locale 'es-ES' defaults 'variable = shifted' with 'variable = non-ignorable'
INFO - Sorting list 'nyt/apasortcite//global/global/global' of type 'entry' with template 'nyt' and locale 'es-ES'
INFO - Overriding locale 'es-ES' defaults 'normalization = NFD' with 'normalization = prenormalized'
INFO - Overriding locale 'es-ES' defaults 'variable = shifted' with 'variable = non-ignorable'
INFO - Sorting list 'nyt/global//global/global/global' of type 'entry' with template 'nyt' and locale 'es-ES'
INFO - Writing 'tesis.bbl' with encoding 'UTF-8'
INFO - Output to tesis.bbl
Latexmk: Found biber source file(s) [../Benchmarks/references_selection.bib, referencias.bib, tesis.bcf]
Latexmk: applying rule 'lualatex'...
Rule 'lualatex':  Reasons for rerun
Changed files or newly in use/created:
  capitulos/03_propuesta_y_desarrollo.aux
  capitulos/04_conclusiones_y_recomendaciones.aux
  capitulos/05_anexos.aux
  tesis.aux
  tesis.bbl
  tesis.loe
  tesis.lof
  tesis.lot
  tesis.toc

------------
Run number 2 of rule 'lualatex'
------------
------------
Running 'lualatex  -interaction=nonstopmode -file-line-error -recorder  "tesis.tex"'
------------
This is LuaHBTeX, Version 1.22.0 (MiKTeX 25.4)
 restricted system commands enabled.
(./tesis.tex
LaTeX2e <2025-06-01> patch level 1
L3 programming layer <2025-09-02>
 (C:/MiKTeX/tex/latex/base/fix-cm.sty (C:/MiKTeX/tex/latex/base/ts1enc.def))
(C:/MiKTeX/tex/latex/base/report.cls
Document Class: report 2025/01/22 v1.4n Standard LaTeX document class
(C:/MiKTeX/tex/latex/base/size11.clo))
(C:/MiKTeX/tex/latex/fontspec/fontspec.sty
(C:/MiKTeX/tex/latex/l3packages/xparse/xparse.sty
(C:/MiKTeX/tex/latex/l3kernel/expl3.sty
(C:/MiKTeX/tex/latex/l3backend/l3backend-luatex.def)))
(C:/MiKTeX/tex/latex/fontspec/fontspec-luatex.sty
(C:/MiKTeX/tex/latex/base/fontenc.sty)
(C:/MiKTeX/tex/latex/fontspec/fontspec.cfg)))
(C:/MiKTeX/tex/generic/babel/babel.sty
(C:/MiKTeX/tex/generic/babel/luababel.def)
(C:/MiKTeX/tex/generic/babel/luababel.def)
*************************************
* Local config file bblopts.cfg used
*
(C:/MiKTeX/tex/latex/arabi/bblopts.cfg)
(C:/MiKTeX/tex/latex/babel-spanish/spanish.ldf
(C:/MiKTeX/tex/generic/babel/locale/es/babel-spanish.tex)
(C:/MiKTeX/tex/generic/hyph-utf8/loadhyph/loadhyph-es.tex
UTF-8 Spanish hyphenation patterns
(C:/MiKTeX/tex/generic/hyph-utf8/patterns/tex/hyph-es.tex))))
(C:/MiKTeX/tex/latex/csquotes/csquotes.sty
(C:/MiKTeX/tex/latex/etoolbox/etoolbox.sty)
(C:/MiKTeX/tex/latex/graphics/keyval.sty)
(C:/MiKTeX/tex/latex/csquotes/csquotes.def)
(C:/MiKTeX/tex/latex/csquotes/csquotes.cfg))
(C:/MiKTeX/tex/latex/geometry/geometry.sty
(C:/MiKTeX/tex/generic/iftex/ifvtex.sty (C:/MiKTeX/tex/generic/iftex/iftex.sty)
) (C:/MiKTeX/tex/latex/geometry/geometry.cfg))
(C:/MiKTeX/tex/latex/setspace/setspace.sty)
(C:/MiKTeX/tex/latex/microtype/microtype.sty
(C:/MiKTeX/tex/latex/microtype/microtype-luatex.def)
(C:/MiKTeX/tex/latex/microtype/microtype.cfg))
(C:/MiKTeX/tex/latex/graphics/graphicx.sty
(C:/MiKTeX/tex/latex/graphics/graphics.sty
(C:/MiKTeX/tex/latex/graphics/trig.sty)
(C:/MiKTeX/tex/latex/graphics-cfg/graphics.cfg)
(C:/MiKTeX/tex/latex/graphics-def/luatex.def)))
(C:/MiKTeX/tex/latex/booktabs/booktabs.sty)
(C:/MiKTeX/tex/latex/tools/longtable.sty)
(C:/MiKTeX/tex/latex/tools/tabularx.sty (C:/MiKTeX/tex/latex/tools/array.sty))
(C:/MiKTeX/tex/latex/multirow/multirow.sty)
(C:/MiKTeX/tex/latex/makecell/makecell.sty)
(C:/MiKTeX/tex/latex/threeparttable/threeparttable.sty)
(C:/MiKTeX/tex/latex/pdflscape/pdflscape.sty
(C:/MiKTeX/tex/latex/pdflscape/pdflscape-nometadata.sty
(C:/MiKTeX/tex/latex/graphics/lscape.sty)))
(C:/MiKTeX/tex/latex/ragged2e/ragged2e.sty)
(C:/MiKTeX/tex/latex/enumitem/enumitem.sty)
(C:/MiKTeX/tex/latex/titlesec/titlesec.sty)
(C:/MiKTeX/tex/latex/fancyhdr/fancyhdr.sty)
(C:/MiKTeX/tex/latex/amsmath/amsmath.sty
For additional information on amsmath, use the `?' option.
(C:/MiKTeX/tex/latex/amsmath/amstext.sty
(C:/MiKTeX/tex/latex/amsmath/amsgen.sty))
(C:/MiKTeX/tex/latex/amsmath/amsbsy.sty)
(C:/MiKTeX/tex/latex/amsmath/amsopn.sty))
(C:/MiKTeX/tex/latex/amsfonts/amssymb.sty
(C:/MiKTeX/tex/latex/amsfonts/amsfonts.sty))
(C:/MiKTeX/tex/latex/mathtools/mathtools.sty
(C:/MiKTeX/tex/latex/tools/calc.sty) (C:/MiKTeX/tex/latex/mathtools/mhsetup.sty
)) (C:/MiKTeX/tex/latex/siunitx/siunitx.sty
(C:/MiKTeX/tex/latex/translations/translations.sty
(C:/MiKTeX/tex/generic/pdftexcmds/pdftexcmds.sty
(C:/MiKTeX/tex/generic/infwarerr/infwarerr.sty)
(C:/MiKTeX/tex/generic/ltxcmds/ltxcmds.sty))))
(C:/MiKTeX/tex/latex/xcolor/xcolor.sty
(C:/MiKTeX/tex/latex/graphics-cfg/color.cfg)
(C:/MiKTeX/tex/latex/graphics/mathcolor.ltx))
(C:/MiKTeX/tex/latex/colortbl/colortbl.sty)
(C:/MiKTeX/tex/latex/pgf/frontendlayer/tikz.sty
(C:/MiKTeX/tex/latex/pgf/basiclayer/pgf.sty
(C:/MiKTeX/tex/latex/pgf/utilities/pgfrcs.sty
(C:/MiKTeX/tex/generic/pgf/utilities/pgfutil-common.tex)
(C:/MiKTeX/tex/generic/pgf/utilities/pgfutil-latex.def)
(C:/MiKTeX/tex/generic/pgf/utilities/pgfrcs.code.tex
(C:/MiKTeX/tex/generic/pgf/pgf.revision.tex)))
(C:/MiKTeX/tex/latex/pgf/basiclayer/pgfcore.sty
(C:/MiKTeX/tex/latex/pgf/systemlayer/pgfsys.sty
(C:/MiKTeX/tex/generic/pgf/systemlayer/pgfsys.code.tex
(C:/MiKTeX/tex/generic/pgf/utilities/pgfkeys.code.tex
(C:/MiKTeX/tex/generic/pgf/utilities/pgfkeyslibraryfiltered.code.tex))
(C:/MiKTeX/tex/generic/pgf/systemlayer/pgf.cfg)
(C:/MiKTeX/tex/generic/pgf/systemlayer/pgfsys-luatex.def
(C:/MiKTeX/tex/generic/pgf/systemlayer/pgfsys-common-pdf.def)))
(C:/MiKTeX/tex/generic/pgf/systemlayer/pgfsyssoftpath.code.tex)
(C:/MiKTeX/tex/generic/pgf/systemlayer/pgfsysprotocol.code.tex))
(C:/MiKTeX/tex/generic/pgf/basiclayer/pgfcore.code.tex
(C:/MiKTeX/tex/generic/pgf/math/pgfmath.code.tex
(C:/MiKTeX/tex/generic/pgf/math/pgfmathutil.code.tex)
(C:/MiKTeX/tex/generic/pgf/math/pgfmathparser.code.tex)
(C:/MiKTeX/tex/generic/pgf/math/pgfmathfunctions.code.tex)
(C:/MiKTeX/tex/generic/pgf/math/pgfmathfunctions.basic.code.tex)
(C:/MiKTeX/tex/generic/pgf/math/pgfmathfunctions.trigonometric.code.tex)
(C:/MiKTeX/tex/generic/pgf/math/pgfmathfunctions.random.code.tex)
(C:/MiKTeX/tex/generic/pgf/math/pgfmathfunctions.comparison.code.tex)
(C:/MiKTeX/tex/generic/pgf/math/pgfmathfunctions.base.code.tex)
(C:/MiKTeX/tex/generic/pgf/math/pgfmathfunctions.round.code.tex)
(C:/MiKTeX/tex/generic/pgf/math/pgfmathfunctions.misc.code.tex)
(C:/MiKTeX/tex/generic/pgf/math/pgfmathfunctions.integerarithmetics.code.tex)
(C:/MiKTeX/tex/generic/pgf/math/pgfmathcalc.code.tex)
(C:/MiKTeX/tex/generic/pgf/math/pgfmathfloat.code.tex))
(C:/MiKTeX/tex/generic/pgf/math/pgfint.code.tex)
(C:/MiKTeX/tex/generic/pgf/basiclayer/pgfcorepoints.code.tex)
(C:/MiKTeX/tex/generic/pgf/basiclayer/pgfcorepathconstruct.code.tex)
(C:/MiKTeX/tex/generic/pgf/basiclayer/pgfcorepathusage.code.tex)
(C:/MiKTeX/tex/generic/pgf/basiclayer/pgfcorescopes.code.tex)
(C:/MiKTeX/tex/generic/pgf/basiclayer/pgfcoregraphicstate.code.tex)
(C:/MiKTeX/tex/generic/pgf/basiclayer/pgfcoretransformations.code.tex)
(C:/MiKTeX/tex/generic/pgf/basiclayer/pgfcorequick.code.tex)
(C:/MiKTeX/tex/generic/pgf/basiclayer/pgfcoreobjects.code.tex)
(C:/MiKTeX/tex/generic/pgf/basiclayer/pgfcorepathprocessing.code.tex)
(C:/MiKTeX/tex/generic/pgf/basiclayer/pgfcorearrows.code.tex)
(C:/MiKTeX/tex/generic/pgf/basiclayer/pgfcoreshade.code.tex)
(C:/MiKTeX/tex/generic/pgf/basiclayer/pgfcoreimage.code.tex)
(C:/MiKTeX/tex/generic/pgf/basiclayer/pgfcoreexternal.code.tex)
(C:/MiKTeX/tex/generic/pgf/basiclayer/pgfcorelayers.code.tex)
(C:/MiKTeX/tex/generic/pgf/basiclayer/pgfcoretransparency.code.tex)
(C:/MiKTeX/tex/generic/pgf/basiclayer/pgfcorepatterns.code.tex)
(C:/MiKTeX/tex/generic/pgf/basiclayer/pgfcorerdf.code.tex)))
(C:/MiKTeX/tex/generic/pgf/modules/pgfmoduleshapes.code.tex)
(C:/MiKTeX/tex/generic/pgf/modules/pgfmoduleplot.code.tex)
(C:/MiKTeX/tex/latex/pgf/compatibility/pgfcomp-version-0-65.sty)
(C:/MiKTeX/tex/latex/pgf/compatibility/pgfcomp-version-1-18.sty))
(C:/MiKTeX/tex/latex/pgf/utilities/pgffor.sty
(C:/MiKTeX/tex/latex/pgf/utilities/pgfkeys.sty
(C:/MiKTeX/tex/generic/pgf/utilities/pgfkeys.code.tex))
(C:/MiKTeX/tex/latex/pgf/math/pgfmath.sty
(C:/MiKTeX/tex/generic/pgf/math/pgfmath.code.tex))
(C:/MiKTeX/tex/generic/pgf/utilities/pgffor.code.tex))
(C:/MiKTeX/tex/generic/pgf/frontendlayer/tikz/tikz.code.tex
(C:/MiKTeX/tex/generic/pgf/libraries/pgflibraryplothandlers.code.tex)
(C:/MiKTeX/tex/generic/pgf/modules/pgfmodulematrix.code.tex)
(C:/MiKTeX/tex/generic/pgf/frontendlayer/tikz/libraries/tikzlibrarytopaths.code
.tex))) (C:/MiKTeX/tex/generic/pgf/libraries/pgflibraryarrows.meta.code.tex)
(C:/MiKTeX/tex/generic/pgf/frontendlayer/tikz/libraries/tikzlibrarypositioning.
code.tex)
(C:/MiKTeX/tex/generic/pgf/frontendlayer/tikz/libraries/tikzlibraryshapes.geome
tric.code.tex
(C:/MiKTeX/tex/generic/pgf/libraries/shapes/pgflibraryshapes.geometric.code.tex
))
(C:/MiKTeX/tex/generic/pgf/frontendlayer/tikz/libraries/tikzlibraryfit.code.tex
)
(C:/MiKTeX/tex/generic/pgf/frontendlayer/tikz/libraries/tikzlibrarycalc.code.te
x) (C:/MiKTeX/tex/latex/newfloat/newfloat.sty)
(C:/MiKTeX/tex/latex/float/float.sty) (C:/MiKTeX/tex/latex/caption/caption.sty
(C:/MiKTeX/tex/latex/caption/caption3.sty)
(C:/MiKTeX/tex/latex/caption/ltcaption.sty))
(C:/MiKTeX/tex/latex/hyperref/hyperref.sty
(C:/MiKTeX/tex/latex/kvsetkeys/kvsetkeys.sty)
(C:/MiKTeX/tex/generic/kvdefinekeys/kvdefinekeys.sty)
(C:/MiKTeX/tex/generic/pdfescape/pdfescape.sty)
(C:/MiKTeX/tex/latex/hycolor/hycolor.sty)
(C:/MiKTeX/tex/latex/hyperref/nameref.sty
(C:/MiKTeX/tex/latex/refcount/refcount.sty)
(C:/MiKTeX/tex/generic/gettitlestring/gettitlestring.sty
(C:/MiKTeX/tex/latex/kvoptions/kvoptions.sty)))
(C:/MiKTeX/tex/generic/stringenc/stringenc.sty)
(C:/MiKTeX/tex/latex/hyperref/pd1enc.def)
(C:/MiKTeX/tex/generic/intcalc/intcalc.sty)
(C:/MiKTeX/tex/latex/hyperref/puenc.def) (C:/MiKTeX/tex/latex/url/url.sty)
(C:/MiKTeX/tex/generic/bitset/bitset.sty
(C:/MiKTeX/tex/generic/bigintcalc/bigintcalc.sty)))
(C:/MiKTeX/tex/latex/hyperref/hluatex.def
(C:/MiKTeX/tex/latex/rerunfilecheck/rerunfilecheck.sty
(C:/MiKTeX/tex/generic/uniquecounter/uniquecounter.sty)))
(C:/MiKTeX/tex/latex/bookmark/bookmark.sty
(C:/MiKTeX/tex/latex/bookmark/bkm-luatex.def))
(C:/MiKTeX/tex/latex/biblatex/biblatex.sty
(C:/MiKTeX/tex/latex/logreq/logreq.sty (C:/MiKTeX/tex/latex/logreq/logreq.def))
 (C:/MiKTeX/tex/latex/base/ifthen.sty) (C:/MiKTeX/tex/latex/biblatex/blx-dm.def
) (C:/MiKTeX/tex/latex/biblatex-apa/apa.dbx)
(C:/MiKTeX/tex/latex/biblatex/blx-unicode.def)
(C:/MiKTeX/tex/latex/biblatex/blx-compat.def)
(C:/MiKTeX/tex/latex/biblatex/biblatex.def)
(C:/MiKTeX/tex/latex/biblatex-apa/apa.bbx
(C:/MiKTeX/tex/latex/biblatex/bbx/standard.bbx))
(C:/MiKTeX/tex/latex/biblatex-apa/apa.cbx)
(C:/MiKTeX/tex/latex/biblatex/biblatex.cfg)
(C:/MiKTeX/tex/latex/biblatex/blx-case-expl3.sty)) (./tesis.aux
(./capitulos/01_planteamiento_del_problema.aux)
(./capitulos/02_marco_teorico.aux) (./capitulos/03_propuesta_y_desarrollo.aux)
(./capitulos/04_conclusiones_y_recomendaciones.aux) (./capitulos/05_anexos.aux)
)
*geometry* driver: auto-detecting
*geometry* detected driver: luatex
(C:/MiKTeX/tex/context/base/mkii/supp-pdf.mkii
[Loading MPS to PDF converter (version 2006.09.02).]
) (C:/MiKTeX/tex/latex/epstopdf-pkg/epstopdf-base.sty
(C:/MiKTeX/tex/latex/00miktex/epstopdf-sys.cfg))
(C:/MiKTeX/tex/latex/translations/dicts/translations-basic-dictionary-spanish.t
rsl) (C:/MiKTeX/tex/latex/biblatex-apa/spanish-apa.lbx
(C:/MiKTeX/tex/latex/biblatex/lbx/spanish.lbx)
(C:/MiKTeX/tex/latex/biblatex/lbx/spanish.lbx)) (./tesis.bbl)
[1{C:/Users/QU1267/AppData/Local/MiKTeX/fonts/map/pdftex/pdftex.map}<./imagenes
/logo_UNI.png>] (C:/MiKTeX/tex/latex/amsfonts/umsa.fd)
(C:/MiKTeX/tex/latex/microtype/mt-msa.cfg)
(C:/MiKTeX/tex/latex/amsfonts/umsb.fd)
(C:/MiKTeX/tex/latex/microtype/mt-msb.cfg)
(C:/MiKTeX/tex/latex/microtype/mt-cmr.cfg) (./capitulos/00_dedicatoria.tex
[2]) (./capitulos/00_agradecimientos.tex
[3]) (./capitulos/00_copia_documentos.tex
[4])
[5] (./tesis.toc
[6]
[7]
[8])
[9] (./tesis.lof)
[10] (./tesis.lot
[11])
[12] (./tesis.loe) (./capitulos/00_resumen_abstract.tex
[13]
[14]) (./capitulos/00_introduccion.tex
[15])
[16] (./capitulos/01_planteamiento_del_problema.tex
Capítulo 1.

[1]
[2]
[3]
[4]
[5]
[6]
[7])
[8] (./capitulos/02_marco_teorico.tex
Capítulo 2.

[9]
[10]
[11]
[12<./imagenes/kim2025_cable_xsection.png><./imagenes/enescu_trench_xsection_es
.png>]
[13]
[14]
[15]
[16]
[17])
[18] (./capitulos/03_propuesta_y_desarrollo.tex
Capítulo 3.

[19]
[20]
[21]
[22]
[23]
[24]
[25]
[26]
[27] (./capitulos/03_analisis_numerico_metodo.tex
[28]
[29]) (./capitulos/03_muestreo_adaptativo.tex
[30])
[31] (./tablas/benchmark_fem.tex) (./tablas/benchmark_coupled_fem.tex)
[32] (./tablas/benchmark_selection.tex)
[33] (./tablas/benchmark_findings.tex)
(./tablas/benchmark_coupled_selection.tex)
[34] (./tablas/benchmark_numerical_findings.tex
(./tablas/benchmark_resolution.tex)
(./tablas/benchmark_resolution_stability.tex)
[35] (./tablas/benchmark_observed_orders.tex
[36<./imagenes/benchmarks/mms_smooth_2d_resolution.png><./imagenes/benchmarks/x
lpe_single_resolution.png>]) (./tablas/benchmark_error_propagation.tex))
(./tablas/benchmark_adaptive_findings.tex (./tablas/benchmark_adaptive.tex
[37])
[38<./imagenes/benchmarks/kim_layered_collocation.png>])
[39<./imagenes/benchmarks/xlpe_backfill_collocation.png>]
(./tablas/benchmark_pinn.tex) (./tablas/benchmark_boundary.tex)
(./tablas/benchmark_losses.tex
[40]
[41<./imagenes/benchmarks/mms_interface.png><./imagenes/benchmarks/xlpe_dry_nea
r.png><./imagenes/benchmarks/mms_smooth_2d.png>]
[42<./imagenes/benchmarks/kim_layered.png>])
(./tablas/benchmark_operational_findings.tex)
[43] (./tablas/benchmark_ampacity.tex)
(./tablas/benchmark_ampacity_selection.tex)
[44]
[45<./imagenes/benchmarks/ampacity_xlpe.png>]
[46])
[47] (./capitulos/04_conclusiones_y_recomendaciones.tex
Capítulo 4.

[48] (./tablas/benchmark_adaptive_conclusion.tex)
[49])
[50]
[51]
[52]
[53]
[54] (./capitulos/05_anexos.tex
[55]
[56]
[57])
[58] (./tesis.aux (./capitulos/01_planteamiento_del_problema.aux)
(./capitulos/02_marco_teorico.aux) (./capitulos/03_propuesta_y_desarrollo.aux)
(./capitulos/04_conclusiones_y_recomendaciones.aux) (./capitulos/05_anexos.aux)
)

LaTeX Warning: There were undefined references.


Package biblatex Warning: Please rerun LaTeX.
(biblatex)                Page breaks have changed.

)
 1696 words of node memory still in use:
   8 hlist, 2 vlist, 2 rule, 1 local_par, 7 glue, 4 kern, 1 penalty, 1 margin_k
ern, 3 glyph, 204 attribute, 91 glue_spec, 104 attribute_list, 4 write, 56 pdf_
action nodes
   avail lists: 1:1,2:3066,3:705,4:215,5:357,6:117,7:9861,8:217,9:1348,10:21,11
:1385
<c:/miktex/fonts/opentype/public/lm/lmmono10-regular.otf><C:/WINDOWS/Fonts/aria
lni.ttf><C:/WINDOWS/Fonts/arial.ttf><C:/WINDOWS/Fonts/arialbd.ttf><./fonts/Popp
ins-Bold.ttf><C:/MiKTeX/fonts/type1/public/amsfonts/cm/cmbx10.pfb><C:/MiKTeX/fo
nts/type1/public/amsfonts/cm/cmex10.pfb><C:/MiKTeX/fonts/type1/public/amsfonts/
cm/cmmi10.pfb><C:/MiKTeX/fonts/type1/public/amsfonts/cm/cmmi6.pfb><C:/MiKTeX/fo
nts/type1/public/amsfonts/cm/cmmi7.pfb><C:/MiKTeX/fonts/type1/public/amsfonts/c
m/cmmi8.pfb><C:/MiKTeX/fonts/type1/public/amsfonts/cm/cmmib10.pfb><C:/MiKTeX/fo
nts/type1/public/amsfonts/cm/cmr10.pfb><C:/MiKTeX/fonts/type1/public/amsfonts/c
m/cmr6.pfb><C:/MiKTeX/fonts/type1/public/amsfonts/cm/cmr8.pfb><C:/MiKTeX/fonts/
type1/public/amsfonts/cm/cmsy10.pfb><C:/MiKTeX/fonts/type1/public/amsfonts/cm/c
msy8.pfb><C:/MiKTeX/fonts/type1/public/amsfonts/symbols/msbm10.pfb>
Output written on tesis.pdf (74 pages, 5596522 bytes).
Transcript written on tesis.log.
Latexmk: Getting log file 'tesis.log'
Latexmk: Examining 'tesis.fls'
Latexmk: Examining 'tesis.log'
Latexmk: Found input bbl file 'tesis.bbl'
Latexmk: Log file says output to 'tesis.pdf'
Latexmk: Using biber to make bibliography file(s).
Latexmk: Bibliography file(s) from .bcf file:
  ../Benchmarks/references_selection.bib
  referencias.bib
Sources for biber
  ../Benchmarks/references_selection.bib
  referencias.bib
  tesis.bcf
Latexmk: applying rule 'biber tesis'...
Rule 'biber tesis':  Reasons for rerun
Changed files or newly in use/created:
  tesis.bcf

------------
Run number 2 of rule 'biber tesis'
------------
------------
Running 'biber  "tesis.bcf"'
------------
perl: warning: Setting locale failed.
perl: warning: Please check that your locale settings:
	LC_ALL = "C.UTF-8",
	LC_CTYPE = "C.UTF-8",
	LANG = "C.UTF-8"
    are supported and installed on your system.
perl: warning: Falling back to the standard locale ("C").
INFO - This is Biber 2.21
INFO - Logfile is 'tesis.blg'
INFO - Reading 'tesis.bcf'
INFO - Found 46 citekeys in bib section 0
INFO - Processing section 0
INFO - Looking for bibtex file 'referencias.bib' for section 0
INFO - LaTeX decoding ...
INFO - Found BibTeX data source 'referencias.bib'
INFO - Looking for bibtex file '../Benchmarks/references_selection.bib' for section 0
INFO - LaTeX decoding ...
INFO - Found BibTeX data source '../Benchmarks/references_selection.bib'
INFO - Overriding locale 'es-ES' defaults 'normalization = NFD' with 'normalization = prenormalized'
INFO - Overriding locale 'es-ES' defaults 'variable = shifted' with 'variable = non-ignorable'
INFO - Sorting list 'nyt/apasortcite//global/global/global' of type 'entry' with template 'nyt' and locale 'es-ES'
INFO - Overriding locale 'es-ES' defaults 'variable = shifted' with 'variable = non-ignorable'
INFO - Overriding locale 'es-ES' defaults 'normalization = NFD' with 'normalization = prenormalized'
INFO - Sorting list 'nyt/global//global/global/global' of type 'entry' with template 'nyt' and locale 'es-ES'
INFO - Writing 'tesis.bbl' with encoding 'UTF-8'
INFO - Output to tesis.bbl
Latexmk: Found biber source file(s) [../Benchmarks/references_selection.bib, referencias.bib, tesis.bcf]
Latexmk: applying rule 'lualatex'...
Rule 'lualatex':  Reasons for rerun
Changed files or newly in use/created:
  capitulos/02_marco_teorico.aux
  capitulos/03_propuesta_y_desarrollo.aux
  capitulos/04_conclusiones_y_recomendaciones.aux
  capitulos/05_anexos.aux
  tesis.aux
  tesis.run.xml
  tesis.toc

------------
Run number 3 of rule 'lualatex'
------------
------------
Running 'lualatex  -interaction=nonstopmode -file-line-error -recorder  "tesis.tex"'
------------
This is LuaHBTeX, Version 1.22.0 (MiKTeX 25.4)
 restricted system commands enabled.
(./tesis.tex
LaTeX2e <2025-06-01> patch level 1
L3 programming layer <2025-09-02>
 (C:/MiKTeX/tex/latex/base/fix-cm.sty (C:/MiKTeX/tex/latex/base/ts1enc.def))
(C:/MiKTeX/tex/latex/base/report.cls
Document Class: report 2025/01/22 v1.4n Standard LaTeX document class
(C:/MiKTeX/tex/latex/base/size11.clo))
(C:/MiKTeX/tex/latex/fontspec/fontspec.sty
(C:/MiKTeX/tex/latex/l3packages/xparse/xparse.sty
(C:/MiKTeX/tex/latex/l3kernel/expl3.sty
(C:/MiKTeX/tex/latex/l3backend/l3backend-luatex.def)))
(C:/MiKTeX/tex/latex/fontspec/fontspec-luatex.sty
(C:/MiKTeX/tex/latex/base/fontenc.sty)
(C:/MiKTeX/tex/latex/fontspec/fontspec.cfg)))
(C:/MiKTeX/tex/generic/babel/babel.sty
(C:/MiKTeX/tex/generic/babel/luababel.def)
(C:/MiKTeX/tex/generic/babel/luababel.def)
*************************************
* Local config file bblopts.cfg used
*
(C:/MiKTeX/tex/latex/arabi/bblopts.cfg)
(C:/MiKTeX/tex/latex/babel-spanish/spanish.ldf
(C:/MiKTeX/tex/generic/babel/locale/es/babel-spanish.tex)
(C:/MiKTeX/tex/generic/hyph-utf8/loadhyph/loadhyph-es.tex
UTF-8 Spanish hyphenation patterns
(C:/MiKTeX/tex/generic/hyph-utf8/patterns/tex/hyph-es.tex))))
(C:/MiKTeX/tex/latex/csquotes/csquotes.sty
(C:/MiKTeX/tex/latex/etoolbox/etoolbox.sty)
(C:/MiKTeX/tex/latex/graphics/keyval.sty)
(C:/MiKTeX/tex/latex/csquotes/csquotes.def)
(C:/MiKTeX/tex/latex/csquotes/csquotes.cfg))
(C:/MiKTeX/tex/latex/geometry/geometry.sty
(C:/MiKTeX/tex/generic/iftex/ifvtex.sty (C:/MiKTeX/tex/generic/iftex/iftex.sty)
) (C:/MiKTeX/tex/latex/geometry/geometry.cfg))
(C:/MiKTeX/tex/latex/setspace/setspace.sty)
(C:/MiKTeX/tex/latex/microtype/microtype.sty
(C:/MiKTeX/tex/latex/microtype/microtype-luatex.def)
(C:/MiKTeX/tex/latex/microtype/microtype.cfg))
(C:/MiKTeX/tex/latex/graphics/graphicx.sty
(C:/MiKTeX/tex/latex/graphics/graphics.sty
(C:/MiKTeX/tex/latex/graphics/trig.sty)
(C:/MiKTeX/tex/latex/graphics-cfg/graphics.cfg)
(C:/MiKTeX/tex/latex/graphics-def/luatex.def)))
(C:/MiKTeX/tex/latex/booktabs/booktabs.sty)
(C:/MiKTeX/tex/latex/tools/longtable.sty)
(C:/MiKTeX/tex/latex/tools/tabularx.sty (C:/MiKTeX/tex/latex/tools/array.sty))
(C:/MiKTeX/tex/latex/multirow/multirow.sty)
(C:/MiKTeX/tex/latex/makecell/makecell.sty)
(C:/MiKTeX/tex/latex/threeparttable/threeparttable.sty)
(C:/MiKTeX/tex/latex/pdflscape/pdflscape.sty
(C:/MiKTeX/tex/latex/pdflscape/pdflscape-nometadata.sty
(C:/MiKTeX/tex/latex/graphics/lscape.sty)))
(C:/MiKTeX/tex/latex/ragged2e/ragged2e.sty)
(C:/MiKTeX/tex/latex/enumitem/enumitem.sty)
(C:/MiKTeX/tex/latex/titlesec/titlesec.sty)
(C:/MiKTeX/tex/latex/fancyhdr/fancyhdr.sty)
(C:/MiKTeX/tex/latex/amsmath/amsmath.sty
For additional information on amsmath, use the `?' option.
(C:/MiKTeX/tex/latex/amsmath/amstext.sty
(C:/MiKTeX/tex/latex/amsmath/amsgen.sty))
(C:/MiKTeX/tex/latex/amsmath/amsbsy.sty)
(C:/MiKTeX/tex/latex/amsmath/amsopn.sty))
(C:/MiKTeX/tex/latex/amsfonts/amssymb.sty
(C:/MiKTeX/tex/latex/amsfonts/amsfonts.sty))
(C:/MiKTeX/tex/latex/mathtools/mathtools.sty
(C:/MiKTeX/tex/latex/tools/calc.sty) (C:/MiKTeX/tex/latex/mathtools/mhsetup.sty
)) (C:/MiKTeX/tex/latex/siunitx/siunitx.sty
(C:/MiKTeX/tex/latex/translations/translations.sty
(C:/MiKTeX/tex/generic/pdftexcmds/pdftexcmds.sty
(C:/MiKTeX/tex/generic/infwarerr/infwarerr.sty)
(C:/MiKTeX/tex/generic/ltxcmds/ltxcmds.sty))))
(C:/MiKTeX/tex/latex/xcolor/xcolor.sty
(C:/MiKTeX/tex/latex/graphics-cfg/color.cfg)
(C:/MiKTeX/tex/latex/graphics/mathcolor.ltx))
(C:/MiKTeX/tex/latex/colortbl/colortbl.sty)
(C:/MiKTeX/tex/latex/pgf/frontendlayer/tikz.sty
(C:/MiKTeX/tex/latex/pgf/basiclayer/pgf.sty
(C:/MiKTeX/tex/latex/pgf/utilities/pgfrcs.sty
(C:/MiKTeX/tex/generic/pgf/utilities/pgfutil-common.tex)
(C:/MiKTeX/tex/generic/pgf/utilities/pgfutil-latex.def)
(C:/MiKTeX/tex/generic/pgf/utilities/pgfrcs.code.tex
(C:/MiKTeX/tex/generic/pgf/pgf.revision.tex)))
(C:/MiKTeX/tex/latex/pgf/basiclayer/pgfcore.sty
(C:/MiKTeX/tex/latex/pgf/systemlayer/pgfsys.sty
(C:/MiKTeX/tex/generic/pgf/systemlayer/pgfsys.code.tex
(C:/MiKTeX/tex/generic/pgf/utilities/pgfkeys.code.tex
(C:/MiKTeX/tex/generic/pgf/utilities/pgfkeyslibraryfiltered.code.tex))
(C:/MiKTeX/tex/generic/pgf/systemlayer/pgf.cfg)
(C:/MiKTeX/tex/generic/pgf/systemlayer/pgfsys-luatex.def
(C:/MiKTeX/tex/generic/pgf/systemlayer/pgfsys-common-pdf.def)))
(C:/MiKTeX/tex/generic/pgf/systemlayer/pgfsyssoftpath.code.tex)
(C:/MiKTeX/tex/generic/pgf/systemlayer/pgfsysprotocol.code.tex))
(C:/MiKTeX/tex/generic/pgf/basiclayer/pgfcore.code.tex
(C:/MiKTeX/tex/generic/pgf/math/pgfmath.code.tex
(C:/MiKTeX/tex/generic/pgf/math/pgfmathutil.code.tex)
(C:/MiKTeX/tex/generic/pgf/math/pgfmathparser.code.tex)
(C:/MiKTeX/tex/generic/pgf/math/pgfmathfunctions.code.tex)
(C:/MiKTeX/tex/generic/pgf/math/pgfmathfunctions.basic.code.tex)
(C:/MiKTeX/tex/generic/pgf/math/pgfmathfunctions.trigonometric.code.tex)
(C:/MiKTeX/tex/generic/pgf/math/pgfmathfunctions.random.code.tex)
(C:/MiKTeX/tex/generic/pgf/math/pgfmathfunctions.comparison.code.tex)
(C:/MiKTeX/tex/generic/pgf/math/pgfmathfunctions.base.code.tex)
(C:/MiKTeX/tex/generic/pgf/math/pgfmathfunctions.round.code.tex)
(C:/MiKTeX/tex/generic/pgf/math/pgfmathfunctions.misc.code.tex)
(C:/MiKTeX/tex/generic/pgf/math/pgfmathfunctions.integerarithmetics.code.tex)
(C:/MiKTeX/tex/generic/pgf/math/pgfmathcalc.code.tex)
(C:/MiKTeX/tex/generic/pgf/math/pgfmathfloat.code.tex))
(C:/MiKTeX/tex/generic/pgf/math/pgfint.code.tex)
(C:/MiKTeX/tex/generic/pgf/basiclayer/pgfcorepoints.code.tex)
(C:/MiKTeX/tex/generic/pgf/basiclayer/pgfcorepathconstruct.code.tex)
(C:/MiKTeX/tex/generic/pgf/basiclayer/pgfcorepathusage.code.tex)
(C:/MiKTeX/tex/generic/pgf/basiclayer/pgfcorescopes.code.tex)
(C:/MiKTeX/tex/generic/pgf/basiclayer/pgfcoregraphicstate.code.tex)
(C:/MiKTeX/tex/generic/pgf/basiclayer/pgfcoretransformations.code.tex)
(C:/MiKTeX/tex/generic/pgf/basiclayer/pgfcorequick.code.tex)
(C:/MiKTeX/tex/generic/pgf/basiclayer/pgfcoreobjects.code.tex)
(C:/MiKTeX/tex/generic/pgf/basiclayer/pgfcorepathprocessing.code.tex)
(C:/MiKTeX/tex/generic/pgf/basiclayer/pgfcorearrows.code.tex)
(C:/MiKTeX/tex/generic/pgf/basiclayer/pgfcoreshade.code.tex)
(C:/MiKTeX/tex/generic/pgf/basiclayer/pgfcoreimage.code.tex)
(C:/MiKTeX/tex/generic/pgf/basiclayer/pgfcoreexternal.code.tex)
(C:/MiKTeX/tex/generic/pgf/basiclayer/pgfcorelayers.code.tex)
(C:/MiKTeX/tex/generic/pgf/basiclayer/pgfcoretransparency.code.tex)
(C:/MiKTeX/tex/generic/pgf/basiclayer/pgfcorepatterns.code.tex)
(C:/MiKTeX/tex/generic/pgf/basiclayer/pgfcorerdf.code.tex)))
(C:/MiKTeX/tex/generic/pgf/modules/pgfmoduleshapes.code.tex)
(C:/MiKTeX/tex/generic/pgf/modules/pgfmoduleplot.code.tex)
(C:/MiKTeX/tex/latex/pgf/compatibility/pgfcomp-version-0-65.sty)
(C:/MiKTeX/tex/latex/pgf/compatibility/pgfcomp-version-1-18.sty))
(C:/MiKTeX/tex/latex/pgf/utilities/pgffor.sty
(C:/MiKTeX/tex/latex/pgf/utilities/pgfkeys.sty
(C:/MiKTeX/tex/generic/pgf/utilities/pgfkeys.code.tex))
(C:/MiKTeX/tex/latex/pgf/math/pgfmath.sty
(C:/MiKTeX/tex/generic/pgf/math/pgfmath.code.tex))
(C:/MiKTeX/tex/generic/pgf/utilities/pgffor.code.tex))
(C:/MiKTeX/tex/generic/pgf/frontendlayer/tikz/tikz.code.tex
(C:/MiKTeX/tex/generic/pgf/libraries/pgflibraryplothandlers.code.tex)
(C:/MiKTeX/tex/generic/pgf/modules/pgfmodulematrix.code.tex)
(C:/MiKTeX/tex/generic/pgf/frontendlayer/tikz/libraries/tikzlibrarytopaths.code
.tex))) (C:/MiKTeX/tex/generic/pgf/libraries/pgflibraryarrows.meta.code.tex)
(C:/MiKTeX/tex/generic/pgf/frontendlayer/tikz/libraries/tikzlibrarypositioning.
code.tex)
(C:/MiKTeX/tex/generic/pgf/frontendlayer/tikz/libraries/tikzlibraryshapes.geome
tric.code.tex
(C:/MiKTeX/tex/generic/pgf/libraries/shapes/pgflibraryshapes.geometric.code.tex
))
(C:/MiKTeX/tex/generic/pgf/frontendlayer/tikz/libraries/tikzlibraryfit.code.tex
)
(C:/MiKTeX/tex/generic/pgf/frontendlayer/tikz/libraries/tikzlibrarycalc.code.te
x) (C:/MiKTeX/tex/latex/newfloat/newfloat.sty)
(C:/MiKTeX/tex/latex/float/float.sty) (C:/MiKTeX/tex/latex/caption/caption.sty
(C:/MiKTeX/tex/latex/caption/caption3.sty)
(C:/MiKTeX/tex/latex/caption/ltcaption.sty))
(C:/MiKTeX/tex/latex/hyperref/hyperref.sty
(C:/MiKTeX/tex/latex/kvsetkeys/kvsetkeys.sty)
(C:/MiKTeX/tex/generic/kvdefinekeys/kvdefinekeys.sty)
(C:/MiKTeX/tex/generic/pdfescape/pdfescape.sty)
(C:/MiKTeX/tex/latex/hycolor/hycolor.sty)
(C:/MiKTeX/tex/latex/hyperref/nameref.sty
(C:/MiKTeX/tex/latex/refcount/refcount.sty)
(C:/MiKTeX/tex/generic/gettitlestring/gettitlestring.sty
(C:/MiKTeX/tex/latex/kvoptions/kvoptions.sty)))
(C:/MiKTeX/tex/generic/stringenc/stringenc.sty)
(C:/MiKTeX/tex/latex/hyperref/pd1enc.def)
(C:/MiKTeX/tex/generic/intcalc/intcalc.sty)
(C:/MiKTeX/tex/latex/hyperref/puenc.def) (C:/MiKTeX/tex/latex/url/url.sty)
(C:/MiKTeX/tex/generic/bitset/bitset.sty
(C:/MiKTeX/tex/generic/bigintcalc/bigintcalc.sty)))
(C:/MiKTeX/tex/latex/hyperref/hluatex.def
(C:/MiKTeX/tex/latex/rerunfilecheck/rerunfilecheck.sty
(C:/MiKTeX/tex/generic/uniquecounter/uniquecounter.sty)))
(C:/MiKTeX/tex/latex/bookmark/bookmark.sty
(C:/MiKTeX/tex/latex/bookmark/bkm-luatex.def))
(C:/MiKTeX/tex/latex/biblatex/biblatex.sty
(C:/MiKTeX/tex/latex/logreq/logreq.sty (C:/MiKTeX/tex/latex/logreq/logreq.def))
 (C:/MiKTeX/tex/latex/base/ifthen.sty) (C:/MiKTeX/tex/latex/biblatex/blx-dm.def
) (C:/MiKTeX/tex/latex/biblatex-apa/apa.dbx)
(C:/MiKTeX/tex/latex/biblatex/blx-unicode.def)
(C:/MiKTeX/tex/latex/biblatex/blx-compat.def)
(C:/MiKTeX/tex/latex/biblatex/biblatex.def)
(C:/MiKTeX/tex/latex/biblatex-apa/apa.bbx
(C:/MiKTeX/tex/latex/biblatex/bbx/standard.bbx))
(C:/MiKTeX/tex/latex/biblatex-apa/apa.cbx)
(C:/MiKTeX/tex/latex/biblatex/biblatex.cfg)
(C:/MiKTeX/tex/latex/biblatex/blx-case-expl3.sty)) (./tesis.aux
(./capitulos/01_planteamiento_del_problema.aux)
(./capitulos/02_marco_teorico.aux) (./capitulos/03_propuesta_y_desarrollo.aux)
(./capitulos/04_conclusiones_y_recomendaciones.aux) (./capitulos/05_anexos.aux)
)
*geometry* driver: auto-detecting
*geometry* detected driver: luatex
(C:/MiKTeX/tex/context/base/mkii/supp-pdf.mkii
[Loading MPS to PDF converter (version 2006.09.02).]
) (C:/MiKTeX/tex/latex/epstopdf-pkg/epstopdf-base.sty
(C:/MiKTeX/tex/latex/00miktex/epstopdf-sys.cfg))
(C:/MiKTeX/tex/latex/translations/dicts/translations-basic-dictionary-spanish.t
rsl) (C:/MiKTeX/tex/latex/biblatex-apa/spanish-apa.lbx
(C:/MiKTeX/tex/latex/biblatex/lbx/spanish.lbx)
(C:/MiKTeX/tex/latex/biblatex/lbx/spanish.lbx)) (./tesis.bbl)
[1{C:/Users/QU1267/AppData/Local/MiKTeX/fonts/map/pdftex/pdftex.map}<./imagenes
/logo_UNI.png>] (C:/MiKTeX/tex/latex/amsfonts/umsa.fd)
(C:/MiKTeX/tex/latex/microtype/mt-msa.cfg)
(C:/MiKTeX/tex/latex/amsfonts/umsb.fd)
(C:/MiKTeX/tex/latex/microtype/mt-msb.cfg)
(C:/MiKTeX/tex/latex/microtype/mt-cmr.cfg) (./capitulos/00_dedicatoria.tex
[2]) (./capitulos/00_agradecimientos.tex
[3]) (./capitulos/00_copia_documentos.tex
[4])
[5] (./tesis.toc
[6]
[7]
[8])
[9] (./tesis.lof)
[10] (./tesis.lot
[11])
[12] (./tesis.loe) (./capitulos/00_resumen_abstract.tex
[13]
[14]) (./capitulos/00_introduccion.tex
[15])
[16] (./capitulos/01_planteamiento_del_problema.tex
Capítulo 1.

[1]
[2]
[3]
[4]
[5]
[6]
[7])
[8] (./capitulos/02_marco_teorico.tex
Capítulo 2.

[9]
[10]
[11]
[12<./imagenes/kim2025_cable_xsection.png><./imagenes/enescu_trench_xsection_es
.png>]
[13]
[14]
[15]
[16]
[17])
[18] (./capitulos/03_propuesta_y_desarrollo.tex
Capítulo 3.

[19]
[20]
[21]
[22]
[23]
[24]
[25]
[26]
[27] (./capitulos/03_analisis_numerico_metodo.tex
[28]
[29]) (./capitulos/03_muestreo_adaptativo.tex
[30])
[31] (./tablas/benchmark_fem.tex) (./tablas/benchmark_coupled_fem.tex)
[32] (./tablas/benchmark_selection.tex)
[33] (./tablas/benchmark_findings.tex)
(./tablas/benchmark_coupled_selection.tex)
[34] (./tablas/benchmark_numerical_findings.tex
(./tablas/benchmark_resolution.tex)
(./tablas/benchmark_resolution_stability.tex)
[35] (./tablas/benchmark_observed_orders.tex
[36<./imagenes/benchmarks/mms_smooth_2d_resolution.png><./imagenes/benchmarks/x
lpe_single_resolution.png>]) (./tablas/benchmark_error_propagation.tex))
(./tablas/benchmark_adaptive_findings.tex (./tablas/benchmark_adaptive.tex
[37])
[38<./imagenes/benchmarks/kim_layered_collocation.png>])
[39<./imagenes/benchmarks/xlpe_backfill_collocation.png>]
(./tablas/benchmark_pinn.tex) (./tablas/benchmark_boundary.tex)
(./tablas/benchmark_losses.tex
[40]
[41<./imagenes/benchmarks/mms_interface.png><./imagenes/benchmarks/xlpe_dry_nea
r.png><./imagenes/benchmarks/mms_smooth_2d.png>]
[42<./imagenes/benchmarks/kim_layered.png>])
(./tablas/benchmark_operational_findings.tex)
[43] (./tablas/benchmark_ampacity.tex)
(./tablas/benchmark_ampacity_selection.tex)
[44]
[45<./imagenes/benchmarks/ampacity_xlpe.png>]
[46])
[47] (./capitulos/04_conclusiones_y_recomendaciones.tex
Capítulo 4.

[48] (./tablas/benchmark_adaptive_conclusion.tex)
[49])
[50]
[51]
[52]
[53]
[54] (./capitulos/05_anexos.tex
[55]
[56]
[57])
[58] (./tesis.aux (./capitulos/01_planteamiento_del_problema.aux)
(./capitulos/02_marco_teorico.aux) (./capitulos/03_propuesta_y_desarrollo.aux)
(./capitulos/04_conclusiones_y_recomendaciones.aux) (./capitulos/05_anexos.aux)
))
 1696 words of node memory still in use:
   8 hlist, 2 vlist, 2 rule, 1 local_par, 7 glue, 4 kern, 1 penalty, 1 margin_k
ern, 3 glyph, 204 attribute, 91 glue_spec, 104 attribute_list, 4 write, 56 pdf_
action nodes
   avail lists: 1:1,2:3066,3:705,4:215,5:357,6:117,7:9861,8:217,9:1348,10:21,11
:1385
<c:/miktex/fonts/opentype/public/lm/lmmono10-regular.otf><C:/WINDOWS/Fonts/aria
lni.ttf><C:/WINDOWS/Fonts/arial.ttf><C:/WINDOWS/Fonts/arialbd.ttf><./fonts/Popp
ins-Bold.ttf><C:/MiKTeX/fonts/type1/public/amsfonts/cm/cmbx10.pfb><C:/MiKTeX/fo
nts/type1/public/amsfonts/cm/cmex10.pfb><C:/MiKTeX/fonts/type1/public/amsfonts/
cm/cmmi10.pfb><C:/MiKTeX/fonts/type1/public/amsfonts/cm/cmmi6.pfb><C:/MiKTeX/fo
nts/type1/public/amsfonts/cm/cmmi7.pfb><C:/MiKTeX/fonts/type1/public/amsfonts/c
m/cmmi8.pfb><C:/MiKTeX/fonts/type1/public/amsfonts/cm/cmmib10.pfb><C:/MiKTeX/fo
nts/type1/public/amsfonts/cm/cmr10.pfb><C:/MiKTeX/fonts/type1/public/amsfonts/c
m/cmr6.pfb><C:/MiKTeX/fonts/type1/public/amsfonts/cm/cmr8.pfb><C:/MiKTeX/fonts/
type1/public/amsfonts/cm/cmsy10.pfb><C:/MiKTeX/fonts/type1/public/amsfonts/cm/c
msy8.pfb><C:/MiKTeX/fonts/type1/public/amsfonts/symbols/msbm10.pfb>
Output written on tesis.pdf (74 pages, 5596519 bytes).
Transcript written on tesis.log.
Latexmk: Getting log file 'tesis.log'
Latexmk: Examining 'tesis.fls'
Latexmk: Examining 'tesis.log'
Latexmk: Found input bbl file 'tesis.bbl'
Latexmk: Log file says output to 'tesis.pdf'
Latexmk: Using biber to make bibliography file(s).
Latexmk: Bibliography file(s) from .bcf file:
  ../Benchmarks/references_selection.bib
  referencias.bib
Sources for biber
  ../Benchmarks/references_selection.bib
  referencias.bib
  tesis.bcf
Latexmk: applying rule 'lualatex'...
Rule 'lualatex':  Reasons for rerun
Changed files or newly in use/created:
  tesis.run.xml

------------
Run number 4 of rule 'lualatex'
------------
------------
Running 'lualatex  -interaction=nonstopmode -file-line-error -recorder  "tesis.tex"'
------------
This is LuaHBTeX, Version 1.22.0 (MiKTeX 25.4)
 restricted system commands enabled.
(./tesis.tex
LaTeX2e <2025-06-01> patch level 1
L3 programming layer <2025-09-02>
 (C:/MiKTeX/tex/latex/base/fix-cm.sty (C:/MiKTeX/tex/latex/base/ts1enc.def))
(C:/MiKTeX/tex/latex/base/report.cls
Document Class: report 2025/01/22 v1.4n Standard LaTeX document class
(C:/MiKTeX/tex/latex/base/size11.clo))
(C:/MiKTeX/tex/latex/fontspec/fontspec.sty
(C:/MiKTeX/tex/latex/l3packages/xparse/xparse.sty
(C:/MiKTeX/tex/latex/l3kernel/expl3.sty
(C:/MiKTeX/tex/latex/l3backend/l3backend-luatex.def)))
(C:/MiKTeX/tex/latex/fontspec/fontspec-luatex.sty
(C:/MiKTeX/tex/latex/base/fontenc.sty)
(C:/MiKTeX/tex/latex/fontspec/fontspec.cfg)))
(C:/MiKTeX/tex/generic/babel/babel.sty
(C:/MiKTeX/tex/generic/babel/luababel.def)
(C:/MiKTeX/tex/generic/babel/luababel.def)
*************************************
* Local config file bblopts.cfg used
*
(C:/MiKTeX/tex/latex/arabi/bblopts.cfg)
(C:/MiKTeX/tex/latex/babel-spanish/spanish.ldf
(C:/MiKTeX/tex/generic/babel/locale/es/babel-spanish.tex)
(C:/MiKTeX/tex/generic/hyph-utf8/loadhyph/loadhyph-es.tex
UTF-8 Spanish hyphenation patterns
(C:/MiKTeX/tex/generic/hyph-utf8/patterns/tex/hyph-es.tex))))
(C:/MiKTeX/tex/latex/csquotes/csquotes.sty
(C:/MiKTeX/tex/latex/etoolbox/etoolbox.sty)
(C:/MiKTeX/tex/latex/graphics/keyval.sty)
(C:/MiKTeX/tex/latex/csquotes/csquotes.def)
(C:/MiKTeX/tex/latex/csquotes/csquotes.cfg))
(C:/MiKTeX/tex/latex/geometry/geometry.sty
(C:/MiKTeX/tex/generic/iftex/ifvtex.sty (C:/MiKTeX/tex/generic/iftex/iftex.sty)
) (C:/MiKTeX/tex/latex/geometry/geometry.cfg))
(C:/MiKTeX/tex/latex/setspace/setspace.sty)
(C:/MiKTeX/tex/latex/microtype/microtype.sty
(C:/MiKTeX/tex/latex/microtype/microtype-luatex.def)
(C:/MiKTeX/tex/latex/microtype/microtype.cfg))
(C:/MiKTeX/tex/latex/graphics/graphicx.sty
(C:/MiKTeX/tex/latex/graphics/graphics.sty
(C:/MiKTeX/tex/latex/graphics/trig.sty)
(C:/MiKTeX/tex/latex/graphics-cfg/graphics.cfg)
(C:/MiKTeX/tex/latex/graphics-def/luatex.def)))
(C:/MiKTeX/tex/latex/booktabs/booktabs.sty)
(C:/MiKTeX/tex/latex/tools/longtable.sty)
(C:/MiKTeX/tex/latex/tools/tabularx.sty (C:/MiKTeX/tex/latex/tools/array.sty))
(C:/MiKTeX/tex/latex/multirow/multirow.sty)
(C:/MiKTeX/tex/latex/makecell/makecell.sty)
(C:/MiKTeX/tex/latex/threeparttable/threeparttable.sty)
(C:/MiKTeX/tex/latex/pdflscape/pdflscape.sty
(C:/MiKTeX/tex/latex/pdflscape/pdflscape-nometadata.sty
(C:/MiKTeX/tex/latex/graphics/lscape.sty)))
(C:/MiKTeX/tex/latex/ragged2e/ragged2e.sty)
(C:/MiKTeX/tex/latex/enumitem/enumitem.sty)
(C:/MiKTeX/tex/latex/titlesec/titlesec.sty)
(C:/MiKTeX/tex/latex/fancyhdr/fancyhdr.sty)
(C:/MiKTeX/tex/latex/amsmath/amsmath.sty
For additional information on amsmath, use the `?' option.
(C:/MiKTeX/tex/latex/amsmath/amstext.sty
(C:/MiKTeX/tex/latex/amsmath/amsgen.sty))
(C:/MiKTeX/tex/latex/amsmath/amsbsy.sty)
(C:/MiKTeX/tex/latex/amsmath/amsopn.sty))
(C:/MiKTeX/tex/latex/amsfonts/amssymb.sty
(C:/MiKTeX/tex/latex/amsfonts/amsfonts.sty))
(C:/MiKTeX/tex/latex/mathtools/mathtools.sty
(C:/MiKTeX/tex/latex/tools/calc.sty) (C:/MiKTeX/tex/latex/mathtools/mhsetup.sty
)) (C:/MiKTeX/tex/latex/siunitx/siunitx.sty
(C:/MiKTeX/tex/latex/translations/translations.sty
(C:/MiKTeX/tex/generic/pdftexcmds/pdftexcmds.sty
(C:/MiKTeX/tex/generic/infwarerr/infwarerr.sty)
(C:/MiKTeX/tex/generic/ltxcmds/ltxcmds.sty))))
(C:/MiKTeX/tex/latex/xcolor/xcolor.sty
(C:/MiKTeX/tex/latex/graphics-cfg/color.cfg)
(C:/MiKTeX/tex/latex/graphics/mathcolor.ltx))
(C:/MiKTeX/tex/latex/colortbl/colortbl.sty)
(C:/MiKTeX/tex/latex/pgf/frontendlayer/tikz.sty
(C:/MiKTeX/tex/latex/pgf/basiclayer/pgf.sty
(C:/MiKTeX/tex/latex/pgf/utilities/pgfrcs.sty
(C:/MiKTeX/tex/generic/pgf/utilities/pgfutil-common.tex)
(C:/MiKTeX/tex/generic/pgf/utilities/pgfutil-latex.def)
(C:/MiKTeX/tex/generic/pgf/utilities/pgfrcs.code.tex
(C:/MiKTeX/tex/generic/pgf/pgf.revision.tex)))
(C:/MiKTeX/tex/latex/pgf/basiclayer/pgfcore.sty
(C:/MiKTeX/tex/latex/pgf/systemlayer/pgfsys.sty
(C:/MiKTeX/tex/generic/pgf/systemlayer/pgfsys.code.tex
(C:/MiKTeX/tex/generic/pgf/utilities/pgfkeys.code.tex
(C:/MiKTeX/tex/generic/pgf/utilities/pgfkeyslibraryfiltered.code.tex))
(C:/MiKTeX/tex/generic/pgf/systemlayer/pgf.cfg)
(C:/MiKTeX/tex/generic/pgf/systemlayer/pgfsys-luatex.def
(C:/MiKTeX/tex/generic/pgf/systemlayer/pgfsys-common-pdf.def)))
(C:/MiKTeX/tex/generic/pgf/systemlayer/pgfsyssoftpath.code.tex)
(C:/MiKTeX/tex/generic/pgf/systemlayer/pgfsysprotocol.code.tex))
(C:/MiKTeX/tex/generic/pgf/basiclayer/pgfcore.code.tex
(C:/MiKTeX/tex/generic/pgf/math/pgfmath.code.tex
(C:/MiKTeX/tex/generic/pgf/math/pgfmathutil.code.tex)
(C:/MiKTeX/tex/generic/pgf/math/pgfmathparser.code.tex)
(C:/MiKTeX/tex/generic/pgf/math/pgfmathfunctions.code.tex)
(C:/MiKTeX/tex/generic/pgf/math/pgfmathfunctions.basic.code.tex)
(C:/MiKTeX/tex/generic/pgf/math/pgfmathfunctions.trigonometric.code.tex)
(C:/MiKTeX/tex/generic/pgf/math/pgfmathfunctions.random.code.tex)
(C:/MiKTeX/tex/generic/pgf/math/pgfmathfunctions.comparison.code.tex)
(C:/MiKTeX/tex/generic/pgf/math/pgfmathfunctions.base.code.tex)
(C:/MiKTeX/tex/generic/pgf/math/pgfmathfunctions.round.code.tex)
(C:/MiKTeX/tex/generic/pgf/math/pgfmathfunctions.misc.code.tex)
(C:/MiKTeX/tex/generic/pgf/math/pgfmathfunctions.integerarithmetics.code.tex)
(C:/MiKTeX/tex/generic/pgf/math/pgfmathcalc.code.tex)
(C:/MiKTeX/tex/generic/pgf/math/pgfmathfloat.code.tex))
(C:/MiKTeX/tex/generic/pgf/math/pgfint.code.tex)
(C:/MiKTeX/tex/generic/pgf/basiclayer/pgfcorepoints.code.tex)
(C:/MiKTeX/tex/generic/pgf/basiclayer/pgfcorepathconstruct.code.tex)
(C:/MiKTeX/tex/generic/pgf/basiclayer/pgfcorepathusage.code.tex)
(C:/MiKTeX/tex/generic/pgf/basiclayer/pgfcorescopes.code.tex)
(C:/MiKTeX/tex/generic/pgf/basiclayer/pgfcoregraphicstate.code.tex)
(C:/MiKTeX/tex/generic/pgf/basiclayer/pgfcoretransformations.code.tex)
(C:/MiKTeX/tex/generic/pgf/basiclayer/pgfcorequick.code.tex)
(C:/MiKTeX/tex/generic/pgf/basiclayer/pgfcoreobjects.code.tex)
(C:/MiKTeX/tex/generic/pgf/basiclayer/pgfcorepathprocessing.code.tex)
(C:/MiKTeX/tex/generic/pgf/basiclayer/pgfcorearrows.code.tex)
(C:/MiKTeX/tex/generic/pgf/basiclayer/pgfcoreshade.code.tex)
(C:/MiKTeX/tex/generic/pgf/basiclayer/pgfcoreimage.code.tex)
(C:/MiKTeX/tex/generic/pgf/basiclayer/pgfcoreexternal.code.tex)
(C:/MiKTeX/tex/generic/pgf/basiclayer/pgfcorelayers.code.tex)
(C:/MiKTeX/tex/generic/pgf/basiclayer/pgfcoretransparency.code.tex)
(C:/MiKTeX/tex/generic/pgf/basiclayer/pgfcorepatterns.code.tex)
(C:/MiKTeX/tex/generic/pgf/basiclayer/pgfcorerdf.code.tex)))
(C:/MiKTeX/tex/generic/pgf/modules/pgfmoduleshapes.code.tex)
(C:/MiKTeX/tex/generic/pgf/modules/pgfmoduleplot.code.tex)
(C:/MiKTeX/tex/latex/pgf/compatibility/pgfcomp-version-0-65.sty)
(C:/MiKTeX/tex/latex/pgf/compatibility/pgfcomp-version-1-18.sty))
(C:/MiKTeX/tex/latex/pgf/utilities/pgffor.sty
(C:/MiKTeX/tex/latex/pgf/utilities/pgfkeys.sty
(C:/MiKTeX/tex/generic/pgf/utilities/pgfkeys.code.tex))
(C:/MiKTeX/tex/latex/pgf/math/pgfmath.sty
(C:/MiKTeX/tex/generic/pgf/math/pgfmath.code.tex))
(C:/MiKTeX/tex/generic/pgf/utilities/pgffor.code.tex))
(C:/MiKTeX/tex/generic/pgf/frontendlayer/tikz/tikz.code.tex
(C:/MiKTeX/tex/generic/pgf/libraries/pgflibraryplothandlers.code.tex)
(C:/MiKTeX/tex/generic/pgf/modules/pgfmodulematrix.code.tex)
(C:/MiKTeX/tex/generic/pgf/frontendlayer/tikz/libraries/tikzlibrarytopaths.code
.tex))) (C:/MiKTeX/tex/generic/pgf/libraries/pgflibraryarrows.meta.code.tex)
(C:/MiKTeX/tex/generic/pgf/frontendlayer/tikz/libraries/tikzlibrarypositioning.
code.tex)
(C:/MiKTeX/tex/generic/pgf/frontendlayer/tikz/libraries/tikzlibraryshapes.geome
tric.code.tex
(C:/MiKTeX/tex/generic/pgf/libraries/shapes/pgflibraryshapes.geometric.code.tex
))
(C:/MiKTeX/tex/generic/pgf/frontendlayer/tikz/libraries/tikzlibraryfit.code.tex
)
(C:/MiKTeX/tex/generic/pgf/frontendlayer/tikz/libraries/tikzlibrarycalc.code.te
x) (C:/MiKTeX/tex/latex/newfloat/newfloat.sty)
(C:/MiKTeX/tex/latex/float/float.sty) (C:/MiKTeX/tex/latex/caption/caption.sty
(C:/MiKTeX/tex/latex/caption/caption3.sty)
(C:/MiKTeX/tex/latex/caption/ltcaption.sty))
(C:/MiKTeX/tex/latex/hyperref/hyperref.sty
(C:/MiKTeX/tex/latex/kvsetkeys/kvsetkeys.sty)
(C:/MiKTeX/tex/generic/kvdefinekeys/kvdefinekeys.sty)
(C:/MiKTeX/tex/generic/pdfescape/pdfescape.sty)
(C:/MiKTeX/tex/latex/hycolor/hycolor.sty)
(C:/MiKTeX/tex/latex/hyperref/nameref.sty
(C:/MiKTeX/tex/latex/refcount/refcount.sty)
(C:/MiKTeX/tex/generic/gettitlestring/gettitlestring.sty
(C:/MiKTeX/tex/latex/kvoptions/kvoptions.sty)))
(C:/MiKTeX/tex/generic/stringenc/stringenc.sty)
(C:/MiKTeX/tex/latex/hyperref/pd1enc.def)
(C:/MiKTeX/tex/generic/intcalc/intcalc.sty)
(C:/MiKTeX/tex/latex/hyperref/puenc.def) (C:/MiKTeX/tex/latex/url/url.sty)
(C:/MiKTeX/tex/generic/bitset/bitset.sty
(C:/MiKTeX/tex/generic/bigintcalc/bigintcalc.sty)))
(C:/MiKTeX/tex/latex/hyperref/hluatex.def
(C:/MiKTeX/tex/latex/rerunfilecheck/rerunfilecheck.sty
(C:/MiKTeX/tex/generic/uniquecounter/uniquecounter.sty)))
(C:/MiKTeX/tex/latex/bookmark/bookmark.sty
(C:/MiKTeX/tex/latex/bookmark/bkm-luatex.def))
(C:/MiKTeX/tex/latex/biblatex/biblatex.sty
(C:/MiKTeX/tex/latex/logreq/logreq.sty (C:/MiKTeX/tex/latex/logreq/logreq.def))
 (C:/MiKTeX/tex/latex/base/ifthen.sty) (C:/MiKTeX/tex/latex/biblatex/blx-dm.def
) (C:/MiKTeX/tex/latex/biblatex-apa/apa.dbx)
(C:/MiKTeX/tex/latex/biblatex/blx-unicode.def)
(C:/MiKTeX/tex/latex/biblatex/blx-compat.def)
(C:/MiKTeX/tex/latex/biblatex/biblatex.def)
(C:/MiKTeX/tex/latex/biblatex-apa/apa.bbx
(C:/MiKTeX/tex/latex/biblatex/bbx/standard.bbx))
(C:/MiKTeX/tex/latex/biblatex-apa/apa.cbx)
(C:/MiKTeX/tex/latex/biblatex/biblatex.cfg)
(C:/MiKTeX/tex/latex/biblatex/blx-case-expl3.sty)) (./tesis.aux
(./capitulos/01_planteamiento_del_problema.aux)
(./capitulos/02_marco_teorico.aux) (./capitulos/03_propuesta_y_desarrollo.aux)
(./capitulos/04_conclusiones_y_recomendaciones.aux) (./capitulos/05_anexos.aux)
)
*geometry* driver: auto-detecting
*geometry* detected driver: luatex
(C:/MiKTeX/tex/context/base/mkii/supp-pdf.mkii
[Loading MPS to PDF converter (version 2006.09.02).]
) (C:/MiKTeX/tex/latex/epstopdf-pkg/epstopdf-base.sty
(C:/MiKTeX/tex/latex/00miktex/epstopdf-sys.cfg))
(C:/MiKTeX/tex/latex/translations/dicts/translations-basic-dictionary-spanish.t
rsl) (C:/MiKTeX/tex/latex/biblatex-apa/spanish-apa.lbx
(C:/MiKTeX/tex/latex/biblatex/lbx/spanish.lbx)
(C:/MiKTeX/tex/latex/biblatex/lbx/spanish.lbx)) (./tesis.bbl)
[1{C:/Users/QU1267/AppData/Local/MiKTeX/fonts/map/pdftex/pdftex.map}<./imagenes
/logo_UNI.png>] (C:/MiKTeX/tex/latex/amsfonts/umsa.fd)
(C:/MiKTeX/tex/latex/microtype/mt-msa.cfg)
(C:/MiKTeX/tex/latex/amsfonts/umsb.fd)
(C:/MiKTeX/tex/latex/microtype/mt-msb.cfg)
(C:/MiKTeX/tex/latex/microtype/mt-cmr.cfg) (./capitulos/00_dedicatoria.tex
[2]) (./capitulos/00_agradecimientos.tex
[3]) (./capitulos/00_copia_documentos.tex
[4])
[5] (./tesis.toc
[6]
[7]
[8])
[9] (./tesis.lof)
[10] (./tesis.lot
[11])
[12] (./tesis.loe) (./capitulos/00_resumen_abstract.tex
[13]
[14]) (./capitulos/00_introduccion.tex
[15])
[16] (./capitulos/01_planteamiento_del_problema.tex
Capítulo 1.

[1]
[2]
[3]
[4]
[5]
[6]
[7])
[8] (./capitulos/02_marco_teorico.tex
Capítulo 2.

[9]
[10]
[11]
[12<./imagenes/kim2025_cable_xsection.png><./imagenes/enescu_trench_xsection_es
.png>]
[13]
[14]
[15]
[16]
[17])
[18] (./capitulos/03_propuesta_y_desarrollo.tex
Capítulo 3.

[19]
[20]
[21]
[22]
[23]
[24]
[25]
[26]
[27] (./capitulos/03_analisis_numerico_metodo.tex
[28]
[29]) (./capitulos/03_muestreo_adaptativo.tex
[30])
[31] (./tablas/benchmark_fem.tex) (./tablas/benchmark_coupled_fem.tex)
[32] (./tablas/benchmark_selection.tex)
[33] (./tablas/benchmark_findings.tex)
(./tablas/benchmark_coupled_selection.tex)
[34] (./tablas/benchmark_numerical_findings.tex
(./tablas/benchmark_resolution.tex)
(./tablas/benchmark_resolution_stability.tex)
[35] (./tablas/benchmark_observed_orders.tex
[36<./imagenes/benchmarks/mms_smooth_2d_resolution.png><./imagenes/benchmarks/x
lpe_single_resolution.png>]) (./tablas/benchmark_error_propagation.tex))
(./tablas/benchmark_adaptive_findings.tex (./tablas/benchmark_adaptive.tex
[37])
[38<./imagenes/benchmarks/kim_layered_collocation.png>])
[39<./imagenes/benchmarks/xlpe_backfill_collocation.png>]
(./tablas/benchmark_pinn.tex) (./tablas/benchmark_boundary.tex)
(./tablas/benchmark_losses.tex
[40]
[41<./imagenes/benchmarks/mms_interface.png><./imagenes/benchmarks/xlpe_dry_nea
r.png><./imagenes/benchmarks/mms_smooth_2d.png>]
[42<./imagenes/benchmarks/kim_layered.png>])
(./tablas/benchmark_operational_findings.tex)
[43] (./tablas/benchmark_ampacity.tex)
(./tablas/benchmark_ampacity_selection.tex)
[44]
[45<./imagenes/benchmarks/ampacity_xlpe.png>]
[46])
[47] (./capitulos/04_conclusiones_y_recomendaciones.tex
Capítulo 4.

[48] (./tablas/benchmark_adaptive_conclusion.tex)
[49])
[50]
[51]
[52]
[53]
[54] (./capitulos/05_anexos.tex
[55]
[56]
[57])
[58] (./tesis.aux (./capitulos/01_planteamiento_del_problema.aux)
(./capitulos/02_marco_teorico.aux) (./capitulos/03_propuesta_y_desarrollo.aux)
(./capitulos/04_conclusiones_y_recomendaciones.aux) (./capitulos/05_anexos.aux)
))
 1696 words of node memory still in use:
   8 hlist, 2 vlist, 2 rule, 1 local_par, 7 glue, 4 kern, 1 penalty, 1 margin_k
ern, 3 glyph, 204 attribute, 91 glue_spec, 104 attribute_list, 4 write, 56 pdf_
action nodes
   avail lists: 1:1,2:3066,3:705,4:215,5:357,6:117,7:9861,8:217,9:1348,10:21,11
:1385
<c:/miktex/fonts/opentype/public/lm/lmmono10-regular.otf><C:/WINDOWS/Fonts/aria
lni.ttf><C:/WINDOWS/Fonts/arial.ttf><C:/WINDOWS/Fonts/arialbd.ttf><./fonts/Popp
ins-Bold.ttf><C:/MiKTeX/fonts/type1/public/amsfonts/cm/cmbx10.pfb><C:/MiKTeX/fo
nts/type1/public/amsfonts/cm/cmex10.pfb><C:/MiKTeX/fonts/type1/public/amsfonts/
cm/cmmi10.pfb><C:/MiKTeX/fonts/type1/public/amsfonts/cm/cmmi6.pfb><C:/MiKTeX/fo
nts/type1/public/amsfonts/cm/cmmi7.pfb><C:/MiKTeX/fonts/type1/public/amsfonts/c
m/cmmi8.pfb><C:/MiKTeX/fonts/type1/public/amsfonts/cm/cmmib10.pfb><C:/MiKTeX/fo
nts/type1/public/amsfonts/cm/cmr10.pfb><C:/MiKTeX/fonts/type1/public/amsfonts/c
m/cmr6.pfb><C:/MiKTeX/fonts/type1/public/amsfonts/cm/cmr8.pfb><C:/MiKTeX/fonts/
type1/public/amsfonts/cm/cmsy10.pfb><C:/MiKTeX/fonts/type1/public/amsfonts/cm/c
msy8.pfb><C:/MiKTeX/fonts/type1/public/amsfonts/symbols/msbm10.pfb>
Output written on tesis.pdf (74 pages, 5596519 bytes).
Transcript written on tesis.log.
Latexmk: Getting log file 'tesis.log'
Latexmk: Examining 'tesis.fls'
Latexmk: Examining 'tesis.log'
Latexmk: Found input bbl file 'tesis.bbl'
Latexmk: Log file says output to 'tesis.pdf'
Latexmk: Using biber to make bibliography file(s).
Latexmk: Bibliography file(s) from .bcf file:
  ../Benchmarks/references_selection.bib
  referencias.bib
Sources for biber
  ../Benchmarks/references_selection.bib
  referencias.bib
  tesis.bcf
Latexmk: All targets (tesis.pdf) are up-to-date

Reverting Windows console CPs to (in,out) = (437,65001)
