perl: warning: Setting locale failed.
perl: warning: Please check that your locale settings:
	LC_ALL = "C.UTF-8",
	LC_CTYPE = "C.UTF-8",
	LC_NUMERIC = (unset),
	LC_COLLATE = (unset),
	LC_TIME = (unset),
	LC_MONETARY = (unset),
	LANG = "C.UTF-8"
    are supported and installed on your system.
perl: warning: Falling back to the system default locale ("Spanish_Peru.1252").
Initial Win CP for (console input, console output, system): (CP437, CP65001, CP1252)
I changed them all to CP1252
Rc files read:
  NONE
Latexmk: This is Latexmk, John Collins, 15 June 2025. Version 4.87.
Latexmk: applying rule 'lualatex'...
Rule 'lualatex':  Reasons for rerun
Changed files or newly in use/created:
  capitulos/05_anexos.tex
Category 'changed_user':
  capitulos/05_anexos.tex

------------
Run number 1 of rule 'lualatex'
------------
------------
Running 'lualatex  -interaction=nonstopmode -file-line-error -recorder  "tesis.tex"'
------------
This is LuaHBTeX, Version 1.22.0 (MiKTeX 25.4)
 restricted system commands enabled.
(./tesis.tex
LaTeX2e <2025-06-01> patch level 1
L3 programming layer <2025-09-02>
 (C:/MiKTeX/tex/latex/base/fix-cm.sty (C:/MiKTeX/tex/latex/base/ts1enc.def))
(C:/MiKTeX/tex/latex/base/report.cls
Document Class: report 2025/01/22 v1.4n Standard LaTeX document class
(C:/MiKTeX/tex/latex/base/size11.clo))
(C:/MiKTeX/tex/latex/fontspec/fontspec.sty
(C:/MiKTeX/tex/latex/l3packages/xparse/xparse.sty
(C:/MiKTeX/tex/latex/l3kernel/expl3.sty
(C:/MiKTeX/tex/latex/l3backend/l3backend-luatex.def)))
(C:/MiKTeX/tex/latex/fontspec/fontspec-luatex.sty
(C:/MiKTeX/tex/latex/base/fontenc.sty)
(C:/MiKTeX/tex/latex/fontspec/fontspec.cfg)))
(C:/MiKTeX/tex/generic/babel/babel.sty
(C:/MiKTeX/tex/generic/babel/luababel.def)
(C:/MiKTeX/tex/generic/babel/luababel.def)
*************************************
* Local config file bblopts.cfg used
*
(C:/MiKTeX/tex/latex/arabi/bblopts.cfg)
(C:/MiKTeX/tex/latex/babel-spanish/spanish.ldf
(C:/MiKTeX/tex/generic/babel/locale/es/babel-spanish.tex)
(C:/MiKTeX/tex/generic/hyph-utf8/loadhyph/loadhyph-es.tex
UTF-8 Spanish hyphenation patterns
(C:/MiKTeX/tex/generic/hyph-utf8/patterns/tex/hyph-es.tex))))
(C:/MiKTeX/tex/latex/csquotes/csquotes.sty
(C:/MiKTeX/tex/latex/etoolbox/etoolbox.sty)
(C:/MiKTeX/tex/latex/graphics/keyval.sty)
(C:/MiKTeX/tex/latex/csquotes/csquotes.def)
(C:/MiKTeX/tex/latex/csquotes/csquotes.cfg))
(C:/MiKTeX/tex/latex/geometry/geometry.sty
(C:/MiKTeX/tex/generic/iftex/ifvtex.sty (C:/MiKTeX/tex/generic/iftex/iftex.sty)
) (C:/MiKTeX/tex/latex/geometry/geometry.cfg))
(C:/MiKTeX/tex/latex/setspace/setspace.sty)
(C:/MiKTeX/tex/latex/microtype/microtype.sty
(C:/MiKTeX/tex/latex/microtype/microtype-luatex.def)
(C:/MiKTeX/tex/latex/microtype/microtype.cfg))
(C:/MiKTeX/tex/latex/graphics/graphicx.sty
(C:/MiKTeX/tex/latex/graphics/graphics.sty
(C:/MiKTeX/tex/latex/graphics/trig.sty)
(C:/MiKTeX/tex/latex/graphics-cfg/graphics.cfg)
(C:/MiKTeX/tex/latex/graphics-def/luatex.def)))
(C:/MiKTeX/tex/latex/booktabs/booktabs.sty)
(C:/MiKTeX/tex/latex/tools/longtable.sty)
(C:/MiKTeX/tex/latex/tools/tabularx.sty (C:/MiKTeX/tex/latex/tools/array.sty))
(C:/MiKTeX/tex/latex/multirow/multirow.sty)
(C:/MiKTeX/tex/latex/makecell/makecell.sty)
(C:/MiKTeX/tex/latex/threeparttable/threeparttable.sty)
(C:/MiKTeX/tex/latex/pdflscape/pdflscape.sty
(C:/MiKTeX/tex/latex/pdflscape/pdflscape-nometadata.sty
(C:/MiKTeX/tex/latex/graphics/lscape.sty)))
(C:/MiKTeX/tex/latex/ragged2e/ragged2e.sty)
(C:/MiKTeX/tex/latex/enumitem/enumitem.sty)
(C:/MiKTeX/tex/latex/titlesec/titlesec.sty)
(C:/MiKTeX/tex/latex/fancyhdr/fancyhdr.sty)
(C:/MiKTeX/tex/latex/amsmath/amsmath.sty
For additional information on amsmath, use the `?' option.
(C:/MiKTeX/tex/latex/amsmath/amstext.sty
(C:/MiKTeX/tex/latex/amsmath/amsgen.sty))
(C:/MiKTeX/tex/latex/amsmath/amsbsy.sty)
(C:/MiKTeX/tex/latex/amsmath/amsopn.sty))
(C:/MiKTeX/tex/latex/amsfonts/amssymb.sty
(C:/MiKTeX/tex/latex/amsfonts/amsfonts.sty))
(C:/MiKTeX/tex/latex/mathtools/mathtools.sty
(C:/MiKTeX/tex/latex/tools/calc.sty) (C:/MiKTeX/tex/latex/mathtools/mhsetup.sty
)) (C:/MiKTeX/tex/latex/siunitx/siunitx.sty
(C:/MiKTeX/tex/latex/translations/translations.sty
(C:/MiKTeX/tex/generic/pdftexcmds/pdftexcmds.sty
(C:/MiKTeX/tex/generic/infwarerr/infwarerr.sty)
(C:/MiKTeX/tex/generic/ltxcmds/ltxcmds.sty))))
(C:/MiKTeX/tex/latex/xcolor/xcolor.sty
(C:/MiKTeX/tex/latex/graphics-cfg/color.cfg)
(C:/MiKTeX/tex/latex/graphics/mathcolor.ltx))
(C:/MiKTeX/tex/latex/colortbl/colortbl.sty)
(C:/MiKTeX/tex/latex/pgf/frontendlayer/tikz.sty
(C:/MiKTeX/tex/latex/pgf/basiclayer/pgf.sty
(C:/MiKTeX/tex/latex/pgf/utilities/pgfrcs.sty
(C:/MiKTeX/tex/generic/pgf/utilities/pgfutil-common.tex)
(C:/MiKTeX/tex/generic/pgf/utilities/pgfutil-latex.def)
(C:/MiKTeX/tex/generic/pgf/utilities/pgfrcs.code.tex
(C:/MiKTeX/tex/generic/pgf/pgf.revision.tex)))
(C:/MiKTeX/tex/latex/pgf/basiclayer/pgfcore.sty
(C:/MiKTeX/tex/latex/pgf/systemlayer/pgfsys.sty
(C:/MiKTeX/tex/generic/pgf/systemlayer/pgfsys.code.tex
(C:/MiKTeX/tex/generic/pgf/utilities/pgfkeys.code.tex
(C:/MiKTeX/tex/generic/pgf/utilities/pgfkeyslibraryfiltered.code.tex))
(C:/MiKTeX/tex/generic/pgf/systemlayer/pgf.cfg)
(C:/MiKTeX/tex/generic/pgf/systemlayer/pgfsys-luatex.def
(C:/MiKTeX/tex/generic/pgf/systemlayer/pgfsys-common-pdf.def)))
(C:/MiKTeX/tex/generic/pgf/systemlayer/pgfsyssoftpath.code.tex)
(C:/MiKTeX/tex/generic/pgf/systemlayer/pgfsysprotocol.code.tex))
(C:/MiKTeX/tex/generic/pgf/basiclayer/pgfcore.code.tex
(C:/MiKTeX/tex/generic/pgf/math/pgfmath.code.tex
(C:/MiKTeX/tex/generic/pgf/math/pgfmathutil.code.tex)
(C:/MiKTeX/tex/generic/pgf/math/pgfmathparser.code.tex)
(C:/MiKTeX/tex/generic/pgf/math/pgfmathfunctions.code.tex)
(C:/MiKTeX/tex/generic/pgf/math/pgfmathfunctions.basic.code.tex)
(C:/MiKTeX/tex/generic/pgf/math/pgfmathfunctions.trigonometric.code.tex)
(C:/MiKTeX/tex/generic/pgf/math/pgfmathfunctions.random.code.tex)
(C:/MiKTeX/tex/generic/pgf/math/pgfmathfunctions.comparison.code.tex)
(C:/MiKTeX/tex/generic/pgf/math/pgfmathfunctions.base.code.tex)
(C:/MiKTeX/tex/generic/pgf/math/pgfmathfunctions.round.code.tex)
(C:/MiKTeX/tex/generic/pgf/math/pgfmathfunctions.misc.code.tex)
(C:/MiKTeX/tex/generic/pgf/math/pgfmathfunctions.integerarithmetics.code.tex)
(C:/MiKTeX/tex/generic/pgf/math/pgfmathcalc.code.tex)
(C:/MiKTeX/tex/generic/pgf/math/pgfmathfloat.code.tex))
(C:/MiKTeX/tex/generic/pgf/math/pgfint.code.tex)
(C:/MiKTeX/tex/generic/pgf/basiclayer/pgfcorepoints.code.tex)
(C:/MiKTeX/tex/generic/pgf/basiclayer/pgfcorepathconstruct.code.tex)
(C:/MiKTeX/tex/generic/pgf/basiclayer/pgfcorepathusage.code.tex)
(C:/MiKTeX/tex/generic/pgf/basiclayer/pgfcorescopes.code.tex)
(C:/MiKTeX/tex/generic/pgf/basiclayer/pgfcoregraphicstate.code.tex)
(C:/MiKTeX/tex/generic/pgf/basiclayer/pgfcoretransformations.code.tex)
(C:/MiKTeX/tex/generic/pgf/basiclayer/pgfcorequick.code.tex)
(C:/MiKTeX/tex/generic/pgf/basiclayer/pgfcoreobjects.code.tex)
(C:/MiKTeX/tex/generic/pgf/basiclayer/pgfcorepathprocessing.code.tex)
(C:/MiKTeX/tex/generic/pgf/basiclayer/pgfcorearrows.code.tex)
(C:/MiKTeX/tex/generic/pgf/basiclayer/pgfcoreshade.code.tex)
(C:/MiKTeX/tex/generic/pgf/basiclayer/pgfcoreimage.code.tex)
(C:/MiKTeX/tex/generic/pgf/basiclayer/pgfcoreexternal.code.tex)
(C:/MiKTeX/tex/generic/pgf/basiclayer/pgfcorelayers.code.tex)
(C:/MiKTeX/tex/generic/pgf/basiclayer/pgfcoretransparency.code.tex)
(C:/MiKTeX/tex/generic/pgf/basiclayer/pgfcorepatterns.code.tex)
(C:/MiKTeX/tex/generic/pgf/basiclayer/pgfcorerdf.code.tex)))
(C:/MiKTeX/tex/generic/pgf/modules/pgfmoduleshapes.code.tex)
(C:/MiKTeX/tex/generic/pgf/modules/pgfmoduleplot.code.tex)
(C:/MiKTeX/tex/latex/pgf/compatibility/pgfcomp-version-0-65.sty)
(C:/MiKTeX/tex/latex/pgf/compatibility/pgfcomp-version-1-18.sty))
(C:/MiKTeX/tex/latex/pgf/utilities/pgffor.sty
(C:/MiKTeX/tex/latex/pgf/utilities/pgfkeys.sty
(C:/MiKTeX/tex/generic/pgf/utilities/pgfkeys.code.tex))
(C:/MiKTeX/tex/latex/pgf/math/pgfmath.sty
(C:/MiKTeX/tex/generic/pgf/math/pgfmath.code.tex))
(C:/MiKTeX/tex/generic/pgf/utilities/pgffor.code.tex))
(C:/MiKTeX/tex/generic/pgf/frontendlayer/tikz/tikz.code.tex
(C:/MiKTeX/tex/generic/pgf/libraries/pgflibraryplothandlers.code.tex)
(C:/MiKTeX/tex/generic/pgf/modules/pgfmodulematrix.code.tex)
(C:/MiKTeX/tex/generic/pgf/frontendlayer/tikz/libraries/tikzlibrarytopaths.code
.tex))) (C:/MiKTeX/tex/generic/pgf/libraries/pgflibraryarrows.meta.code.tex)
(C:/MiKTeX/tex/generic/pgf/frontendlayer/tikz/libraries/tikzlibrarypositioning.
code.tex)
(C:/MiKTeX/tex/generic/pgf/frontendlayer/tikz/libraries/tikzlibraryshapes.geome
tric.code.tex
(C:/MiKTeX/tex/generic/pgf/libraries/shapes/pgflibraryshapes.geometric.code.tex
))
(C:/MiKTeX/tex/generic/pgf/frontendlayer/tikz/libraries/tikzlibraryfit.code.tex
)
(C:/MiKTeX/tex/generic/pgf/frontendlayer/tikz/libraries/tikzlibrarycalc.code.te
x) (C:/MiKTeX/tex/latex/newfloat/newfloat.sty)
(C:/MiKTeX/tex/latex/float/float.sty) (C:/MiKTeX/tex/latex/caption/caption.sty
(C:/MiKTeX/tex/latex/caption/caption3.sty)
(C:/MiKTeX/tex/latex/caption/ltcaption.sty))
(C:/MiKTeX/tex/latex/hyperref/hyperref.sty
(C:/MiKTeX/tex/latex/kvsetkeys/kvsetkeys.sty)
(C:/MiKTeX/tex/generic/kvdefinekeys/kvdefinekeys.sty)
(C:/MiKTeX/tex/generic/pdfescape/pdfescape.sty)
(C:/MiKTeX/tex/latex/hycolor/hycolor.sty)
(C:/MiKTeX/tex/latex/hyperref/nameref.sty
(C:/MiKTeX/tex/latex/refcount/refcount.sty)
(C:/MiKTeX/tex/generic/gettitlestring/gettitlestring.sty
(C:/MiKTeX/tex/latex/kvoptions/kvoptions.sty)))
(C:/MiKTeX/tex/generic/stringenc/stringenc.sty)
(C:/MiKTeX/tex/latex/hyperref/pd1enc.def)
(C:/MiKTeX/tex/generic/intcalc/intcalc.sty)
(C:/MiKTeX/tex/latex/hyperref/puenc.def) (C:/MiKTeX/tex/latex/url/url.sty)
(C:/MiKTeX/tex/generic/bitset/bitset.sty
(C:/MiKTeX/tex/generic/bigintcalc/bigintcalc.sty)))
(C:/MiKTeX/tex/latex/hyperref/hluatex.def
(C:/MiKTeX/tex/latex/rerunfilecheck/rerunfilecheck.sty
(C:/MiKTeX/tex/generic/uniquecounter/uniquecounter.sty)))
(C:/MiKTeX/tex/latex/bookmark/bookmark.sty
(C:/MiKTeX/tex/latex/bookmark/bkm-luatex.def))
(C:/MiKTeX/tex/latex/biblatex/biblatex.sty
(C:/MiKTeX/tex/latex/logreq/logreq.sty (C:/MiKTeX/tex/latex/logreq/logreq.def))
 (C:/MiKTeX/tex/latex/base/ifthen.sty) (C:/MiKTeX/tex/latex/biblatex/blx-dm.def
) (C:/MiKTeX/tex/latex/biblatex-apa/apa.dbx)
(C:/MiKTeX/tex/latex/biblatex/blx-unicode.def)
(C:/MiKTeX/tex/latex/biblatex/blx-compat.def)
(C:/MiKTeX/tex/latex/biblatex/biblatex.def)
(C:/MiKTeX/tex/latex/biblatex-apa/apa.bbx
(C:/MiKTeX/tex/latex/biblatex/bbx/standard.bbx))
(C:/MiKTeX/tex/latex/biblatex-apa/apa.cbx)
(C:/MiKTeX/tex/latex/biblatex/biblatex.cfg)
(C:/MiKTeX/tex/latex/biblatex/blx-case-expl3.sty)) (./tesis.aux
(./capitulos/01_planteamiento_del_problema.aux)
(./capitulos/02_marco_teorico.aux) (./capitulos/03_propuesta_y_desarrollo.aux)
(./capitulos/04_conclusiones_y_recomendaciones.aux) (./capitulos/05_anexos.aux)
)
*geometry* driver: auto-detecting
*geometry* detected driver: luatex
(C:/MiKTeX/tex/context/base/mkii/supp-pdf.mkii
[Loading MPS to PDF converter (version 2006.09.02).]
) (C:/MiKTeX/tex/latex/epstopdf-pkg/epstopdf-base.sty
(C:/MiKTeX/tex/latex/00miktex/epstopdf-sys.cfg))
(C:/MiKTeX/tex/latex/translations/dicts/translations-basic-dictionary-spanish.t
rsl) (C:/MiKTeX/tex/latex/biblatex-apa/spanish-apa.lbx
(C:/MiKTeX/tex/latex/biblatex/lbx/spanish.lbx)
(C:/MiKTeX/tex/latex/biblatex/lbx/spanish.lbx)) (./tesis.bbl)
[1{C:/Users/QU1267/AppData/Local/MiKTeX/fonts/map/pdftex/pdftex.map}<./imagenes
/logo_UNI.png>] (C:/MiKTeX/tex/latex/amsfonts/umsa.fd)
(C:/MiKTeX/tex/latex/microtype/mt-msa.cfg)
(C:/MiKTeX/tex/latex/amsfonts/umsb.fd)
(C:/MiKTeX/tex/latex/microtype/mt-msb.cfg)
(C:/MiKTeX/tex/latex/microtype/mt-cmr.cfg) (./capitulos/00_dedicatoria.tex
[2]) (./capitulos/00_agradecimientos.tex
[3]) (./capitulos/00_copia_documentos.tex
[4])
[5] (./tesis.toc
[6]
[7]
[8])
[9] (./tesis.lof)
[10] (./tesis.lot
[11])
[12] (./tesis.loe) (./capitulos/00_resumen_abstract.tex
[13]
[14]) (./capitulos/00_introduccion.tex
[15])
[16] (./capitulos/01_planteamiento_del_problema.tex
Capítulo 1.

[1]
[2]
[3]
[4]
[5]
[6]
[7])
[8] (./capitulos/02_marco_teorico.tex
Capítulo 2.

[9]
[10]
[11]
[12<./imagenes/kim2025_cable_xsection.png><./imagenes/enescu_trench_xsection_es
.png>]
[13]
[14]
[15]
[16]
[17])
[18] (./capitulos/03_propuesta_y_desarrollo.tex
Capítulo 3.

[19]
[20]
[21]
[22]
[23]
[24]
[25]
[26]
[27] (./capitulos/03_analisis_numerico_metodo.tex
[28]
[29]) (./capitulos/03_muestreo_adaptativo.tex
[30])
[31] (./tablas/benchmark_fem.tex) (./tablas/benchmark_coupled_fem.tex)
[32] (./tablas/benchmark_selection.tex)
[33] (./tablas/benchmark_findings.tex)
(./tablas/benchmark_coupled_selection.tex)
[34] (./tablas/benchmark_numerical_findings.tex
(./tablas/benchmark_resolution.tex)
(./tablas/benchmark_resolution_stability.tex)
[35] (./tablas/benchmark_observed_orders.tex
[36<./imagenes/benchmarks/mms_smooth_2d_resolution.png><./imagenes/benchmarks/x
lpe_single_resolution.png>]) (./tablas/benchmark_error_propagation.tex))
(./tablas/benchmark_adaptive_findings.tex (./tablas/benchmark_adaptive.tex
[37])
[38<./imagenes/benchmarks/kim_layered_collocation.png>])
[39<./imagenes/benchmarks/xlpe_backfill_collocation.png>]
(./tablas/benchmark_pinn.tex) (./tablas/benchmark_boundary.tex)
(./tablas/benchmark_losses.tex
[40]
[41<./imagenes/benchmarks/mms_interface.png><./imagenes/benchmarks/xlpe_dry_nea
r.png><./imagenes/benchmarks/mms_smooth_2d.png>]
[42<./imagenes/benchmarks/kim_layered.png>])
(./tablas/benchmark_operational_findings.tex)
[43] (./tablas/benchmark_ampacity.tex)
(./tablas/benchmark_ampacity_selection.tex)
[44]
[45<./imagenes/benchmarks/ampacity_xlpe.png>]
[46])
[47] (./capitulos/04_conclusiones_y_recomendaciones.tex
Capítulo 4.

[48] (./tablas/benchmark_adaptive_conclusion.tex)
[49])
[50]
[51]
[52]
[53]
[54] (./capitulos/05_anexos.tex
[55]
[56]
[57])
[58] (./tesis.aux (./capitulos/01_planteamiento_del_problema.aux)
(./capitulos/02_marco_teorico.aux) (./capitulos/03_propuesta_y_desarrollo.aux)
(./capitulos/04_conclusiones_y_recomendaciones.aux) (./capitulos/05_anexos.aux)
)

LaTeX Warning: Label(s) may have changed. Rerun to get cross-references right.

)
 1696 words of node memory still in use:
   8 hlist, 2 vlist, 2 rule, 1 local_par, 7 glue, 4 kern, 1 penalty, 1 margin_k
ern, 3 glyph, 204 attribute, 91 glue_spec, 104 attribute_list, 4 write, 56 pdf_
action nodes
   avail lists: 1:1,2:3066,3:705,4:215,5:357,6:117,7:9861,8:217,9:1348,10:21,11
:1385
<c:/miktex/fonts/opentype/public/lm/lmmono10-regular.otf><C:/WINDOWS/Fonts/aria
lni.ttf><C:/WINDOWS/Fonts/arial.ttf><C:/WINDOWS/Fonts/arialbd.ttf><./fonts/Popp
ins-Bold.ttf><C:/MiKTeX/fonts/type1/public/amsfonts/cm/cmbx10.pfb><C:/MiKTeX/fo
nts/type1/public/amsfonts/cm/cmex10.pfb><C:/MiKTeX/fonts/type1/public/amsfonts/
cm/cmmi10.pfb><C:/MiKTeX/fonts/type1/public/amsfonts/cm/cmmi6.pfb><C:/MiKTeX/fo
nts/type1/public/amsfonts/cm/cmmi7.pfb><C:/MiKTeX/fonts/type1/public/amsfonts/c
m/cmmi8.pfb><C:/MiKTeX/fonts/type1/public/amsfonts/cm/cmmib10.pfb><C:/MiKTeX/fo
nts/type1/public/amsfonts/cm/cmr10.pfb><C:/MiKTeX/fonts/type1/public/amsfonts/c
m/cmr6.pfb><C:/MiKTeX/fonts/type1/public/amsfonts/cm/cmr8.pfb><C:/MiKTeX/fonts/
type1/public/amsfonts/cm/cmsy10.pfb><C:/MiKTeX/fonts/type1/public/amsfonts/cm/c
msy8.pfb><C:/MiKTeX/fonts/type1/public/amsfonts/symbols/msbm10.pfb>
Output written on tesis.pdf (74 pages, 5596519 bytes).
Transcript written on tesis.log.
Latexmk: Getting log file 'tesis.log'
Latexmk: Examining 'tesis.fls'
Latexmk: Examining 'tesis.log'
Latexmk: Found input bbl file 'tesis.bbl'
Latexmk: References changed.
Latexmk: References changed.
Latexmk: Log file says output to 'tesis.pdf'
Latexmk: Using biber to make bibliography file(s).
Latexmk: Bibliography file(s) from .bcf file:
  ../Benchmarks/references_selection.bib
  referencias.bib
Sources for biber
  ../Benchmarks/references_selection.bib
  referencias.bib
  tesis.bcf
Latexmk: applying rule 'lualatex'...
Rule 'lualatex':  Reasons for rerun
Changed files or newly in use/created:
  capitulos/05_anexos.aux
  tesis.aux
  tesis.lot

------------
Run number 2 of rule 'lualatex'
------------
------------
Running 'lualatex  -interaction=nonstopmode -file-line-error -recorder  "tesis.tex"'
------------
This is LuaHBTeX, Version 1.22.0 (MiKTeX 25.4)
 restricted system commands enabled.
(./tesis.tex
LaTeX2e <2025-06-01> patch level 1
L3 programming layer <2025-09-02>
 (C:/MiKTeX/tex/latex/base/fix-cm.sty (C:/MiKTeX/tex/latex/base/ts1enc.def))
(C:/MiKTeX/tex/latex/base/report.cls
Document Class: report 2025/01/22 v1.4n Standard LaTeX document class
(C:/MiKTeX/tex/latex/base/size11.clo))
(C:/MiKTeX/tex/latex/fontspec/fontspec.sty
(C:/MiKTeX/tex/latex/l3packages/xparse/xparse.sty
(C:/MiKTeX/tex/latex/l3kernel/expl3.sty
(C:/MiKTeX/tex/latex/l3backend/l3backend-luatex.def)))
(C:/MiKTeX/tex/latex/fontspec/fontspec-luatex.sty
(C:/MiKTeX/tex/latex/base/fontenc.sty)
(C:/MiKTeX/tex/latex/fontspec/fontspec.cfg)))
(C:/MiKTeX/tex/generic/babel/babel.sty
(C:/MiKTeX/tex/generic/babel/luababel.def)
(C:/MiKTeX/tex/generic/babel/luababel.def)
*************************************
* Local config file bblopts.cfg used
*
(C:/MiKTeX/tex/latex/arabi/bblopts.cfg)
(C:/MiKTeX/tex/latex/babel-spanish/spanish.ldf
(C:/MiKTeX/tex/generic/babel/locale/es/babel-spanish.tex)
(C:/MiKTeX/tex/generic/hyph-utf8/loadhyph/loadhyph-es.tex
UTF-8 Spanish hyphenation patterns
(C:/MiKTeX/tex/generic/hyph-utf8/patterns/tex/hyph-es.tex))))
(C:/MiKTeX/tex/latex/csquotes/csquotes.sty
(C:/MiKTeX/tex/latex/etoolbox/etoolbox.sty)
(C:/MiKTeX/tex/latex/graphics/keyval.sty)
(C:/MiKTeX/tex/latex/csquotes/csquotes.def)
(C:/MiKTeX/tex/latex/csquotes/csquotes.cfg))
(C:/MiKTeX/tex/latex/geometry/geometry.sty
(C:/MiKTeX/tex/generic/iftex/ifvtex.sty (C:/MiKTeX/tex/generic/iftex/iftex.sty)
) (C:/MiKTeX/tex/latex/geometry/geometry.cfg))
(C:/MiKTeX/tex/latex/setspace/setspace.sty)
(C:/MiKTeX/tex/latex/microtype/microtype.sty
(C:/MiKTeX/tex/latex/microtype/microtype-luatex.def)
(C:/MiKTeX/tex/latex/microtype/microtype.cfg))
(C:/MiKTeX/tex/latex/graphics/graphicx.sty
(C:/MiKTeX/tex/latex/graphics/graphics.sty
(C:/MiKTeX/tex/latex/graphics/trig.sty)
(C:/MiKTeX/tex/latex/graphics-cfg/graphics.cfg)
(C:/MiKTeX/tex/latex/graphics-def/luatex.def)))
(C:/MiKTeX/tex/latex/booktabs/booktabs.sty)
(C:/MiKTeX/tex/latex/tools/longtable.sty)
(C:/MiKTeX/tex/latex/tools/tabularx.sty (C:/MiKTeX/tex/latex/tools/array.sty))
(C:/MiKTeX/tex/latex/multirow/multirow.sty)
(C:/MiKTeX/tex/latex/makecell/makecell.sty)
(C:/MiKTeX/tex/latex/threeparttable/threeparttable.sty)
(C:/MiKTeX/tex/latex/pdflscape/pdflscape.sty
(C:/MiKTeX/tex/latex/pdflscape/pdflscape-nometadata.sty
(C:/MiKTeX/tex/latex/graphics/lscape.sty)))
(C:/MiKTeX/tex/latex/ragged2e/ragged2e.sty)
(C:/MiKTeX/tex/latex/enumitem/enumitem.sty)
(C:/MiKTeX/tex/latex/titlesec/titlesec.sty)
(C:/MiKTeX/tex/latex/fancyhdr/fancyhdr.sty)
(C:/MiKTeX/tex/latex/amsmath/amsmath.sty
For additional information on amsmath, use the `?' option.
(C:/MiKTeX/tex/latex/amsmath/amstext.sty
(C:/MiKTeX/tex/latex/amsmath/amsgen.sty))
(C:/MiKTeX/tex/latex/amsmath/amsbsy.sty)
(C:/MiKTeX/tex/latex/amsmath/amsopn.sty))
(C:/MiKTeX/tex/latex/amsfonts/amssymb.sty
(C:/MiKTeX/tex/latex/amsfonts/amsfonts.sty))
(C:/MiKTeX/tex/latex/mathtools/mathtools.sty
(C:/MiKTeX/tex/latex/tools/calc.sty) (C:/MiKTeX/tex/latex/mathtools/mhsetup.sty
)) (C:/MiKTeX/tex/latex/siunitx/siunitx.sty
(C:/MiKTeX/tex/latex/translations/translations.sty
(C:/MiKTeX/tex/generic/pdftexcmds/pdftexcmds.sty
(C:/MiKTeX/tex/generic/infwarerr/infwarerr.sty)
(C:/MiKTeX/tex/generic/ltxcmds/ltxcmds.sty))))
(C:/MiKTeX/tex/latex/xcolor/xcolor.sty
(C:/MiKTeX/tex/latex/graphics-cfg/color.cfg)
(C:/MiKTeX/tex/latex/graphics/mathcolor.ltx))
(C:/MiKTeX/tex/latex/colortbl/colortbl.sty)
(C:/MiKTeX/tex/latex/pgf/frontendlayer/tikz.sty
(C:/MiKTeX/tex/latex/pgf/basiclayer/pgf.sty
(C:/MiKTeX/tex/latex/pgf/utilities/pgfrcs.sty
(C:/MiKTeX/tex/generic/pgf/utilities/pgfutil-common.tex)
(C:/MiKTeX/tex/generic/pgf/utilities/pgfutil-latex.def)
(C:/MiKTeX/tex/generic/pgf/utilities/pgfrcs.code.tex
(C:/MiKTeX/tex/generic/pgf/pgf.revision.tex)))
(C:/MiKTeX/tex/latex/pgf/basiclayer/pgfcore.sty
(C:/MiKTeX/tex/latex/pgf/systemlayer/pgfsys.sty
(C:/MiKTeX/tex/generic/pgf/systemlayer/pgfsys.code.tex
(C:/MiKTeX/tex/generic/pgf/utilities/pgfkeys.code.tex
(C:/MiKTeX/tex/generic/pgf/utilities/pgfkeyslibraryfiltered.code.tex))
(C:/MiKTeX/tex/generic/pgf/systemlayer/pgf.cfg)
(C:/MiKTeX/tex/generic/pgf/systemlayer/pgfsys-luatex.def
(C:/MiKTeX/tex/generic/pgf/systemlayer/pgfsys-common-pdf.def)))
(C:/MiKTeX/tex/generic/pgf/systemlayer/pgfsyssoftpath.code.tex)
(C:/MiKTeX/tex/generic/pgf/systemlayer/pgfsysprotocol.code.tex))
(C:/MiKTeX/tex/generic/pgf/basiclayer/pgfcore.code.tex
(C:/MiKTeX/tex/generic/pgf/math/pgfmath.code.tex
(C:/MiKTeX/tex/generic/pgf/math/pgfmathutil.code.tex)
(C:/MiKTeX/tex/generic/pgf/math/pgfmathparser.code.tex)
(C:/MiKTeX/tex/generic/pgf/math/pgfmathfunctions.code.tex)
(C:/MiKTeX/tex/generic/pgf/math/pgfmathfunctions.basic.code.tex)
(C:/MiKTeX/tex/generic/pgf/math/pgfmathfunctions.trigonometric.code.tex)
(C:/MiKTeX/tex/generic/pgf/math/pgfmathfunctions.random.code.tex)
(C:/MiKTeX/tex/generic/pgf/math/pgfmathfunctions.comparison.code.tex)
(C:/MiKTeX/tex/generic/pgf/math/pgfmathfunctions.base.code.tex)
(C:/MiKTeX/tex/generic/pgf/math/pgfmathfunctions.round.code.tex)
(C:/MiKTeX/tex/generic/pgf/math/pgfmathfunctions.misc.code.tex)
(C:/MiKTeX/tex/generic/pgf/math/pgfmathfunctions.integerarithmetics.code.tex)
(C:/MiKTeX/tex/generic/pgf/math/pgfmathcalc.code.tex)
(C:/MiKTeX/tex/generic/pgf/math/pgfmathfloat.code.tex))
(C:/MiKTeX/tex/generic/pgf/math/pgfint.code.tex)
(C:/MiKTeX/tex/generic/pgf/basiclayer/pgfcorepoints.code.tex)
(C:/MiKTeX/tex/generic/pgf/basiclayer/pgfcorepathconstruct.code.tex)
(C:/MiKTeX/tex/generic/pgf/basiclayer/pgfcorepathusage.code.tex)
(C:/MiKTeX/tex/generic/pgf/basiclayer/pgfcorescopes.code.tex)
(C:/MiKTeX/tex/generic/pgf/basiclayer/pgfcoregraphicstate.code.tex)
(C:/MiKTeX/tex/generic/pgf/basiclayer/pgfcoretransformations.code.tex)
(C:/MiKTeX/tex/generic/pgf/basiclayer/pgfcorequick.code.tex)
(C:/MiKTeX/tex/generic/pgf/basiclayer/pgfcoreobjects.code.tex)
(C:/MiKTeX/tex/generic/pgf/basiclayer/pgfcorepathprocessing.code.tex)
(C:/MiKTeX/tex/generic/pgf/basiclayer/pgfcorearrows.code.tex)
(C:/MiKTeX/tex/generic/pgf/basiclayer/pgfcoreshade.code.tex)
(C:/MiKTeX/tex/generic/pgf/basiclayer/pgfcoreimage.code.tex)
(C:/MiKTeX/tex/generic/pgf/basiclayer/pgfcoreexternal.code.tex)
(C:/MiKTeX/tex/generic/pgf/basiclayer/pgfcorelayers.code.tex)
(C:/MiKTeX/tex/generic/pgf/basiclayer/pgfcoretransparency.code.tex)
(C:/MiKTeX/tex/generic/pgf/basiclayer/pgfcorepatterns.code.tex)
(C:/MiKTeX/tex/generic/pgf/basiclayer/pgfcorerdf.code.tex)))
(C:/MiKTeX/tex/generic/pgf/modules/pgfmoduleshapes.code.tex)
(C:/MiKTeX/tex/generic/pgf/modules/pgfmoduleplot.code.tex)
(C:/MiKTeX/tex/latex/pgf/compatibility/pgfcomp-version-0-65.sty)
(C:/MiKTeX/tex/latex/pgf/compatibility/pgfcomp-version-1-18.sty))
(C:/MiKTeX/tex/latex/pgf/utilities/pgffor.sty
(C:/MiKTeX/tex/latex/pgf/utilities/pgfkeys.sty
(C:/MiKTeX/tex/generic/pgf/utilities/pgfkeys.code.tex))
(C:/MiKTeX/tex/latex/pgf/math/pgfmath.sty
(C:/MiKTeX/tex/generic/pgf/math/pgfmath.code.tex))
(C:/MiKTeX/tex/generic/pgf/utilities/pgffor.code.tex))
(C:/MiKTeX/tex/generic/pgf/frontendlayer/tikz/tikz.code.tex
(C:/MiKTeX/tex/generic/pgf/libraries/pgflibraryplothandlers.code.tex)
(C:/MiKTeX/tex/generic/pgf/modules/pgfmodulematrix.code.tex)
(C:/MiKTeX/tex/generic/pgf/frontendlayer/tikz/libraries/tikzlibrarytopaths.code
.tex))) (C:/MiKTeX/tex/generic/pgf/libraries/pgflibraryarrows.meta.code.tex)
(C:/MiKTeX/tex/generic/pgf/frontendlayer/tikz/libraries/tikzlibrarypositioning.
code.tex)
(C:/MiKTeX/tex/generic/pgf/frontendlayer/tikz/libraries/tikzlibraryshapes.geome
tric.code.tex
(C:/MiKTeX/tex/generic/pgf/libraries/shapes/pgflibraryshapes.geometric.code.tex
))
(C:/MiKTeX/tex/generic/pgf/frontendlayer/tikz/libraries/tikzlibraryfit.code.tex
)
(C:/MiKTeX/tex/generic/pgf/frontendlayer/tikz/libraries/tikzlibrarycalc.code.te
x) (C:/MiKTeX/tex/latex/newfloat/newfloat.sty)
(C:/MiKTeX/tex/latex/float/float.sty) (C:/MiKTeX/tex/latex/caption/caption.sty
(C:/MiKTeX/tex/latex/caption/caption3.sty)
(C:/MiKTeX/tex/latex/caption/ltcaption.sty))
(C:/MiKTeX/tex/latex/hyperref/hyperref.sty
(C:/MiKTeX/tex/latex/kvsetkeys/kvsetkeys.sty)
(C:/MiKTeX/tex/generic/kvdefinekeys/kvdefinekeys.sty)
(C:/MiKTeX/tex/generic/pdfescape/pdfescape.sty)
(C:/MiKTeX/tex/latex/hycolor/hycolor.sty)
(C:/MiKTeX/tex/latex/hyperref/nameref.sty
(C:/MiKTeX/tex/latex/refcount/refcount.sty)
(C:/MiKTeX/tex/generic/gettitlestring/gettitlestring.sty
(C:/MiKTeX/tex/latex/kvoptions/kvoptions.sty)))
(C:/MiKTeX/tex/generic/stringenc/stringenc.sty)
(C:/MiKTeX/tex/latex/hyperref/pd1enc.def)
(C:/MiKTeX/tex/generic/intcalc/intcalc.sty)
(C:/MiKTeX/tex/latex/hyperref/puenc.def) (C:/MiKTeX/tex/latex/url/url.sty)
(C:/MiKTeX/tex/generic/bitset/bitset.sty
(C:/MiKTeX/tex/generic/bigintcalc/bigintcalc.sty)))
(C:/MiKTeX/tex/latex/hyperref/hluatex.def
(C:/MiKTeX/tex/latex/rerunfilecheck/rerunfilecheck.sty
(C:/MiKTeX/tex/generic/uniquecounter/uniquecounter.sty)))
(C:/MiKTeX/tex/latex/bookmark/bookmark.sty
(C:/MiKTeX/tex/latex/bookmark/bkm-luatex.def))
(C:/MiKTeX/tex/latex/biblatex/biblatex.sty
(C:/MiKTeX/tex/latex/logreq/logreq.sty (C:/MiKTeX/tex/latex/logreq/logreq.def))
 (C:/MiKTeX/tex/latex/base/ifthen.sty) (C:/MiKTeX/tex/latex/biblatex/blx-dm.def
) (C:/MiKTeX/tex/latex/biblatex-apa/apa.dbx)
(C:/MiKTeX/tex/latex/biblatex/blx-unicode.def)
(C:/MiKTeX/tex/latex/biblatex/blx-compat.def)
(C:/MiKTeX/tex/latex/biblatex/biblatex.def)
(C:/MiKTeX/tex/latex/biblatex-apa/apa.bbx
(C:/MiKTeX/tex/latex/biblatex/bbx/standard.bbx))
(C:/MiKTeX/tex/latex/biblatex-apa/apa.cbx)
(C:/MiKTeX/tex/latex/biblatex/biblatex.cfg)
(C:/MiKTeX/tex/latex/biblatex/blx-case-expl3.sty)) (./tesis.aux
(./capitulos/01_planteamiento_del_problema.aux)
(./capitulos/02_marco_teorico.aux) (./capitulos/03_propuesta_y_desarrollo.aux)
(./capitulos/04_conclusiones_y_recomendaciones.aux) (./capitulos/05_anexos.aux)
)
*geometry* driver: auto-detecting
*geometry* detected driver: luatex
(C:/MiKTeX/tex/context/base/mkii/supp-pdf.mkii
[Loading MPS to PDF converter (version 2006.09.02).]
) (C:/MiKTeX/tex/latex/epstopdf-pkg/epstopdf-base.sty
(C:/MiKTeX/tex/latex/00miktex/epstopdf-sys.cfg))
(C:/MiKTeX/tex/latex/translations/dicts/translations-basic-dictionary-spanish.t
rsl) (C:/MiKTeX/tex/latex/biblatex-apa/spanish-apa.lbx
(C:/MiKTeX/tex/latex/biblatex/lbx/spanish.lbx)
(C:/MiKTeX/tex/latex/biblatex/lbx/spanish.lbx)) (./tesis.bbl)
[1{C:/Users/QU1267/AppData/Local/MiKTeX/fonts/map/pdftex/pdftex.map}<./imagenes
/logo_UNI.png>] (C:/MiKTeX/tex/latex/amsfonts/umsa.fd)
(C:/MiKTeX/tex/latex/microtype/mt-msa.cfg)
(C:/MiKTeX/tex/latex/amsfonts/umsb.fd)
(C:/MiKTeX/tex/latex/microtype/mt-msb.cfg)
(C:/MiKTeX/tex/latex/microtype/mt-cmr.cfg) (./capitulos/00_dedicatoria.tex
[2]) (./capitulos/00_agradecimientos.tex
[3]) (./capitulos/00_copia_documentos.tex
[4])
[5] (./tesis.toc
[6]
[7]
[8])
[9] (./tesis.lof)
[10] (./tesis.lot
[11])
[12] (./tesis.loe) (./capitulos/00_resumen_abstract.tex
[13]
[14]) (./capitulos/00_introduccion.tex
[15])
[16] (./capitulos/01_planteamiento_del_problema.tex
Capítulo 1.

[1]
[2]
[3]
[4]
[5]
[6]
[7])
[8] (./capitulos/02_marco_teorico.tex
Capítulo 2.

[9]
[10]
[11]
[12<./imagenes/kim2025_cable_xsection.png><./imagenes/enescu_trench_xsection_es
.png>]
[13]
[14]
[15]
[16]
[17])
[18] (./capitulos/03_propuesta_y_desarrollo.tex
Capítulo 3.

[19]
[20]
[21]
[22]
[23]
[24]
[25]
[26]
[27] (./capitulos/03_analisis_numerico_metodo.tex
[28]
[29]) (./capitulos/03_muestreo_adaptativo.tex
[30])
[31] (./tablas/benchmark_fem.tex) (./tablas/benchmark_coupled_fem.tex)
[32] (./tablas/benchmark_selection.tex)
[33] (./tablas/benchmark_findings.tex)
(./tablas/benchmark_coupled_selection.tex)
[34] (./tablas/benchmark_numerical_findings.tex
(./tablas/benchmark_resolution.tex)
(./tablas/benchmark_resolution_stability.tex)
[35] (./tablas/benchmark_observed_orders.tex
[36<./imagenes/benchmarks/mms_smooth_2d_resolution.png><./imagenes/benchmarks/x
lpe_single_resolution.png>]) (./tablas/benchmark_error_propagation.tex))
(./tablas/benchmark_adaptive_findings.tex (./tablas/benchmark_adaptive.tex
[37])
[38<./imagenes/benchmarks/kim_layered_collocation.png>])
[39<./imagenes/benchmarks/xlpe_backfill_collocation.png>]
(./tablas/benchmark_pinn.tex) (./tablas/benchmark_boundary.tex)
(./tablas/benchmark_losses.tex
[40]
[41<./imagenes/benchmarks/mms_interface.png><./imagenes/benchmarks/xlpe_dry_nea
r.png><./imagenes/benchmarks/mms_smooth_2d.png>]
[42<./imagenes/benchmarks/kim_layered.png>])
(./tablas/benchmark_operational_findings.tex)
[43] (./tablas/benchmark_ampacity.tex)
(./tablas/benchmark_ampacity_selection.tex)
[44]
[45<./imagenes/benchmarks/ampacity_xlpe.png>]
[46])
[47] (./capitulos/04_conclusiones_y_recomendaciones.tex
Capítulo 4.

[48] (./tablas/benchmark_adaptive_conclusion.tex)
[49])
[50]
[51]
[52]
[53]
[54] (./capitulos/05_anexos.tex
[55]
[56]
[57])
[58] (./tesis.aux (./capitulos/01_planteamiento_del_problema.aux)
(./capitulos/02_marco_teorico.aux) (./capitulos/03_propuesta_y_desarrollo.aux)
(./capitulos/04_conclusiones_y_recomendaciones.aux) (./capitulos/05_anexos.aux)
))
 1696 words of node memory still in use:
   8 hlist, 2 vlist, 2 rule, 1 local_par, 7 glue, 4 kern, 1 penalty, 1 margin_k
ern, 3 glyph, 204 attribute, 91 glue_spec, 104 attribute_list, 4 write, 56 pdf_
action nodes
   avail lists: 1:1,2:3066,3:705,4:215,5:357,6:117,7:9861,8:217,9:1348,10:21,11
:1385
<c:/miktex/fonts/opentype/public/lm/lmmono10-regular.otf><C:/WINDOWS/Fonts/aria
lni.ttf><C:/WINDOWS/Fonts/arial.ttf><C:/WINDOWS/Fonts/arialbd.ttf><./fonts/Popp
ins-Bold.ttf><C:/MiKTeX/fonts/type1/public/amsfonts/cm/cmbx10.pfb><C:/MiKTeX/fo
nts/type1/public/amsfonts/cm/cmex10.pfb><C:/MiKTeX/fonts/type1/public/amsfonts/
cm/cmmi10.pfb><C:/MiKTeX/fonts/type1/public/amsfonts/cm/cmmi6.pfb><C:/MiKTeX/fo
nts/type1/public/amsfonts/cm/cmmi7.pfb><C:/MiKTeX/fonts/type1/public/amsfonts/c
m/cmmi8.pfb><C:/MiKTeX/fonts/type1/public/amsfonts/cm/cmmib10.pfb><C:/MiKTeX/fo
nts/type1/public/amsfonts/cm/cmr10.pfb><C:/MiKTeX/fonts/type1/public/amsfonts/c
m/cmr6.pfb><C:/MiKTeX/fonts/type1/public/amsfonts/cm/cmr8.pfb><C:/MiKTeX/fonts/
type1/public/amsfonts/cm/cmsy10.pfb><C:/MiKTeX/fonts/type1/public/amsfonts/cm/c
msy8.pfb><C:/MiKTeX/fonts/type1/public/amsfonts/symbols/msbm10.pfb>
Output written on tesis.pdf (74 pages, 5596507 bytes).
Transcript written on tesis.log.
Latexmk: Getting log file 'tesis.log'
Latexmk: Examining 'tesis.fls'
Latexmk: Examining 'tesis.log'
Latexmk: Found input bbl file 'tesis.bbl'
Latexmk: Log file says output to 'tesis.pdf'
Latexmk: Using biber to make bibliography file(s).
Latexmk: Bibliography file(s) from .bcf file:
  ../Benchmarks/references_selection.bib
  referencias.bib
Sources for biber
  ../Benchmarks/references_selection.bib
  referencias.bib
  tesis.bcf
Latexmk: All targets (tesis.pdf) are up-to-date

Reverting Windows console CPs to (in,out) = (437,65001)
