warning: in the working copy of '.gitignore', LF will be replaced by CRLF the next time Git touches it
warning: in the working copy of 'Benchmarks/FORMAT.md', LF will be replaced by CRLF the next time Git touches it
warning: in the working copy of 'Benchmarks/README.md', LF will be replaced by CRLF the next time Git touches it
warning: in the working copy of 'Benchmarks/ampacity.py', LF will be replaced by CRLF the next time Git touches it
warning: in the working copy of 'Benchmarks/cases.py', LF will be replaced by CRLF the next time Git touches it
warning: in the working copy of 'Benchmarks/expressions.py', LF will be replaced by CRLF the next time Git touches it
warning: in the working copy of 'Benchmarks/fem.py', LF will be replaced by CRLF the next time Git touches it
warning: in the working copy of 'Benchmarks/notebooks.py', LF will be replaced by CRLF the next time Git touches it
warning: in the working copy of 'Benchmarks/pinn.py', LF will be replaced by CRLF the next time Git touches it
warning: in the working copy of 'Benchmarks/report.py', LF will be replaced by CRLF the next time Git touches it
warning: in the working copy of 'Benchmarks/results/annulus/fem_l0.json', LF will be replaced by CRLF the next time Git touches it
warning: in the working copy of 'Benchmarks/results/annulus/fem_l1.json', LF will be replaced by CRLF the next time Git touches it
warning: in the working copy of 'Benchmarks/results/annulus/fem_l2.json', LF will be replaced by CRLF the next time Git touches it
warning: in the working copy of 'Benchmarks/results/aras_flat/fem_l0.json', LF will be replaced by CRLF the next time Git touches it
warning: in the working copy of 'Benchmarks/results/aras_flat/fem_l1.json', LF will be replaced by CRLF the next time Git touches it
warning: in the working copy of 'Benchmarks/results/aras_flat/fem_l2.json', LF will be replaced by CRLF the next time Git touches it
warning: in the working copy of 'Benchmarks/results/aras_single/fem_l0.json', LF will be replaced by CRLF the next time Git touches it
warning: in the working copy of 'Benchmarks/results/aras_single/fem_l1.json', LF will be replaced by CRLF the next time Git touches it
warning: in the working copy of 'Benchmarks/results/aras_single/fem_l2.json', LF will be replaced by CRLF the next time Git touches it
warning: in the working copy of 'Benchmarks/results/kim_layered/fem_l0.json', LF will be replaced by CRLF the next time Git touches it
warning: in the working copy of 'Benchmarks/results/kim_layered/fem_l1.json', LF will be replaced by CRLF the next time Git touches it
warning: in the working copy of 'Benchmarks/results/kim_layered/fem_l2.json', LF will be replaced by CRLF the next time Git touches it
warning: in the working copy of 'Benchmarks/results/kim_pac/fem_l0.json', LF will be replaced by CRLF the next time Git touches it
warning: in the working copy of 'Benchmarks/results/kim_pac/fem_l1.json', LF will be replaced by CRLF the next time Git touches it
warning: in the working copy of 'Benchmarks/results/kim_pac/fem_l2.json', LF will be replaced by CRLF the next time Git touches it
warning: in the working copy of 'Benchmarks/results/kim_sand/fem_l0.json', LF will be replaced by CRLF the next time Git touches it
warning: in the working copy of 'Benchmarks/results/kim_sand/fem_l1.json', LF will be replaced by CRLF the next time Git touches it
warning: in the working copy of 'Benchmarks/results/kim_sand/fem_l2.json', LF will be replaced by CRLF the next time Git touches it
warning: in the working copy of 'Benchmarks/results/mms_constant/fem_l0.json', LF will be replaced by CRLF the next time Git touches it
warning: in the working copy of 'Benchmarks/results/mms_constant/fem_l1.json', LF will be replaced by CRLF the next time Git touches it
warning: in the working copy of 'Benchmarks/results/mms_constant/fem_l2.json', LF will be replaced by CRLF the next time Git touches it
warning: in the working copy of 'Benchmarks/results/mms_high_contrast/fem_l0.json', LF will be replaced by CRLF the next time Git touches it
warning: in the working copy of 'Benchmarks/results/mms_high_contrast/fem_l1.json', LF will be replaced by CRLF the next time Git touches it
warning: in the working copy of 'Benchmarks/results/mms_high_contrast/fem_l2.json', LF will be replaced by CRLF the next time Git touches it
warning: in the working copy of 'Benchmarks/results/mms_interface/fem_l0.json', LF will be replaced by CRLF the next time Git touches it
warning: in the working copy of 'Benchmarks/results/mms_interface/fem_l1.json', LF will be replaced by CRLF the next time Git touches it
warning: in the working copy of 'Benchmarks/results/mms_interface/fem_l2.json', LF will be replaced by CRLF the next time Git touches it
warning: in the working copy of 'Benchmarks/results/mms_layered_y/fem_l0.json', LF will be replaced by CRLF the next time Git touches it
warning: in the working copy of 'Benchmarks/results/mms_layered_y/fem_l1.json', LF will be replaced by CRLF the next time Git touches it
warning: in the working copy of 'Benchmarks/results/mms_layered_y/fem_l2.json', LF will be replaced by CRLF the next time Git touches it
warning: in the working copy of 'Benchmarks/results/mms_robin/fem_l0.json', LF will be replaced by CRLF the next time Git touches it
warning: in the working copy of 'Benchmarks/results/mms_robin/fem_l1.json', LF will be replaced by CRLF the next time Git touches it
warning: in the working copy of 'Benchmarks/results/mms_robin/fem_l2.json', LF will be replaced by CRLF the next time Git touches it
warning: in the working copy of 'Benchmarks/results/mms_smooth_2d/fem_l0.json', LF will be replaced by CRLF the next time Git touches it
warning: in the working copy of 'Benchmarks/results/mms_smooth_2d/fem_l1.json', LF will be replaced by CRLF the next time Git touches it
warning: in the working copy of 'Benchmarks/results/mms_smooth_2d/fem_l2.json', LF will be replaced by CRLF the next time Git touches it
warning: in the working copy of 'Benchmarks/results/mms_variable/fem_l0.json', LF will be replaced by CRLF the next time Git touches it
warning: in the working copy of 'Benchmarks/results/mms_variable/fem_l1.json', LF will be replaced by CRLF the next time Git touches it
warning: in the working copy of 'Benchmarks/results/mms_variable/fem_l2.json', LF will be replaced by CRLF the next time Git touches it
warning: in the working copy of 'Benchmarks/results/xlpe_backfill/fem_l0.json', LF will be replaced by CRLF the next time Git touches it
warning: in the working copy of 'Benchmarks/results/xlpe_backfill/fem_l1.json', LF will be replaced by CRLF the next time Git touches it
warning: in the working copy of 'Benchmarks/results/xlpe_backfill/fem_l2.json', LF will be replaced by CRLF the next time Git touches it
warning: in the working copy of 'Benchmarks/results/xlpe_discrete_layers/fem_l0.json', LF will be replaced by CRLF the next time Git touches it
warning: in the working copy of 'Benchmarks/results/xlpe_discrete_layers/fem_l1.json', LF will be replaced by CRLF the next time Git touches it
warning: in the working copy of 'Benchmarks/results/xlpe_discrete_layers/fem_l2.json', LF will be replaced by CRLF the next time Git touches it
warning: in the working copy of 'Benchmarks/results/xlpe_dry_far/fem_l0.json', LF will be replaced by CRLF the next time Git touches it
warning: in the working copy of 'Benchmarks/results/xlpe_dry_far/fem_l1.json', LF will be replaced by CRLF the next time Git touches it
warning: in the working copy of 'Benchmarks/results/xlpe_dry_far/fem_l2.json', LF will be replaced by CRLF the next time Git touches it
warning: in the working copy of 'Benchmarks/results/xlpe_dry_large/fem_l0.json', LF will be replaced by CRLF the next time Git touches it
warning: in the working copy of 'Benchmarks/results/xlpe_dry_large/fem_l1.json', LF will be replaced by CRLF the next time Git touches it
warning: in the working copy of 'Benchmarks/results/xlpe_dry_large/fem_l2.json', LF will be replaced by CRLF the next time Git touches it
warning: in the working copy of 'Benchmarks/results/xlpe_dry_near/fem_l0.json', LF will be replaced by CRLF the next time Git touches it
warning: in the working copy of 'Benchmarks/results/xlpe_dry_near/fem_l1.json', LF will be replaced by CRLF the next time Git touches it
warning: in the working copy of 'Benchmarks/results/xlpe_dry_near/fem_l2.json', LF will be replaced by CRLF the next time Git touches it
warning: in the working copy of 'Benchmarks/results/xlpe_single/fem_l0.json', LF will be replaced by CRLF the next time Git touches it
warning: in the working copy of 'Benchmarks/results/xlpe_single/fem_l1.json', LF will be replaced by CRLF the next time Git touches it
warning: in the working copy of 'Benchmarks/results/xlpe_single/fem_l2.json', LF will be replaced by CRLF the next time Git touches it
warning: in the working copy of 'Benchmarks/tests/test_contract.py', LF will be replaced by CRLF the next time Git touches it
warning: in the working copy of 'README.md', LF will be replaced by CRLF the next time Git touches it
warning: in the working copy of 'Tesis_LaTeX_Borrador_UNI/README.md', LF will be replaced by CRLF the next time Git touches it
warning: in the working copy of 'Tesis_LaTeX_Borrador_UNI/capitulos/00_introduccion.tex', LF will be replaced by CRLF the next time Git touches it
warning: in the working copy of 'Tesis_LaTeX_Borrador_UNI/capitulos/01_planteamiento_del_problema.tex', LF will be replaced by CRLF the next time Git touches it
warning: in the working copy of 'Tesis_LaTeX_Borrador_UNI/capitulos/02_marco_teorico.tex', LF will be replaced by CRLF the next time Git touches it
warning: in the working copy of 'Tesis_LaTeX_Borrador_UNI/capitulos/03_propuesta_y_desarrollo.tex', LF will be replaced by CRLF the next time Git touches it
warning: in the working copy of 'Tesis_LaTeX_Borrador_UNI/capitulos/05_anexos.tex', LF will be replaced by CRLF the next time Git touches it
warning: in the working copy of 'Tesis_LaTeX_Borrador_UNI/tesis.tex', LF will be replaced by CRLF the next time Git touches it
warning: in the working copy of 'docs/teoria_mejoras_pinn.md', LF will be replaced by CRLF the next time Git touches it
