{"phase": "Adam", "step": 0, "total": 92296.9447126385, "pde": 52395.20695944783, "constitutive": 0.0, "interface_temperature": 0.09611094589830957, "interface_flux": 75.7629142195875, "energy": 3904.79976650965}
{"phase": "Adam", "step": 200, "total": 5.783765515682582, "pde": 4.427324875522565, "constitutive": 0.0, "interface_temperature": 0.00047368824836043383, "interface_flux": 0.049000022133045655, "energy": 0.03927521704691266}
{"phase": "Adam", "step": 400, "total": 3.6094534211091247, "pde": 2.989591107052939, "constitutive": 0.0, "interface_temperature": 4.097483475311107e-05, "interface_flux": 0.03685929449158723, "energy": 0.021029453438720265}
{"phase": "Adam", "step": 600, "total": 2.5612273886362313, "pde": 2.0644343014617195, "constitutive": 0.0, "interface_temperature": 2.8106884942273386e-06, "interface_flux": 0.03126160133402184, "energy": 0.018136638534006624}
{"phase": "Adam", "step": 800, "total": 1.9798444078312614, "pde": 1.5274889316612226, "constitutive": 0.0, "interface_temperature": 8.204555950117037e-07, "interface_flux": 0.028345487262753308, "energy": 0.01680801479474939}
{"phase": "Adam", "step": 1000, "total": 1.6595962805772513, "pde": 1.2379774013788283, "constitutive": 0.0, "interface_temperature": 7.092796984106479e-07, "interface_flux": 0.02642830928058655, "energy": 0.015662650669414684}
{"phase": "Adam", "step": 1200, "total": 1.4735813998135838, "pde": 1.0733195031554124, "constitutive": 0.0, "interface_temperature": 6.713608095174925e-07, "interface_flux": 0.025121711025897588, "energy": 0.01483734255896781}
{"phase": "Adam", "step": 1400, "total": 1.3467819521366946, "pde": 0.9608920324291448, "constitutive": 0.0, "interface_temperature": 5.973263658672806e-07, "interface_flux": 0.024251668112194414, "energy": 0.014277591221973846}
{"phase": "LBFGS", "step": 250, "total": 0.07906755531859373, "pde": 0.04981751128517934, "constitutive": 0.0, "interface_temperature": 5.600207406364988e-07, "interface_flux": 0.0015626455641121824, "energy": 0.0013063567651656071}
{"phase": "LBFGS", "step": 500, "total": 0.034590057383642785, "pde": 0.0324351096580321, "constitutive": 0.0, "interface_temperature": 2.0092128732127233e-07, "interface_flux": 0.00012626252856310263, "energy": 6.91401152658388e-05}
{"phase": "LBFGS", "step": 750, "total": 0.031183465643259793, "pde": 0.030082370053165563, "constitutive": 0.0, "interface_temperature": 1.2350986430103809e-07, "interface_flux": 6.584739586031676e-05, "energy": 3.191117671900247e-05}
{"phase": "LBFGS", "step": 1000, "total": 0.029239881819646197, "pde": 0.028245755118690846, "constitutive": 0.0, "interface_temperature": 2.006386766597514e-07, "interface_flux": 5.8594071411313754e-05, "energy": 2.0754731018246226e-05}
{"phase": "LBFGS", "step": 1250, "total": 0.028123902435282414, "pde": 0.02717156210795818, "constitutive": 0.0, "interface_temperature": 1.2548501354060664e-07, "interface_flux": 6.075663862805294e-05, "energy": 2.192889275030958e-05}
{"phase": "LBFGS", "step": 1500, "total": 0.02744655288164575, "pde": 0.026554470601787755, "constitutive": 0.0, "interface_temperature": 1.2619412932672738e-07, "interface_flux": 5.379285292387862e-05, "energy": 2.2795962129248313e-05}
{"phase": "LBFGS", "step": 1750, "total": 0.026637500176845328, "pde": 0.02574311719943021, "constitutive": 0.0, "interface_temperature": 1.7466519753156517e-07, "interface_flux": 4.3895713746787895e-05, "energy": 2.8076064241567425e-05}
{"phase": "LBFGS", "step": 2000, "total": 0.0258465471549361, "pde": 0.02489910793571376, "constitutive": 0.0, "interface_temperature": 1.9639451013162027e-07, "interface_flux": 4.9446401112301204e-05, "energy": 2.5658069796770737e-05}
{"phase": "LBFGS", "step": 2250, "total": 0.025056712033236648, "pde": 0.023769787728957804, "constitutive": 0.0, "interface_temperature": 1.1033690566119424e-07, "interface_flux": 7.694307073218348e-05, "energy": 4.07156691295816e-05}
{"phase": "LBFGS", "step": 2500, "total": 0.023958474493321478, "pde": 0.022960348580159454, "constitutive": 0.0, "interface_temperature": 1.0773595862340092e-07, "interface_flux": 6.004428057498862e-05, "energy": 2.8994714878873695e-05}
{"phase": "LBFGS", "step": 2750, "total": 0.023327128597045017, "pde": 0.022475729314567924, "constitutive": 0.0, "interface_temperature": 1.1702950382586293e-07, "interface_flux": 5.750615945707058e-05, "energy": 1.5930818408052314e-05}
{"phase": "LBFGS", "step": 3000, "total": 0.022268880254505064, "pde": 0.021255649610641095, "constitutive": 0.0, "interface_temperature": 1.2546098092904153e-07, "interface_flux": 5.8061182053318274e-05, "energy": 3.0715784240174835e-05}
{"phase": "LBFGS", "step": 3250, "total": 0.02123022149267256, "pde": 0.02042201863648014, "constitutive": 0.0, "interface_temperature": 1.2511596138718573e-07, "interface_flux": 4.742034420930422e-05, "energy": 2.088834527121919e-05}
{"case": "xlpe_single", "variant": "subdomain", "Tmax_C": 36.176557863323296, "accepted": true, "seconds": 412.23925040000177}
