{"phase": "Adam", "step": 0, "total": 14065.51021289203, "pde": 85.44752496394219, "constitutive": 0.0, "interface_temperature": 1.3288217643526705, "interface_flux": 155.58337836406594, "energy": 1109.5407139934757}
{"phase": "Adam", "step": 200, "total": 48.20212266767336, "pde": 33.050916446550204, "constitutive": 0.0, "interface_temperature": 0.0033937530346827864, "interface_flux": 0.7375376346131315, "energy": 0.43820768403090443}
{"phase": "Adam", "step": 400, "total": 19.39638749966387, "pde": 12.040271001307024, "constitutive": 0.0, "interface_temperature": 0.0008263239361203404, "interface_flux": 0.4156098997772065, "energy": 0.23736935644644377}
{"phase": "Adam", "step": 600, "total": 10.695048601058255, "pde": 5.899097239899214, "constitutive": 0.0, "interface_temperature": 0.0002624805008181845, "interface_flux": 0.2861486224036955, "energy": 0.16719846363039026}
{"phase": "Adam", "step": 800, "total": 6.8454148430807855, "pde": 3.3349219471544966, "constitutive": 0.0, "interface_temperature": 0.00014020062108555543, "interface_flux": 0.20983316368246435, "energy": 0.127196063801609}
{"phase": "Adam", "step": 1000, "total": 4.887983066780434, "pde": 2.1849043910514694, "constitutive": 0.0, "interface_temperature": 9.091138606987537e-05, "interface_flux": 0.1602033553912667, "energy": 0.10101337357464214}
{"phase": "Adam", "step": 1200, "total": 3.859157347660843, "pde": 1.6699459398962826, "constitutive": 0.0, "interface_temperature": 6.25414559279305e-05, "interface_flux": 0.12970406974858079, "energy": 0.08296292543508219}
{"phase": "Adam", "step": 1400, "total": 3.25915896393475, "pde": 1.411264348180833, "constitutive": 0.0, "interface_temperature": 4.6871364894822595e-05, "interface_flux": 0.10966987001889106, "energy": 0.0704324550670184}
{"phase": "LBFGS", "step": 250, "total": 1.659498387773884, "pde": 0.5317129684408604, "constitutive": 0.0, "interface_temperature": 0.00013815610539323254, "interface_flux": 0.06379846168645459, "energy": 0.035164469707524515}
{"phase": "LBFGS", "step": 500, "total": 1.2749018143833326, "pde": 0.47497257791750613, "constitutive": 0.0, "interface_temperature": 0.0001321737544496123, "interface_flux": 0.043361951933704936, "energy": 0.02341359626791647}
{"phase": "LBFGS", "step": 750, "total": 1.0209266212370078, "pde": 0.4399054560224902, "constitutive": 0.0, "interface_temperature": 0.0001046709139865736, "interface_flux": 0.031309966798084427, "energy": 0.016325058324709988}
{"phase": "LBFGS", "step": 1000, "total": 0.813895672097022, "pde": 0.35593828901037255, "constitutive": 0.0, "interface_temperature": 9.233409562602819e-05, "interface_flux": 0.024922447555381082, "energy": 0.01163988119068103}
{"phase": "LBFGS", "step": 1250, "total": 0.6717039957452622, "pde": 0.32387671492111114, "constitutive": 0.0, "interface_temperature": 0.000101244616809982, "interface_flux": 0.017131302192790375, "energy": 0.007526964208626524}
{"phase": "LBFGS", "step": 1500, "total": 0.5808643672635777, "pde": 0.28404593817934304, "constitutive": 0.0, "interface_temperature": 0.00010049517994920108, "interface_flux": 0.013579164824208081, "energy": 0.006053160089295271}
{"phase": "LBFGS", "step": 1750, "total": 0.49300524549146996, "pde": 0.24604147963166595, "constitutive": 0.0, "interface_temperature": 9.68879688416046e-05, "interface_flux": 0.01138106927122897, "energy": 0.00362651043059097}
{"phase": "LBFGS", "step": 2000, "total": 0.40882128193344147, "pde": 0.1987311302841866, "constitutive": 0.0, "interface_temperature": 9.617287357306514e-05, "interface_flux": 0.008699740570995962, "energy": 0.0026919872366230092}
{"phase": "LBFGS", "step": 2250, "total": 0.34990794684787224, "pde": 0.17004229040561658, "constitutive": 0.0, "interface_temperature": 8.557552705197512e-05, "interface_flux": 0.0072031170757015, "energy": 0.002225895863326553}
{"phase": "LBFGS", "step": 2500, "total": 0.3045556235219741, "pde": 0.1444574729165529, "constitutive": 0.0, "interface_temperature": 8.083373399318798e-05, "interface_flux": 0.006133205667683798, "energy": 0.001793235993539522}
{"phase": "LBFGS", "step": 2750, "total": 0.26538122481811804, "pde": 0.12499200630220693, "constitutive": 0.0, "interface_temperature": 7.027075475986382e-05, "interface_flux": 0.0054436463061581855, "energy": 0.001568200069446548}
{"phase": "LBFGS", "step": 3000, "total": 0.23408001145663346, "pde": 0.11518502001320292, "constitutive": 0.0, "interface_temperature": 5.724000374814969e-05, "interface_flux": 0.004943326506444148, "energy": 0.0012221722630839373}
{"phase": "LBFGS", "step": 3250, "total": 0.19817140338070974, "pde": 0.10450017789793664, "constitutive": 0.0, "interface_temperature": 4.535210973806472e-05, "interface_flux": 0.003927391454685821, "energy": 0.0009045201197850152}
{"case": "kim_sand", "variant": "subdomain", "Tmax_C": 41.19858876676432, "accepted": false, "seconds": 5487.153759699999}
