{"phase": "Adam", "step": 0, "total": 33641.45748434974, "pde": 24267.30377866821, "constitutive": 0.0, "interface_temperature": 1.323728910205526, "interface_flux": 52.64556003095472, "energy": 752.3969195166453}
{"phase": "Adam", "step": 200, "total": 4.533454367769787, "pde": 2.8422009472099967, "constitutive": 0.0, "interface_temperature": 0.0003031176275735239, "interface_flux": 0.0983236337641118, "energy": 0.0404899455345149}
{"phase": "Adam", "step": 400, "total": 2.320280386972847, "pde": 1.0535127090010665, "constitutive": 0.0, "interface_temperature": 6.654249086165319e-05, "interface_flux": 0.0856789875624732, "energy": 0.034343531148539504}
{"phase": "Adam", "step": 600, "total": 1.55433619274373, "pde": 0.4251402098047318, "constitutive": 0.0, "interface_temperature": 2.511036303192016e-05, "interface_flux": 0.07794007220199685, "energy": 0.03246848978871096}
{"phase": "Adam", "step": 800, "total": 1.3158879699156114, "pde": 0.2509465073068401, "constitutive": 0.0, "interface_temperature": 8.080783351755999e-06, "interface_flux": 0.07395152503336024, "energy": 0.031734542892341296}
{"phase": "Adam", "step": 1000, "total": 1.2416664885811266, "pde": 0.20417762384164875, "constitutive": 0.0, "interface_temperature": 3.3644322913661413e-06, "interface_flux": 0.07178564258747173, "energy": 0.03162680065733944}
{"phase": "Adam", "step": 1200, "total": 1.2066906885334512, "pde": 0.18372730774214616, "constitutive": 0.0, "interface_temperature": 2.985325617794522e-06, "interface_flux": 0.07034830318754975, "energy": 0.03164950232980129}
{"phase": "Adam", "step": 1400, "total": 1.180039883819505, "pde": 0.1693912158400831, "constitutive": 0.0, "interface_temperature": 3.7052087282045237e-06, "interface_flux": 0.06909212283197472, "energy": 0.031602223093147024}
{"phase": "LBFGS", "step": 250, "total": 0.12143756263198, "pde": 0.08216499150410991, "constitutive": 0.0, "interface_temperature": 6.5984888535995415e-06, "interface_flux": 0.002552044827277045, "energy": 0.0007153634001500097}
{"phase": "LBFGS", "step": 500, "total": 0.0600320084401224, "pde": 0.04294038662693613, "constitutive": 0.0, "interface_temperature": 3.281608446909963e-06, "interface_flux": 0.0012793325442416073, "energy": 0.00010166879238602358}
{"phase": "LBFGS", "step": 750, "total": 0.05047025009779032, "pde": 0.03316463456879692, "constitutive": 0.0, "interface_temperature": 2.46454049428046e-06, "interface_flux": 0.001340600758314844, "energy": 0.00014350674515645017}
{"phase": "LBFGS", "step": 1000, "total": 0.04788775549582221, "pde": 0.03262476546347112, "constitutive": 0.0, "interface_temperature": 2.8546647114585688e-06, "interface_flux": 0.0011589196234003671, "energy": 8.191290868888431e-05}
{"phase": "LBFGS", "step": 1250, "total": 0.04640233470025418, "pde": 0.03219225465829313, "constitutive": 0.0, "interface_temperature": 2.908420855720243e-06, "interface_flux": 0.0010418761638960384, "energy": 8.828975472804243e-05}
{"phase": "LBFGS", "step": 1500, "total": 0.04434036910448305, "pde": 0.03183428233976105, "constitutive": 0.0, "interface_temperature": 2.3762499799160656e-06, "interface_flux": 0.0009316692446406225, "energy": 8.131443383997064e-05}
{"phase": "LBFGS", "step": 1750, "total": 0.04178279403991813, "pde": 0.032090419839113433, "constitutive": 0.0, "interface_temperature": 1.8249638522170529e-06, "interface_flux": 0.0007220401385933331, "energy": 6.470089626543165e-05}
{"phase": "LBFGS", "step": 2000, "total": 0.03894725624499953, "pde": 0.03046906133664704, "constitutive": 0.0, "interface_temperature": 1.3483362247050471e-06, "interface_flux": 0.0006496725815305464, "energy": 6.331328683419738e-05}
{"phase": "LBFGS", "step": 2250, "total": 0.03748915135498112, "pde": 0.029228899107518018, "constitutive": 0.0, "interface_temperature": 1.1912436778482762e-06, "interface_flux": 0.0006687039641341238, "energy": 3.8196892827358674e-05}
{"phase": "LBFGS", "step": 2500, "total": 0.036594228967681594, "pde": 0.028484627798820307, "constitutive": 0.0, "interface_temperature": 1.0267797815186964e-06, "interface_flux": 0.000675592680038858, "energy": 3.268945869540067e-05}
{"phase": "LBFGS", "step": 2750, "total": 0.03583314548662176, "pde": 0.02835633236658401, "constitutive": 0.0, "interface_temperature": 1.059442981937031e-06, "interface_flux": 0.0006188218191882305, "energy": 2.2915194621841473e-05}
{"phase": "LBFGS", "step": 3000, "total": 0.03457689175157969, "pde": 0.028453157047562384, "constitutive": 0.0, "interface_temperature": 1.028388826109682e-06, "interface_flux": 0.0004850692892270805, "energy": 2.4465298563682265e-05}
{"phase": "LBFGS", "step": 3250, "total": 0.03388974446348061, "pde": 0.027840380301193297, "constitutive": 0.0, "interface_temperature": 1.191632763202664e-06, "interface_flux": 0.00044779119402740483, "energy": 3.798194588106004e-05}
{"case": "xlpe_discrete_layers", "variant": "subdomain", "Tmax_C": 36.57470475500141, "accepted": false, "seconds": 674.9947526000033}
