{"phase": "Adam", "step": 0, "total": 6922.995680053416, "pde": 2186.8586356009546, "constitutive": 0.0, "interface_temperature": 0.003459537794111344, "interface_flux": 8.71978401154104, "energy": 464.547966654294}
{"phase": "Adam", "step": 200, "total": 2.023385970773064, "pde": 0.9742092429383117, "constitutive": 0.0, "interface_temperature": 7.169584520578738e-05, "interface_flux": 0.05972887807445895, "energy": 0.038019210188437555}
{"phase": "Adam", "step": 400, "total": 1.5313933713859615, "pde": 0.5405512253886231, "constitutive": 0.0, "interface_temperature": 9.230585374242023e-07, "interface_flux": 0.06258568451539902, "energy": 0.03640622423059239}
{"phase": "Adam", "step": 600, "total": 1.3979414621065036, "pde": 0.3805498408746543, "constitutive": 0.0, "interface_temperature": 3.230837232136834e-07, "interface_flux": 0.06442835868136307, "energy": 0.037278495069500484}
{"phase": "Adam", "step": 800, "total": 1.3293386281560933, "pde": 0.3019821449319188, "constitutive": 0.0, "interface_temperature": 2.366310271720732e-07, "interface_flux": 0.06496335741776962, "energy": 0.03774862780193062}
{"phase": "Adam", "step": 1000, "total": 1.2829485843722206, "pde": 0.2553659152931602, "constitutive": 0.0, "interface_temperature": 1.841873114846499e-07, "interface_flux": 0.06485786792767517, "energy": 0.0378819802490824}
{"phase": "Adam", "step": 1200, "total": 1.2468782814697241, "pde": 0.2248745272713524, "constitutive": 0.0, "interface_temperature": 1.563438443622268e-07, "interface_flux": 0.06441178362220618, "energy": 0.03777295741319479}
{"phase": "Adam", "step": 1400, "total": 1.2162194093501215, "pde": 0.20408844262052542, "constitutive": 0.0, "interface_temperature": 1.4331751279769668e-07, "interface_flux": 0.06372061852217208, "energy": 0.03747814639950775}
{"phase": "LBFGS", "step": 250, "total": 0.09457892734722398, "pde": 0.08161562457372397, "constitutive": 0.0, "interface_temperature": 2.7020620076579475e-06, "interface_flux": 0.0008215998829339235, "energy": 0.0002045241936502817}
{"phase": "LBFGS", "step": 500, "total": 0.045489137802690864, "pde": 0.04184349932688508, "constitutive": 0.0, "interface_temperature": 6.193412246168818e-07, "interface_flux": 0.0002490948600629572, "energy": 5.353486505593277e-05}
{"phase": "LBFGS", "step": 750, "total": 0.035280609523311995, "pde": 0.033059042592118, "constitutive": 0.0, "interface_temperature": 2.018696362869767e-07, "interface_flux": 0.00013169180941757932, "energy": 7.027792007312274e-05}
{"phase": "LBFGS", "step": 1000, "total": 0.030384385344946974, "pde": 0.028402009172138767, "constitutive": 0.0, "interface_temperature": 1.1676252338325434e-07, "interface_flux": 0.0001310102864670021, "energy": 5.555107847549343e-05}
{"phase": "LBFGS", "step": 1250, "total": 0.02873101568912621, "pde": 0.027739499523451103, "constitutive": 0.0, "interface_temperature": 7.195241890085033e-08, "interface_flux": 6.620898699324904e-05, "energy": 2.574738768417627e-05}
{"phase": "LBFGS", "step": 1500, "total": 0.027131617960753644, "pde": 0.02601335614935843, "constitutive": 0.0, "interface_temperature": 1.76228731141496e-07, "interface_flux": 6.159530909698601e-05, "energy": 3.260799892838606e-05}
{"phase": "LBFGS", "step": 1750, "total": 0.025428923302877583, "pde": 0.024279016529396645, "constitutive": 0.0, "interface_temperature": 1.7871335991659743e-07, "interface_flux": 6.545899987371964e-05, "energy": 3.1660341482714384e-05}
{"phase": "LBFGS", "step": 2000, "total": 0.024618785458465867, "pde": 0.02370671476899514, "constitutive": 0.0, "interface_temperature": 1.4943679750744168e-07, "interface_flux": 5.6226584565762204e-05, "energy": 2.003680463056628e-05}
{"phase": "LBFGS", "step": 2250, "total": 0.024144378006952072, "pde": 0.02331315327026694, "constitutive": 0.0, "interface_temperature": 9.229005417163246e-08, "interface_flux": 4.456567902501691e-05, "energy": 2.9327789226333198e-05}
{"phase": "LBFGS", "step": 2500, "total": 0.023723918769739106, "pde": 0.0229741578200165, "constitutive": 0.0, "interface_temperature": 1.0352582949012573e-07, "interface_flux": 4.279526993882141e-05, "energy": 2.182824208442661e-05}
{"phase": "LBFGS", "step": 2750, "total": 0.023173458203064955, "pde": 0.02250909158569044, "constitutive": 0.0, "interface_temperature": 9.432021638358748e-08, "interface_flux": 4.059405152947478e-05, "energy": 1.6410588569617957e-05}
{"phase": "LBFGS", "step": 3000, "total": 0.02280593032581913, "pde": 0.02219881743204601, "constitutive": 0.0, "interface_temperature": 8.037939897130742e-08, "interface_flux": 3.8680227454370594e-05, "energy": 1.3993122025811049e-05}
{"phase": "LBFGS", "step": 3250, "total": 0.022400783343692995, "pde": 0.021811306456133012, "constitutive": 0.0, "interface_temperature": 6.27315422708659e-08, "interface_flux": 3.664159261568631e-05, "energy": 1.603294191322535e-05}
{"case": "xlpe_dry_far", "variant": "subdomain", "Tmax_C": 36.44724768811933, "accepted": true, "seconds": 531.8446999999942}
