{"phase": "Adam", "step": 0, "total": 1409.281706164818, "pde": 814.8571861630721, "constitutive": 0.0, "interface_temperature": 0.0013472424044420413, "interface_flux": 0.26450769463508766, "energy": 59.04322006509529}
{"phase": "Adam", "step": 200, "total": 1.507624914097299, "pde": 0.5522664337231373, "constitutive": 0.0, "interface_temperature": 4.77192595868239e-05, "interface_flux": 0.05263162942956812, "energy": 0.038132292649165664}
{"phase": "Adam", "step": 400, "total": 1.1711498284658415, "pde": 0.25148481666059536, "constitutive": 0.0, "interface_temperature": 6.846775208304816e-07, "interface_flux": 0.05741282272454881, "energy": 0.03448521070389274}
{"phase": "Adam", "step": 600, "total": 1.0932327647244624, "pde": 0.18029540218177595, "constitutive": 0.0, "interface_temperature": 2.2815015379143374e-07, "interface_flux": 0.057377453567964434, "energy": 0.033893467670925076}
{"phase": "Adam", "step": 800, "total": 1.366230530954863, "pde": 0.3843748120641192, "constitutive": 0.0, "interface_temperature": 1.6126630590015515e-07, "interface_flux": 0.053542876557753895, "energy": 0.044626568700730465}
{"phase": "Adam", "step": 1000, "total": 1.0099629228287097, "pde": 0.14356654212135106, "constitutive": 0.0, "interface_temperature": 2.312450015636046e-07, "interface_flux": 0.05446842250298181, "energy": 0.03214809106759769}
{"phase": "Adam", "step": 1200, "total": 0.9765786004282395, "pde": 0.13904388800108886, "constitutive": 0.0, "interface_temperature": 2.2405890189231794e-07, "interface_flux": 0.052613893755787476, "energy": 0.031117171596738356}
{"phase": "Adam", "step": 1400, "total": 0.9447469188852031, "pde": 0.1371097949746981, "constitutive": 0.0, "interface_temperature": 1.900042385031454e-07, "interface_flux": 0.05070807191422214, "energy": 0.030036640052978042}
{"phase": "LBFGS", "step": 250, "total": 0.07802002478303204, "pde": 0.06485925306349775, "constitutive": 0.0, "interface_temperature": 1.2417291550119759e-06, "interface_flux": 0.0007944154301079476, "energy": 0.00039748882634428324}
{"phase": "LBFGS", "step": 500, "total": 0.05058511448314359, "pde": 0.044761359066622104, "constitutive": 0.0, "interface_temperature": 3.684324409219675e-07, "interface_flux": 0.00027706913406803127, "energy": 0.00026846316349191996}
{"phase": "LBFGS", "step": 750, "total": 0.038181305775788994, "pde": 0.03524444465837761, "constitutive": 0.0, "interface_temperature": 4.055016004590992e-07, "interface_flux": 0.00019174111562803047, "energy": 6.139483606719847e-05}
{"phase": "LBFGS", "step": 1000, "total": 0.03278768147641591, "pde": 0.03109595018871419, "constitutive": 0.0, "interface_temperature": 1.9572394536729355e-07, "interface_flux": 0.00010696451300031184, "energy": 4.263622123313076e-05}
{"phase": "LBFGS", "step": 1250, "total": 0.02985910065799117, "pde": 0.028655148828063262, "constitutive": 0.0, "interface_temperature": 1.4811977230051286e-07, "interface_flux": 7.50139071281145e-05, "energy": 3.056929863462495e-05}
{"phase": "LBFGS", "step": 1500, "total": 0.028872800184545945, "pde": 0.0278681775293785, "constitutive": 0.0, "interface_temperature": 1.2477494899720675e-07, "interface_flux": 6.264173668405868e-05, "energy": 2.534303393296484e-05}
{"phase": "LBFGS", "step": 1750, "total": 0.027791890259910426, "pde": 0.02665554449792661, "constitutive": 0.0, "interface_temperature": 1.448583885797035e-07, "interface_flux": 6.899262473257561e-05, "energy": 3.0156112607835597e-05}
{"phase": "LBFGS", "step": 2000, "total": 0.02659590073003304, "pde": 0.025790532101709188, "constitutive": 0.0, "interface_temperature": 8.445914550016634e-08, "interface_flux": 4.6675076690904694e-05, "energy": 2.541587159146382e-05}
{"phase": "LBFGS", "step": 2250, "total": 0.025593765716160063, "pde": 0.024707898932217587, "constitutive": 0.0, "interface_temperature": 1.2012015667216038e-07, "interface_flux": 5.071244800405025e-05, "energy": 2.586221472298159e-05}
{"phase": "LBFGS", "step": 2500, "total": 0.024800569050768533, "pde": 0.023820564956441595, "constitutive": 0.0, "interface_temperature": 1.713304683969155e-07, "interface_flux": 5.621240431476999e-05, "energy": 2.46549582782322e-05}
{"phase": "LBFGS", "step": 2750, "total": 0.024100255193175945, "pde": 0.023436019760303378, "constitutive": 0.0, "interface_temperature": 1.326238885002047e-07, "interface_flux": 3.731581263705027e-05, "energy": 1.5845341800185863e-05}
{"phase": "LBFGS", "step": 3000, "total": 0.023318007867736794, "pde": 0.022420281749611387, "constitutive": 0.0, "interface_temperature": 1.4382360136987357e-07, "interface_flux": 5.921553358755803e-05, "energy": 1.6174718087995016e-05}
{"phase": "LBFGS", "step": 3250, "total": 0.022487052270747973, "pde": 0.021721102662631546, "constitutive": 0.0, "interface_temperature": 2.5872056945689553e-07, "interface_flux": 3.509666221265933e-05, "energy": 1.562624165329379e-05}
{"case": "xlpe_single", "variant": "subdomain", "Tmax_C": 36.43868819955279, "accepted": true, "seconds": 414.4233827000062}
