{"phase": "Adam", "step": 0, "total": 6619.990365053375, "pde": 5995.975484910249, "constitutive": 0.0, "interface_temperature": 0.03728589831785106, "interface_flux": 3.4250010545782015, "energy": 55.24789712794925}
{"phase": "Adam", "step": 200, "total": 2.2582029451598538, "pde": 1.1054665807726496, "constitutive": 0.0, "interface_temperature": 0.0002456748969383313, "interface_flux": 0.05199838436753412, "energy": 0.03870776237735315}
{"phase": "Adam", "step": 400, "total": 1.4096894213677686, "pde": 0.3625570188246833, "constitutive": 0.0, "interface_temperature": 4.5835721669580646e-05, "interface_flux": 0.06308182664544115, "energy": 0.03704784144190932}
{"phase": "Adam", "step": 600, "total": 1.2936684768132305, "pde": 0.25224503616381116, "constitutive": 0.0, "interface_temperature": 1.2580088826051767e-05, "interface_flux": 0.0651634083790413, "energy": 0.03772092680329545}
{"phase": "Adam", "step": 800, "total": 1.2486341676150736, "pde": 0.2193196114351425, "constitutive": 0.0, "interface_temperature": 2.6729157336292507e-06, "interface_flux": 0.06496536225262932, "energy": 0.03769880179200087}
{"phase": "Adam", "step": 1000, "total": 1.224075743777578, "pde": 0.2047026314124222, "constitutive": 0.0, "interface_temperature": 8.103247868348583e-07, "interface_flux": 0.06435517286293144, "energy": 0.03750110589490066}
{"phase": "Adam", "step": 1200, "total": 1.2039298569809562, "pde": 0.19604301724451584, "constitutive": 0.0, "interface_temperature": 5.668200650224284e-07, "interface_flux": 0.06355899618315365, "energy": 0.03717300578398815}
{"phase": "Adam", "step": 1400, "total": 1.1833389561627805, "pde": 0.18946811501345745, "constitutive": 0.0, "interface_temperature": 5.079439347485608e-07, "interface_flux": 0.06260882827564197, "energy": 0.036727461445815485}
{"phase": "LBFGS", "step": 250, "total": 0.09085335047373419, "pde": 0.062436389184264626, "constitutive": 0.0, "interface_temperature": 1.5326018065571987e-06, "interface_flux": 0.0023652526645242954, "energy": 0.0003231832837669408}
{"phase": "LBFGS", "step": 500, "total": 0.05717616171579188, "pde": 0.04074124371924373, "constitutive": 0.0, "interface_temperature": 2.8553383258477326e-06, "interface_flux": 0.0012781351201660081, "energy": 7.982284690403392e-05}
{"phase": "LBFGS", "step": 750, "total": 0.04946012839644746, "pde": 0.03600507687435572, "constitutive": 0.0, "interface_temperature": 3.904864278290481e-06, "interface_flux": 0.0008776526248411569, "energy": 7.736609953896894e-05}
{"phase": "LBFGS", "step": 1000, "total": 0.04317144471917791, "pde": 0.03258368012196272, "constitutive": 0.0, "interface_temperature": 2.795347205815489e-06, "interface_flux": 0.00072103421066481, "energy": 5.8207528475159786e-05}
{"phase": "LBFGS", "step": 1250, "total": 0.03960057221476323, "pde": 0.031499844335636344, "constitutive": 0.0, "interface_temperature": 1.7034073845350664e-06, "interface_flux": 0.0005886252890152741, "energy": 5.110676044390773e-05}
{"phase": "LBFGS", "step": 1500, "total": 0.0349185092133809, "pde": 0.02902069852288428, "constitutive": 0.0, "interface_temperature": 1.74205901291653e-06, "interface_flux": 0.00037682629331767633, "energy": 3.8748874440332395e-05}
{"phase": "LBFGS", "step": 1750, "total": 0.03222623159630569, "pde": 0.02716562684524865, "constitutive": 0.0, "interface_temperature": 1.3803579522119036e-06, "interface_flux": 0.00032652801824852344, "energy": 4.1496661635990906e-05}
{"phase": "LBFGS", "step": 2000, "total": 0.028705700187612523, "pde": 0.024160223713936998, "constitutive": 0.0, "interface_temperature": 1.1349508370695056e-06, "interface_flux": 0.00030067205843424766, "energy": 4.0380505226354096e-05}
{"phase": "LBFGS", "step": 2250, "total": 0.025592996226305932, "pde": 0.021912842670756695, "constitutive": 0.0, "interface_temperature": 8.515547280223444e-07, "interface_flux": 0.00025524037633876007, "energy": 2.7619506413929143e-05}
{"phase": "LBFGS", "step": 2500, "total": 0.02076632429609555, "pde": 0.016173046408743126, "constitutive": 0.0, "interface_temperature": 1.2038322609666094e-06, "interface_flux": 0.0003147136663696066, "energy": 2.4230896268975124e-05}
{"phase": "LBFGS", "step": 2750, "total": 0.013595664516315277, "pde": 0.00948746729671144, "constitutive": 0.0, "interface_temperature": 1.02486791635362e-06, "interface_flux": 0.00028876893269836425, "energy": 1.9563997626657576e-05}
{"phase": "LBFGS", "step": 3000, "total": 0.010184767831604, "pde": 0.006906494879196214, "constitutive": 0.0, "interface_temperature": 4.058722982558138e-07, "interface_flux": 0.0002858109317940179, "energy": 1.4291336211793085e-06}
{"phase": "LBFGS", "step": 3250, "total": 0.0083915557803446, "pde": 0.005179253395711033, "constitutive": 0.0, "interface_temperature": 3.66021430929209e-07, "interface_flux": 0.0002772103530275883, "energy": 7.417742342847526e-06}
{"case": "xlpe_discrete_layers", "variant": "subdomain", "Tmax_C": 36.86702912144986, "accepted": false, "seconds": 535.5619680000018}
