{"phase": "Adam", "step": 0, "total": 3290.854200883367, "pde": 52.68807889230955, "constitutive": 0.0, "interface_temperature": 0.6642731153224817, "interface_flux": 41.84347426460431, "energy": 215.54582640225325}
{"phase": "Adam", "step": 200, "total": 9.709792034286309, "pde": 5.020973742092151, "constitutive": 0.0, "interface_temperature": 0.0009529023773259346, "interface_flux": 0.21525579688631388, "energy": 0.15833579460050834}
{"phase": "Adam", "step": 400, "total": 4.783095208489349, "pde": 2.719696180228489, "constitutive": 0.0, "interface_temperature": 0.00012018723677575188, "interface_flux": 0.11813244643829796, "energy": 0.07618873271021283}
{"phase": "Adam", "step": 600, "total": 3.7262892462876955, "pde": 1.9525582909870058, "constitutive": 0.0, "interface_temperature": 5.0497189307110895e-05, "interface_flux": 0.10515295838066045, "energy": 0.06717041821869738}
{"phase": "Adam", "step": 800, "total": 3.1585839062681327, "pde": 1.5424772075041848, "constitutive": 0.0, "interface_temperature": 3.419308602219849e-05, "interface_flux": 0.09616262545347849, "energy": 0.06202873582069647}
{"phase": "Adam", "step": 1000, "total": 2.7690691829421907, "pde": 1.2750108243983747, "constitutive": 0.0, "interface_temperature": 2.7635254784618193e-05, "interface_flux": 0.08890578976204283, "energy": 0.05773652061387694}
{"phase": "Adam", "step": 1200, "total": 2.4724061905887167, "pde": 1.0814692967073685, "constitutive": 0.0, "interface_temperature": 2.5158798048567942e-05, "interface_flux": 0.08267137151752713, "energy": 0.0539064380657509}
{"phase": "Adam", "step": 1400, "total": 2.2336125387074492, "pde": 0.9363578637636162, "constitutive": 0.0, "interface_temperature": 2.445398326010715e-05, "interface_flux": 0.07696591889368179, "energy": 0.05031415027469079}
{"phase": "LBFGS", "step": 250, "total": 1.3985792928738294, "pde": 0.48696378489930503, "constitutive": 0.0, "interface_temperature": 8.67675432347582e-05, "interface_flux": 0.05287420517646425, "energy": 0.02961059129751238}
{"phase": "LBFGS", "step": 500, "total": 1.0822781752982724, "pde": 0.46695664655964353, "constitutive": 0.0, "interface_temperature": 0.00011698392496161147, "interface_flux": 0.03146851084966676, "energy": 0.01836524952803498}
{"phase": "LBFGS", "step": 750, "total": 0.820512565404875, "pde": 0.41359892151935995, "constitutive": 0.0, "interface_temperature": 8.869481668568983e-05, "interface_flux": 0.021623848089372157, "energy": 0.010198034630610375}
{"phase": "LBFGS", "step": 1000, "total": 0.6081456101580143, "pde": 0.3136429701899935, "constitutive": 0.0, "interface_temperature": 7.292000963984892e-05, "interface_flux": 0.01615478369544619, "energy": 0.006003479337370995}
{"phase": "LBFGS", "step": 1250, "total": 0.4508918266862306, "pde": 0.22175852128106188, "constitutive": 0.0, "interface_temperature": 7.013154688516035e-05, "interface_flux": 0.01190966353361516, "energy": 0.003990512318385681}
{"phase": "LBFGS", "step": 1500, "total": 0.34540432372328544, "pde": 0.16944668855863437, "constitutive": 0.0, "interface_temperature": 5.643352807210352e-05, "interface_flux": 0.009239941635620806, "energy": 0.002712469073633952}
{"phase": "LBFGS", "step": 1750, "total": 0.27081053344676354, "pde": 0.12901657336026645, "constitutive": 0.0, "interface_temperature": 4.606039693801718e-05, "interface_flux": 0.007768972291725615, "energy": 0.0018043840231223743}
{"phase": "LBFGS", "step": 2000, "total": 0.22104499615780984, "pde": 0.1160035025848318, "constitutive": 0.0, "interface_temperature": 3.86907758640552e-05, "interface_flux": 0.005494127977965276, "energy": 0.0011409437929270076}
{"phase": "LBFGS", "step": 2250, "total": 0.17984716364471903, "pde": 0.1001192130697268, "constitutive": 0.0, "interface_temperature": 3.2163347090508275e-05, "interface_flux": 0.004067368606499465, "energy": 0.0006890917419489282}
{"phase": "LBFGS", "step": 2500, "total": 0.15454295240764807, "pde": 0.0903299212625425, "constitutive": 0.0, "interface_temperature": 2.791272332510314e-05, "interface_flux": 0.0029739513621481442, "energy": 0.0006560794198520994}
{"phase": "LBFGS", "step": 2750, "total": 0.13142929528330585, "pde": 0.07776475251529359, "constitutive": 0.0, "interface_temperature": 2.373260814081379e-05, "interface_flux": 0.0024665128073290423, "energy": 0.0005266806553908033}
{"phase": "LBFGS", "step": 3000, "total": 0.11293634763050878, "pde": 0.06804618054877401, "constitutive": 0.0, "interface_temperature": 2.091553564589216e-05, "interface_flux": 0.00209803916312061, "energy": 0.0002994239804636504}
{"phase": "LBFGS", "step": 3250, "total": 0.09914702248850589, "pde": 0.05922326402545656, "constitutive": 0.0, "interface_temperature": 1.8674887404480964e-05, "interface_flux": 0.0018999870836340282, "energy": 0.00022490002222280838}
{"case": "kim_sand", "variant": "subdomain", "Tmax_C": 43.40036827404991, "accepted": false, "seconds": 5559.828720999998}
