{"phase": "Adam", "step": 0, "total": 21768.133550805876, "pde": 7708.839367711279, "constitutive": 0.0, "interface_temperature": 0.009479468512910377, "interface_flux": 21.735510350015396, "energy": 1383.2459611081533}
{"phase": "Adam", "step": 200, "total": 5.869372091537743, "pde": 4.7451744907404505, "constitutive": 0.0, "interface_temperature": 7.332111529020442e-06, "interface_flux": 0.06973390107867745, "energy": 0.04195264784814969}
{"phase": "Adam", "step": 400, "total": 2.250825403389635, "pde": 0.9852314366581153, "constitutive": 0.0, "interface_temperature": 2.6958364785065334e-06, "interface_flux": 0.07890222832265334, "energy": 0.04738758470264795}
{"phase": "Adam", "step": 600, "total": 2.000413801470308, "pde": 0.717454446544295, "constitutive": 0.0, "interface_temperature": 1.1959758684381517e-06, "interface_flux": 0.08050489266980564, "energy": 0.047671445235951855}
{"phase": "Adam", "step": 800, "total": 1.8568517961511528, "pde": 0.5770200597692893, "constitutive": 0.0, "interface_temperature": 8.280352048655469e-07, "interface_flux": 0.0806090774710575, "energy": 0.047291292646642315}
{"phase": "Adam", "step": 1000, "total": 1.7426222671146756, "pde": 0.47289565592943156, "constitutive": 0.0, "interface_temperature": 6.576001563825686e-07, "interface_flux": 0.08011009357961514, "energy": 0.04679680752327103}
{"phase": "Adam", "step": 1200, "total": 1.644979203200251, "pde": 0.3916825969015615, "constitutive": 0.0, "interface_temperature": 5.22815611822618e-07, "interface_flux": 0.07908448483811006, "energy": 0.04619289423057663}
{"phase": "Adam", "step": 1400, "total": 1.5597077633895267, "pde": 0.3276058626418873, "constitutive": 0.0, "interface_temperature": 4.2152969754444827e-07, "interface_flux": 0.07770400568109395, "energy": 0.04546403142391555}
{"phase": "LBFGS", "step": 250, "total": 0.2626349771483684, "pde": 0.19718910657773503, "constitutive": 0.0, "interface_temperature": 7.635235720306424e-06, "interface_flux": 0.004234863384125244, "energy": 0.0015462001009074536}
{"phase": "LBFGS", "step": 500, "total": 0.08061490301431853, "pde": 0.06271154949221805, "constitutive": 0.0, "interface_temperature": 7.319141570985184e-07, "interface_flux": 0.0011544322059216954, "energy": 0.000562711730578503}
{"phase": "LBFGS", "step": 750, "total": 0.04831032125517154, "pde": 0.04299936932591128, "constitutive": 0.0, "interface_temperature": 3.050204580662014e-07, "interface_flux": 0.00039442722853816467, "energy": 0.00010616591858124142}
{"phase": "LBFGS", "step": 1000, "total": 0.037112241170954165, "pde": 0.032974655598747696, "constitutive": 0.0, "interface_temperature": 3.020246536928397e-07, "interface_flux": 0.0002514163403565144, "energy": 0.00013213975149484815}
{"phase": "LBFGS", "step": 1250, "total": 0.03206125583724542, "pde": 0.030081282817968718, "constitutive": 0.0, "interface_temperature": 2.5551516505675146e-07, "interface_flux": 0.00013693909315225735, "energy": 3.55066922697379e-05}
{"phase": "LBFGS", "step": 1500, "total": 0.03001280916223175, "pde": 0.028331895561559038, "constitutive": 0.0, "interface_temperature": 2.0049174280376262e-07, "interface_flux": 0.00011467833410682692, "energy": 3.3363851680067954e-05}
{"phase": "LBFGS", "step": 1750, "total": 0.02771159398963076, "pde": 0.026482597821576245, "constitutive": 0.0, "interface_temperature": 2.8475462575985584e-07, "interface_flux": 7.144314973631733e-05, "energy": 2.2981004493148697e-05}
{"phase": "LBFGS", "step": 2000, "total": 0.027057580644966914, "pde": 0.025905674084019364, "constitutive": 0.0, "interface_temperature": 2.2734369102465958e-07, "interface_flux": 6.494285024864868e-05, "energy": 2.7513436743640482e-05}
{"phase": "LBFGS", "step": 2250, "total": 0.026309459444854858, "pde": 0.02529653660207913, "constitutive": 0.0, "interface_temperature": 1.4434247083923595e-07, "interface_flux": 6.371684972293666e-05, "energy": 2.3141187470712627e-05}
{"phase": "LBFGS", "step": 2500, "total": 0.025639296982046287, "pde": 0.024749351459292922, "constitutive": 0.0, "interface_temperature": 2.174768972914411e-07, "interface_flux": 5.09959021233297e-05, "energy": 1.6250960422862708e-05}
{"phase": "LBFGS", "step": 2750, "total": 0.02508030005424516, "pde": 0.024068789557160596, "constitutive": 0.0, "interface_temperature": 1.9458323170463422e-07, "interface_flux": 5.491556781788415e-05, "energy": 2.6777158720109072e-05}
{"phase": "LBFGS", "step": 3000, "total": 0.024224921015020044, "pde": 0.023399789487472865, "constitutive": 0.0, "interface_temperature": 1.9132843401501754e-07, "interface_flux": 3.782847044067049e-05, "energy": 2.555183891254587e-05}
{"phase": "LBFGS", "step": 3250, "total": 0.02367261914886789, "pde": 0.022789987754433364, "constitutive": 0.0, "interface_temperature": 1.9000455754820993e-07, "interface_flux": 5.041326987760071e-05, "energy": 1.884941381103086e-05}
{"case": "xlpe_dry_far", "variant": "subdomain", "Tmax_C": 36.5596868332921, "accepted": true, "seconds": 537.4135017000008}
