{"phase": "Adam", "step": 0, "total": 74771.0389129162, "pde": 68360.13786674704, "constitutive": 0.0, "interface_temperature": 0.9039167151187386, "interface_flux": 11.954248787913961, "energy": 620.0966886778157}
{"phase": "Adam", "step": 200, "total": 5.562227627418615, "pde": 4.4695680043739525, "constitutive": 0.0, "interface_temperature": 0.002389320526279606, "interface_flux": 0.06415063579517119, "energy": 0.021222121246498946}
{"phase": "Adam", "step": 400, "total": 3.0670853978962374, "pde": 1.9787219514012002, "constitutive": 0.0, "interface_temperature": 0.0007951732325481703, "interface_flux": 0.07144269440447451, "energy": 0.029441917919547488}
{"phase": "Adam", "step": 600, "total": 1.9474412563232375, "pde": 0.8243121353032318, "constitutive": 0.0, "interface_temperature": 0.00024242709959068504, "interface_flux": 0.07602494531285879, "energy": 0.03386369579323494}
{"phase": "Adam", "step": 800, "total": 1.513612912322896, "pde": 0.3954540364916527, "constitutive": 0.0, "interface_temperature": 9.213931828815955e-05, "interface_flux": 0.07641375152172797, "energy": 0.034480742878514783}
{"phase": "Adam", "step": 1000, "total": 1.3490135391649503, "pde": 0.2628219389100363, "constitutive": 0.0, "interface_temperature": 4.788558447364604e-05, "interface_flux": 0.07451732349966332, "energy": 0.03362298068109162}
{"phase": "Adam", "step": 1200, "total": 1.272415621224444, "pde": 0.2248471504228502, "constitutive": 0.0, "interface_temperature": 2.9249441641369533e-05, "interface_flux": 0.07179263416269786, "energy": 0.03267171850104783}
{"phase": "Adam", "step": 1400, "total": 1.2191555861753922, "pde": 0.20929782339221306, "constitutive": 0.0, "interface_temperature": 1.9884639225937266e-05, "interface_flux": 0.06884952966593805, "energy": 0.03193740022012049}
{"phase": "LBFGS", "step": 250, "total": 0.09067835790310332, "pde": 0.06126352429305115, "constitutive": 0.0, "interface_temperature": 1.6938903289991212e-05, "interface_flux": 0.002203727274588373, "energy": 0.000568367053516932}
{"phase": "LBFGS", "step": 500, "total": 0.053782148371956814, "pde": 0.043544628080780405, "constitutive": 0.0, "interface_temperature": 2.698293645748609e-05, "interface_flux": 0.0006720929969696525, "energy": 8.182966757312724e-05}
{"phase": "LBFGS", "step": 750, "total": 0.043514147315577095, "pde": 0.03291882787122041, "constitutive": 0.0, "interface_temperature": 3.1028291926120005e-05, "interface_flux": 0.0006539118345858893, "energy": 9.53371905885791e-05}
{"phase": "LBFGS", "step": 1000, "total": 0.03829310838175999, "pde": 0.03041782030370031, "constitutive": 0.0, "interface_temperature": 3.120102955755377e-05, "interface_flux": 0.0004048265793809298, "energy": 7.069193284950092e-05}
{"phase": "LBFGS", "step": 1250, "total": 0.03518090324540344, "pde": 0.02856523716543891, "constitutive": 0.0, "interface_temperature": 3.168781208772563e-05, "interface_flux": 0.00029652189652446085, "energy": 4.81665905947361e-05}
{"phase": "LBFGS", "step": 1500, "total": 0.0327409748246047, "pde": 0.02742195743255629, "constitutive": 0.0, "interface_temperature": 2.6655992457068697e-05, "interface_flux": 0.0002395061619275977, "energy": 2.5835652706556737e-05}
{"phase": "LBFGS", "step": 1750, "total": 0.030019738532608177, "pde": 0.025315733052013872, "constitutive": 0.0, "interface_temperature": 1.9379754960141544e-05, "interface_flux": 0.0002095528249192281, "energy": 6.705017353878702e-05}
{"phase": "LBFGS", "step": 2000, "total": 0.02733316013613945, "pde": 0.02304469119815227, "constitutive": 0.0, "interface_temperature": 1.3239618041299428e-05, "interface_flux": 0.00027626830113632955, "energy": 2.0182412249394046e-05}
{"phase": "LBFGS", "step": 2250, "total": 0.025469334606119783, "pde": 0.021717371851987424, "constitutive": 0.0, "interface_temperature": 1.0275723376005539e-05, "interface_flux": 0.000252952890769032, "energy": 1.9486150884148792e-05}
{"phase": "LBFGS", "step": 2500, "total": 0.023612969106382706, "pde": 0.01963610831079625, "constitutive": 0.0, "interface_temperature": 1.1739698044316821e-05, "interface_flux": 0.0002523166068734221, "energy": 2.7972492242055635e-05}
{"phase": "LBFGS", "step": 2750, "total": 0.021453176237206367, "pde": 0.01742220811070616, "constitutive": 0.0, "interface_temperature": 1.2909053170607522e-05, "interface_flux": 0.00024064971018841153, "energy": 3.3356570755533876e-05}
{"phase": "LBFGS", "step": 3000, "total": 0.01778813367041622, "pde": 0.014105166857567452, "constitutive": 0.0, "interface_temperature": 1.1974073042930454e-05, "interface_flux": 0.00022208755977693275, "energy": 2.646839107863964e-05}
{"phase": "LBFGS", "step": 3250, "total": 0.01382691146384374, "pde": 0.010889918425214268, "constitutive": 0.0, "interface_temperature": 1.080284365112835e-05, "interface_flux": 0.0001687995286470266, "energy": 1.6871338704637157e-05}
{"case": "xlpe_discrete_layers", "variant": "subdomain", "Tmax_C": 37.14718797042909, "accepted": false, "seconds": 505.8844503}
